2018/12/20   03:37:54am   Notify   54.190.29.18/index.php?g=Index&c=Pay&a=notify_wa_return--[]
2018/12/20   07:56:07pm   Notify   54.190.29.18/index.php?g=Index&c=Pay&a=notify_wa_return--{"test_1":"1","test_2":"2"}
2018/12/20   08:01:07pm   Notify   54.190.29.18/index.php?g=Index&c=Pay&a=notify_wa_return--{"test_1":"1","test_2":"2"}
2018/12/20   08:02:07pm   Notify   54.190.29.18/index.php?g=Index&c=Pay&a=notify_wa_return--{"test_1":"1","test_2":"2"}
2018/12/20   08:04:08pm   Notify   54.190.29.18/index.php?g=Index&c=Pay&a=notify_wa_return--{"payOrderId":"P00181221115941673237009238","amount":"1","mchId":"10000029","mchOrderNo":"vicislandshop_11377_1545364781","subject":"11377","paySuccTime":"1545364782566","sign":"07047CB22606630F0707B8BEA87C89DD","channelOrderNo":"4200000235201812217167825491","backType":"2","param1":"","param2":"","clientIp":"127.0.0.1","currency":"CAD","device":"WEB","channelId":"WX_NATIVE","status":"2"}
2018/12/20   08:07:08pm   Notify   54.190.29.18/index.php?g=Index&c=Pay&a=notify_wa_return--{"payOrderId":"P00181221115941673237009238","amount":"1","mchId":"10000029","mchOrderNo":"vicislandshop_11377_1545364781","subject":"11377","paySuccTime":"1545364782566","sign":"07047CB22606630F0707B8BEA87C89DD","channelOrderNo":"4200000235201812217167825491","backType":"2","param1":"","param2":"","clientIp":"127.0.0.1","currency":"CAD","device":"WEB","channelId":"WX_NATIVE","status":"2"}
2018/12/20   08:07:25pm   Notify   54.190.29.18/index.php?g=Index&c=Pay&a=notify_wa_return--{"payOrderId":"P00181221120612723574009245","amount":"1","mchId":"10000029","mchOrderNo":"Tuttishop_11377_1545365171","subject":"11377","paySuccTime":"1545365173697","sign":"8B1F3E96E131A965294ED20D47D2A0BA","channelOrderNo":"4200000229201812214463257772","backType":"2","param1":"","param2":"","clientIp":"127.0.0.1","currency":"CAD","device":"WEB","channelId":"WX_NATIVE","status":"2"}
2018/12/20   08:08:25pm   Notify   54.190.29.18/index.php?g=Index&c=Pay&a=notify_wa_return--{"payOrderId":"P00181221120612723574009245","amount":"1","mchId":"10000029","mchOrderNo":"Tuttishop_11377_1545365171","subject":"11377","paySuccTime":"1545365173697","sign":"8B1F3E96E131A965294ED20D47D2A0BA","channelOrderNo":"4200000229201812214463257772","backType":"2","param1":"","param2":"","clientIp":"127.0.0.1","currency":"CAD","device":"WEB","channelId":"WX_NATIVE","status":"2"}
2018/12/20   08:10:26pm   Notify   54.190.29.18/index.php?g=Index&c=Pay&a=notify_wa_return--{"payOrderId":"P00181221120612723574009245","amount":"1","mchId":"10000029","mchOrderNo":"Tuttishop_11377_1545365171","subject":"11377","paySuccTime":"1545365173697","sign":"8B1F3E96E131A965294ED20D47D2A0BA","channelOrderNo":"4200000229201812214463257772","backType":"2","param1":"","param2":"","clientIp":"127.0.0.1","currency":"CAD","device":"WEB","channelId":"WX_NATIVE","status":"2"}
2018/12/20   08:11:09pm   Notify   54.190.29.18/index.php?g=Index&c=Pay&a=notify_wa_return--{"payOrderId":"P00181221115941673237009238","amount":"1","mchId":"10000029","mchOrderNo":"vicislandshop_11377_1545364781","subject":"11377","paySuccTime":"1545364782566","sign":"07047CB22606630F0707B8BEA87C89DD","channelOrderNo":"4200000235201812217167825491","backType":"2","param1":"","param2":"","clientIp":"127.0.0.1","currency":"CAD","device":"WEB","channelId":"WX_NATIVE","status":"2"}
2018/12/20   08:13:26pm   Notify   54.190.29.18/index.php?g=Index&c=Pay&a=notify_wa_return--{"payOrderId":"P00181221120612723574009245","amount":"1","mchId":"10000029","mchOrderNo":"Tuttishop_11377_1545365171","subject":"11377","paySuccTime":"1545365173697","sign":"8B1F3E96E131A965294ED20D47D2A0BA","channelOrderNo":"4200000229201812214463257772","backType":"2","param1":"","param2":"","clientIp":"127.0.0.1","currency":"CAD","device":"WEB","channelId":"WX_NATIVE","status":"2"}
2018/12/20   08:16:09pm   Notify   54.190.29.18/index.php?g=Index&c=Pay&a=notify_wa_return--{"payOrderId":"P00181221115941673237009238","amount":"1","mchId":"10000029","mchOrderNo":"vicislandshop_11377_1545364781","subject":"11377","paySuccTime":"1545364782566","sign":"07047CB22606630F0707B8BEA87C89DD","channelOrderNo":"4200000235201812217167825491","backType":"2","param1":"","param2":"","clientIp":"127.0.0.1","currency":"CAD","device":"WEB","channelId":"WX_NATIVE","status":"2"}
2018/12/20   08:17:27pm   Notify   54.190.29.18/index.php?g=Index&c=Pay&a=notify_wa_return--{"payOrderId":"P00181221120612723574009245","amount":"1","mchId":"10000029","mchOrderNo":"Tuttishop_11377_1545365171","subject":"11377","paySuccTime":"1545365173697","sign":"8B1F3E96E131A965294ED20D47D2A0BA","channelOrderNo":"4200000229201812214463257772","backType":"2","param1":"","param2":"","clientIp":"127.0.0.1","currency":"CAD","device":"WEB","channelId":"WX_NATIVE","status":"2"}
2018/12/20   08:22:27pm   Notify   54.190.29.18/index.php?g=Index&c=Pay&a=notify_wa_return--{"payOrderId":"P00181221120612723574009245","amount":"1","mchId":"10000029","mchOrderNo":"Tuttishop_11377_1545365171","subject":"11377","paySuccTime":"1545365173697","sign":"8B1F3E96E131A965294ED20D47D2A0BA","channelOrderNo":"4200000229201812214463257772","backType":"2","param1":"","param2":"","clientIp":"127.0.0.1","currency":"CAD","device":"WEB","channelId":"WX_NATIVE","status":"2"}
2018/12/20   10:12:21pm   Notify   54.190.29.18/index.php?g=Index&c=Pay&a=notify_wa_return--{"payOrderId":"P00181221140838553334009319","amount":"1","mchId":"10000029","mchOrderNo":"Tuttishop_11377_1545372518","subject":"Tutti Order 11377","paySuccTime":"1545372518567","sign":"8A22E8F7DC209C11438B3ECA8EEAB713","channelOrderNo":"2018122122001343950505016972","backType":"2","param1":"","param2":"","clientIp":"127.0.0.1","currency":"CAD","device":"WEB","channelId":"ALIPAY_PC","status":"2"}
2018/12/20   10:12:30pm   Notify   54.190.29.18/index.php?g=Index&c=Pay&a=notify_wa_return--[]
2018/12/20   10:13:22pm   Notify   54.190.29.18/index.php?g=Index&c=Pay&a=notify_wa_return--{"payOrderId":"P00181221140838553334009319","amount":"1","mchId":"10000029","mchOrderNo":"Tuttishop_11377_1545372518","subject":"Tutti Order 11377","paySuccTime":"1545372518567","sign":"8A22E8F7DC209C11438B3ECA8EEAB713","channelOrderNo":"2018122122001343950505016972","backType":"2","param1":"","param2":"","clientIp":"127.0.0.1","currency":"CAD","device":"WEB","channelId":"ALIPAY_PC","status":"2"}
2018/12/20   10:15:22pm   Notify   54.190.29.18/index.php?g=Index&c=Pay&a=notify_wa_return--{"payOrderId":"P00181221140838553334009319","amount":"1","mchId":"10000029","mchOrderNo":"Tuttishop_11377_1545372518","subject":"Tutti Order 11377","paySuccTime":"1545372518567","sign":"8A22E8F7DC209C11438B3ECA8EEAB713","channelOrderNo":"2018122122001343950505016972","backType":"2","param1":"","param2":"","clientIp":"127.0.0.1","currency":"CAD","device":"WEB","channelId":"ALIPAY_PC","status":"2"}
2018/12/20   10:16:19pm   Notify   54.190.29.18/index.php?g=Index&c=Pay&a=notify_wa_return--[]
2018/12/20   10:18:23pm   Notify   54.190.29.18/index.php?g=Index&c=Pay&a=notify_wa_return--{"payOrderId":"P00181221140838553334009319","amount":"1","mchId":"10000029","mchOrderNo":"Tuttishop_11377_1545372518","subject":"Tutti Order 11377","paySuccTime":"1545372518567","sign":"8A22E8F7DC209C11438B3ECA8EEAB713","channelOrderNo":"2018122122001343950505016972","backType":"2","param1":"","param2":"","clientIp":"127.0.0.1","currency":"CAD","device":"WEB","channelId":"ALIPAY_PC","status":"2"}
2018/12/20   10:22:23pm   Notify   54.190.29.18/index.php?g=Index&c=Pay&a=notify_wa_return--{"payOrderId":"P00181221140838553334009319","amount":"1","mchId":"10000029","mchOrderNo":"Tuttishop_11377_1545372518","subject":"Tutti Order 11377","paySuccTime":"1545372518567","sign":"8A22E8F7DC209C11438B3ECA8EEAB713","channelOrderNo":"2018122122001343950505016972","backType":"2","param1":"","param2":"","clientIp":"127.0.0.1","currency":"CAD","device":"WEB","channelId":"ALIPAY_PC","status":"2"}
2018/12/20   10:27:24pm   Notify   54.190.29.18/index.php?g=Index&c=Pay&a=notify_wa_return--{"payOrderId":"P00181221140838553334009319","amount":"1","mchId":"10000029","mchOrderNo":"Tuttishop_11377_1545372518","subject":"Tutti Order 11377","paySuccTime":"1545372518567","sign":"8A22E8F7DC209C11438B3ECA8EEAB713","channelOrderNo":"2018122122001343950505016972","backType":"2","param1":"","param2":"","clientIp":"127.0.0.1","currency":"CAD","device":"WEB","channelId":"ALIPAY_PC","status":"2"}
2018/12/27   01:03:18am   Notify   54.190.29.18/notify--[]
2018/12/27   02:11:42am   Notify   54.190.29.18/notify?payOrderId=P00181227181118243820013408&amount=1&mchId=10000029&mchOrderNo=Tuttishop_11475_1545905477&subject=Tutti+Order+11475&paySuccTime=1545905478034&sign=969355D874E36828AA33DB77F89AD463&channelOrderNo=2018122722001343950543900538&backType=2&param1=&param2=&clientIp=117.136.38.35&currency=CAD&device=APP&channelId=ALIPAY_MOBILE&status=2--{"payOrderId":"P00181227181118243820013408","amount":"1","mchId":"10000029","mchOrderNo":"Tuttishop_11475_1545905477","subject":"Tutti Order 11475","paySuccTime":"1545905478034","sign":"969355D874E36828AA33DB77F89AD463","channelOrderNo":"2018122722001343950543900538","backType":"2","param1":"","param2":"","clientIp":"117.136.38.35","currency":"CAD","device":"APP","channelId":"ALIPAY_MOBILE","status":"2"}
2018/12/27   02:12:45am   Notify   54.190.29.18/notify?payOrderId=P00181227181118243820013408&amount=1&mchId=10000029&mchOrderNo=Tuttishop_11475_1545905477&subject=Tutti+Order+11475&paySuccTime=1545905478034&sign=969355D874E36828AA33DB77F89AD463&channelOrderNo=2018122722001343950543900538&backType=2&param1=&param2=&clientIp=117.136.38.35&currency=CAD&device=APP&channelId=ALIPAY_MOBILE&status=2--{"payOrderId":"P00181227181118243820013408","amount":"1","mchId":"10000029","mchOrderNo":"Tuttishop_11475_1545905477","subject":"Tutti Order 11475","paySuccTime":"1545905478034","sign":"969355D874E36828AA33DB77F89AD463","channelOrderNo":"2018122722001343950543900538","backType":"2","param1":"","param2":"","clientIp":"117.136.38.35","currency":"CAD","device":"APP","channelId":"ALIPAY_MOBILE","status":"2"}
2018/12/27   02:14:46am   Notify   54.190.29.18/notify?payOrderId=P00181227181118243820013408&amount=1&mchId=10000029&mchOrderNo=Tuttishop_11475_1545905477&subject=Tutti+Order+11475&paySuccTime=1545905478034&sign=969355D874E36828AA33DB77F89AD463&channelOrderNo=2018122722001343950543900538&backType=2&param1=&param2=&clientIp=117.136.38.35&currency=CAD&device=APP&channelId=ALIPAY_MOBILE&status=2--{"payOrderId":"P00181227181118243820013408","amount":"1","mchId":"10000029","mchOrderNo":"Tuttishop_11475_1545905477","subject":"Tutti Order 11475","paySuccTime":"1545905478034","sign":"969355D874E36828AA33DB77F89AD463","channelOrderNo":"2018122722001343950543900538","backType":"2","param1":"","param2":"","clientIp":"117.136.38.35","currency":"CAD","device":"APP","channelId":"ALIPAY_MOBILE","status":"2"}
2018/12/27   02:17:48am   Notify   54.190.29.18/notify?payOrderId=P00181227181118243820013408&amount=1&mchId=10000029&mchOrderNo=Tuttishop_11475_1545905477&subject=Tutti+Order+11475&paySuccTime=1545905478034&sign=969355D874E36828AA33DB77F89AD463&channelOrderNo=2018122722001343950543900538&backType=2&param1=&param2=&clientIp=117.136.38.35&currency=CAD&device=APP&channelId=ALIPAY_MOBILE&status=2--{"payOrderId":"P00181227181118243820013408","amount":"1","mchId":"10000029","mchOrderNo":"Tuttishop_11475_1545905477","subject":"Tutti Order 11475","paySuccTime":"1545905478034","sign":"969355D874E36828AA33DB77F89AD463","channelOrderNo":"2018122722001343950543900538","backType":"2","param1":"","param2":"","clientIp":"117.136.38.35","currency":"CAD","device":"APP","channelId":"ALIPAY_MOBILE","status":"2"}
2018/12/27   02:21:49am   Notify   54.190.29.18/notify?payOrderId=P00181227181118243820013408&amount=1&mchId=10000029&mchOrderNo=Tuttishop_11475_1545905477&subject=Tutti+Order+11475&paySuccTime=1545905478034&sign=969355D874E36828AA33DB77F89AD463&channelOrderNo=2018122722001343950543900538&backType=2&param1=&param2=&clientIp=117.136.38.35&currency=CAD&device=APP&channelId=ALIPAY_MOBILE&status=2--{"payOrderId":"P00181227181118243820013408","amount":"1","mchId":"10000029","mchOrderNo":"Tuttishop_11475_1545905477","subject":"Tutti Order 11475","paySuccTime":"1545905478034","sign":"969355D874E36828AA33DB77F89AD463","channelOrderNo":"2018122722001343950543900538","backType":"2","param1":"","param2":"","clientIp":"117.136.38.35","currency":"CAD","device":"APP","channelId":"ALIPAY_MOBILE","status":"2"}
2018/12/27   02:26:51am   Notify   54.190.29.18/notify?payOrderId=P00181227181118243820013408&amount=1&mchId=10000029&mchOrderNo=Tuttishop_11475_1545905477&subject=Tutti+Order+11475&paySuccTime=1545905478034&sign=969355D874E36828AA33DB77F89AD463&channelOrderNo=2018122722001343950543900538&backType=2&param1=&param2=&clientIp=117.136.38.35&currency=CAD&device=APP&channelId=ALIPAY_MOBILE&status=2--{"payOrderId":"P00181227181118243820013408","amount":"1","mchId":"10000029","mchOrderNo":"Tuttishop_11475_1545905477","subject":"Tutti Order 11475","paySuccTime":"1545905478034","sign":"969355D874E36828AA33DB77F89AD463","channelOrderNo":"2018122722001343950543900538","backType":"2","param1":"","param2":"","clientIp":"117.136.38.35","currency":"CAD","device":"APP","channelId":"ALIPAY_MOBILE","status":"2"}
2019/01/08   03:33:36am   Notify   54.190.29.18/notify?payOrderId=P00190108193318353030022919&amount=1&mchId=10000029&mchOrderNo=Tuttishop_11474_1546947198&subject=Tutti+Order+11474&paySuccTime=1546947199261&sign=0A51587B860B7BEBC55E15BF126231B4&channelOrderNo=4200000236201901081076299978&backType=2&param1=&param2=&clientIp=117.136.38.58&currency=CAD&device=APP&channelId=WX_APP&status=2--{"payOrderId":"P00190108193318353030022919","amount":"1","mchId":"10000029","mchOrderNo":"Tuttishop_11474_1546947198","subject":"Tutti Order 11474","paySuccTime":"1546947199261","sign":"0A51587B860B7BEBC55E15BF126231B4","channelOrderNo":"4200000236201901081076299978","backType":"2","param1":"","param2":"","clientIp":"117.136.38.58","currency":"CAD","device":"APP","channelId":"WX_APP","status":"2"}
2019/01/08   03:34:39am   Notify   54.190.29.18/notify?payOrderId=P00190108193318353030022919&amount=1&mchId=10000029&mchOrderNo=Tuttishop_11474_1546947198&subject=Tutti+Order+11474&paySuccTime=1546947199261&sign=0A51587B860B7BEBC55E15BF126231B4&channelOrderNo=4200000236201901081076299978&backType=2&param1=&param2=&clientIp=117.136.38.58&currency=CAD&device=APP&channelId=WX_APP&status=2--{"payOrderId":"P00190108193318353030022919","amount":"1","mchId":"10000029","mchOrderNo":"Tuttishop_11474_1546947198","subject":"Tutti Order 11474","paySuccTime":"1546947199261","sign":"0A51587B860B7BEBC55E15BF126231B4","channelOrderNo":"4200000236201901081076299978","backType":"2","param1":"","param2":"","clientIp":"117.136.38.58","currency":"CAD","device":"APP","channelId":"WX_APP","status":"2"}
2019/01/08   03:36:40am   Notify   54.190.29.18/notify?payOrderId=P00190108193318353030022919&amount=1&mchId=10000029&mchOrderNo=Tuttishop_11474_1546947198&subject=Tutti+Order+11474&paySuccTime=1546947199261&sign=0A51587B860B7BEBC55E15BF126231B4&channelOrderNo=4200000236201901081076299978&backType=2&param1=&param2=&clientIp=117.136.38.58&currency=CAD&device=APP&channelId=WX_APP&status=2--{"payOrderId":"P00190108193318353030022919","amount":"1","mchId":"10000029","mchOrderNo":"Tuttishop_11474_1546947198","subject":"Tutti Order 11474","paySuccTime":"1546947199261","sign":"0A51587B860B7BEBC55E15BF126231B4","channelOrderNo":"4200000236201901081076299978","backType":"2","param1":"","param2":"","clientIp":"117.136.38.58","currency":"CAD","device":"APP","channelId":"WX_APP","status":"2"}
2019/01/08   03:39:42am   Notify   54.190.29.18/notify?payOrderId=P00190108193318353030022919&amount=1&mchId=10000029&mchOrderNo=Tuttishop_11474_1546947198&subject=Tutti+Order+11474&paySuccTime=1546947199261&sign=0A51587B860B7BEBC55E15BF126231B4&channelOrderNo=4200000236201901081076299978&backType=2&param1=&param2=&clientIp=117.136.38.58&currency=CAD&device=APP&channelId=WX_APP&status=2--{"payOrderId":"P00190108193318353030022919","amount":"1","mchId":"10000029","mchOrderNo":"Tuttishop_11474_1546947198","subject":"Tutti Order 11474","paySuccTime":"1546947199261","sign":"0A51587B860B7BEBC55E15BF126231B4","channelOrderNo":"4200000236201901081076299978","backType":"2","param1":"","param2":"","clientIp":"117.136.38.58","currency":"CAD","device":"APP","channelId":"WX_APP","status":"2"}
2019/01/08   03:43:43am   Notify   54.190.29.18/notify?payOrderId=P00190108193318353030022919&amount=1&mchId=10000029&mchOrderNo=Tuttishop_11474_1546947198&subject=Tutti+Order+11474&paySuccTime=1546947199261&sign=0A51587B860B7BEBC55E15BF126231B4&channelOrderNo=4200000236201901081076299978&backType=2&param1=&param2=&clientIp=117.136.38.58&currency=CAD&device=APP&channelId=WX_APP&status=2--{"payOrderId":"P00190108193318353030022919","amount":"1","mchId":"10000029","mchOrderNo":"Tuttishop_11474_1546947198","subject":"Tutti Order 11474","paySuccTime":"1546947199261","sign":"0A51587B860B7BEBC55E15BF126231B4","channelOrderNo":"4200000236201901081076299978","backType":"2","param1":"","param2":"","clientIp":"117.136.38.58","currency":"CAD","device":"APP","channelId":"WX_APP","status":"2"}
2019/01/08   03:48:45am   Notify   54.190.29.18/notify?payOrderId=P00190108193318353030022919&amount=1&mchId=10000029&mchOrderNo=Tuttishop_11474_1546947198&subject=Tutti+Order+11474&paySuccTime=1546947199261&sign=0A51587B860B7BEBC55E15BF126231B4&channelOrderNo=4200000236201901081076299978&backType=2&param1=&param2=&clientIp=117.136.38.58&currency=CAD&device=APP&channelId=WX_APP&status=2--{"payOrderId":"P00190108193318353030022919","amount":"1","mchId":"10000029","mchOrderNo":"Tuttishop_11474_1546947198","subject":"Tutti Order 11474","paySuccTime":"1546947199261","sign":"0A51587B860B7BEBC55E15BF126231B4","channelOrderNo":"4200000236201901081076299978","backType":"2","param1":"","param2":"","clientIp":"117.136.38.58","currency":"CAD","device":"APP","channelId":"WX_APP","status":"2"}
2019/01/08   05:58:18pm   Notify   54.190.29.18/notify?payOrderId=P00190109095737893249036466&amount=1&mchId=10000029&mchOrderNo=Tuttishop_11487_1546999057&subject=Tutti+Order+11487&paySuccTime=1546999057899&sign=C09B09851ABDC5E993084A5C8A66C128&channelOrderNo=2019010922001365280568043646&backType=2&param1=&param2=&clientIp=24.108.188.216&currency=CAD&device=WEB&channelId=ALIPAY_PC&status=2--{"payOrderId":"P00190109095737893249036466","amount":"1","mchId":"10000029","mchOrderNo":"Tuttishop_11487_1546999057","subject":"Tutti Order 11487","paySuccTime":"1546999057899","sign":"C09B09851ABDC5E993084A5C8A66C128","channelOrderNo":"2019010922001365280568043646","backType":"2","param1":"","param2":"","clientIp":"24.108.188.216","currency":"CAD","device":"WEB","channelId":"ALIPAY_PC","status":"2"}
2019/01/08   05:58:24pm   Notify   54.190.29.18/notify?payOrderId=P00190109095737893249036466&amount=1&mchId=10000029&mchOrderNo=Tuttishop_11487_1546999057&subject=Tutti+Order+11487&paySuccTime=1546999098579&sign=4F94B0D21D1337E79881411CCAEA8732&channelOrderNo=2019010922001365280568043646&backType=1&param1=&param2=&clientIp=24.108.188.216&currency=CAD&device=WEB&channelId=ALIPAY_PC&status=2--{"payOrderId":"P00190109095737893249036466","amount":"1","mchId":"10000029","mchOrderNo":"Tuttishop_11487_1546999057","subject":"Tutti Order 11487","paySuccTime":"1546999098579","sign":"4F94B0D21D1337E79881411CCAEA8732","channelOrderNo":"2019010922001365280568043646","backType":"1","param1":"","param2":"","clientIp":"24.108.188.216","currency":"CAD","device":"WEB","channelId":"ALIPAY_PC","status":"2"}
2019/01/08   05:59:20pm   Notify   54.190.29.18/notify?payOrderId=P00190109095737893249036466&amount=1&mchId=10000029&mchOrderNo=Tuttishop_11487_1546999057&subject=Tutti+Order+11487&paySuccTime=1546999057899&sign=C09B09851ABDC5E993084A5C8A66C128&channelOrderNo=2019010922001365280568043646&backType=2&param1=&param2=&clientIp=24.108.188.216&currency=CAD&device=WEB&channelId=ALIPAY_PC&status=2--{"payOrderId":"P00190109095737893249036466","amount":"1","mchId":"10000029","mchOrderNo":"Tuttishop_11487_1546999057","subject":"Tutti Order 11487","paySuccTime":"1546999057899","sign":"C09B09851ABDC5E993084A5C8A66C128","channelOrderNo":"2019010922001365280568043646","backType":"2","param1":"","param2":"","clientIp":"24.108.188.216","currency":"CAD","device":"WEB","channelId":"ALIPAY_PC","status":"2"}
2019/01/08   06:01:22pm   Notify   54.190.29.18/notify?payOrderId=P00190109095737893249036466&amount=1&mchId=10000029&mchOrderNo=Tuttishop_11487_1546999057&subject=Tutti+Order+11487&paySuccTime=1546999057899&sign=C09B09851ABDC5E993084A5C8A66C128&channelOrderNo=2019010922001365280568043646&backType=2&param1=&param2=&clientIp=24.108.188.216&currency=CAD&device=WEB&channelId=ALIPAY_PC&status=2--{"payOrderId":"P00190109095737893249036466","amount":"1","mchId":"10000029","mchOrderNo":"Tuttishop_11487_1546999057","subject":"Tutti Order 11487","paySuccTime":"1546999057899","sign":"C09B09851ABDC5E993084A5C8A66C128","channelOrderNo":"2019010922001365280568043646","backType":"2","param1":"","param2":"","clientIp":"24.108.188.216","currency":"CAD","device":"WEB","channelId":"ALIPAY_PC","status":"2"}
2019/01/08   06:04:23pm   Notify   54.190.29.18/notify?payOrderId=P00190109095737893249036466&amount=1&mchId=10000029&mchOrderNo=Tuttishop_11487_1546999057&subject=Tutti+Order+11487&paySuccTime=1546999057899&sign=C09B09851ABDC5E993084A5C8A66C128&channelOrderNo=2019010922001365280568043646&backType=2&param1=&param2=&clientIp=24.108.188.216&currency=CAD&device=WEB&channelId=ALIPAY_PC&status=2--{"payOrderId":"P00190109095737893249036466","amount":"1","mchId":"10000029","mchOrderNo":"Tuttishop_11487_1546999057","subject":"Tutti Order 11487","paySuccTime":"1546999057899","sign":"C09B09851ABDC5E993084A5C8A66C128","channelOrderNo":"2019010922001365280568043646","backType":"2","param1":"","param2":"","clientIp":"24.108.188.216","currency":"CAD","device":"WEB","channelId":"ALIPAY_PC","status":"2"}
2019/01/08   06:08:25pm   Notify   54.190.29.18/notify?payOrderId=P00190109095737893249036466&amount=1&mchId=10000029&mchOrderNo=Tuttishop_11487_1546999057&subject=Tutti+Order+11487&paySuccTime=1546999057899&sign=C09B09851ABDC5E993084A5C8A66C128&channelOrderNo=2019010922001365280568043646&backType=2&param1=&param2=&clientIp=24.108.188.216&currency=CAD&device=WEB&channelId=ALIPAY_PC&status=2--{"payOrderId":"P00190109095737893249036466","amount":"1","mchId":"10000029","mchOrderNo":"Tuttishop_11487_1546999057","subject":"Tutti Order 11487","paySuccTime":"1546999057899","sign":"C09B09851ABDC5E993084A5C8A66C128","channelOrderNo":"2019010922001365280568043646","backType":"2","param1":"","param2":"","clientIp":"24.108.188.216","currency":"CAD","device":"WEB","channelId":"ALIPAY_PC","status":"2"}
2019/01/08   06:13:26pm   Notify   54.190.29.18/notify?payOrderId=P00190109095737893249036466&amount=1&mchId=10000029&mchOrderNo=Tuttishop_11487_1546999057&subject=Tutti+Order+11487&paySuccTime=1546999057899&sign=C09B09851ABDC5E993084A5C8A66C128&channelOrderNo=2019010922001365280568043646&backType=2&param1=&param2=&clientIp=24.108.188.216&currency=CAD&device=WEB&channelId=ALIPAY_PC&status=2--{"payOrderId":"P00190109095737893249036466","amount":"1","mchId":"10000029","mchOrderNo":"Tuttishop_11487_1546999057","subject":"Tutti Order 11487","paySuccTime":"1546999057899","sign":"C09B09851ABDC5E993084A5C8A66C128","channelOrderNo":"2019010922001365280568043646","backType":"2","param1":"","param2":"","clientIp":"24.108.188.216","currency":"CAD","device":"WEB","channelId":"ALIPAY_PC","status":"2"}
2019/01/09   10:20:48pm   Notify   54.190.29.18/notify?payOrderId=P00190110142018523363024310&amount=1&mchId=10000029&mchOrderNo=Tuttishop_11489_1547101216&subject=Tutti+Order+11489&paySuccTime=1547101219496&sign=6E7A119E3A1991EC1143C1326A734138&channelOrderNo=4200000278201901106274098775&backType=2&param1=&param2=&clientIp=24.108.188.216&currency=CAD&device=APP&channelId=WX_APP&status=2--{"payOrderId":"P00190110142018523363024310","amount":"1","mchId":"10000029","mchOrderNo":"Tuttishop_11489_1547101216","subject":"Tutti Order 11489","paySuccTime":"1547101219496","sign":"6E7A119E3A1991EC1143C1326A734138","channelOrderNo":"4200000278201901106274098775","backType":"2","param1":"","param2":"","clientIp":"24.108.188.216","currency":"CAD","device":"APP","channelId":"WX_APP","status":"2"}
2019/01/09   10:21:51pm   Notify   54.190.29.18/notify?payOrderId=P00190110142018523363024310&amount=1&mchId=10000029&mchOrderNo=Tuttishop_11489_1547101216&subject=Tutti+Order+11489&paySuccTime=1547101219496&sign=6E7A119E3A1991EC1143C1326A734138&channelOrderNo=4200000278201901106274098775&backType=2&param1=&param2=&clientIp=24.108.188.216&currency=CAD&device=APP&channelId=WX_APP&status=2--{"payOrderId":"P00190110142018523363024310","amount":"1","mchId":"10000029","mchOrderNo":"Tuttishop_11489_1547101216","subject":"Tutti Order 11489","paySuccTime":"1547101219496","sign":"6E7A119E3A1991EC1143C1326A734138","channelOrderNo":"4200000278201901106274098775","backType":"2","param1":"","param2":"","clientIp":"24.108.188.216","currency":"CAD","device":"APP","channelId":"WX_APP","status":"2"}
2019/01/09   10:23:53pm   Notify   54.190.29.18/notify?payOrderId=P00190110142018523363024310&amount=1&mchId=10000029&mchOrderNo=Tuttishop_11489_1547101216&subject=Tutti+Order+11489&paySuccTime=1547101219496&sign=6E7A119E3A1991EC1143C1326A734138&channelOrderNo=4200000278201901106274098775&backType=2&param1=&param2=&clientIp=24.108.188.216&currency=CAD&device=APP&channelId=WX_APP&status=2--{"payOrderId":"P00190110142018523363024310","amount":"1","mchId":"10000029","mchOrderNo":"Tuttishop_11489_1547101216","subject":"Tutti Order 11489","paySuccTime":"1547101219496","sign":"6E7A119E3A1991EC1143C1326A734138","channelOrderNo":"4200000278201901106274098775","backType":"2","param1":"","param2":"","clientIp":"24.108.188.216","currency":"CAD","device":"APP","channelId":"WX_APP","status":"2"}
2019/01/09   10:26:54pm   Notify   54.190.29.18/notify?payOrderId=P00190110142018523363024310&amount=1&mchId=10000029&mchOrderNo=Tuttishop_11489_1547101216&subject=Tutti+Order+11489&paySuccTime=1547101219496&sign=6E7A119E3A1991EC1143C1326A734138&channelOrderNo=4200000278201901106274098775&backType=2&param1=&param2=&clientIp=24.108.188.216&currency=CAD&device=APP&channelId=WX_APP&status=2--{"payOrderId":"P00190110142018523363024310","amount":"1","mchId":"10000029","mchOrderNo":"Tuttishop_11489_1547101216","subject":"Tutti Order 11489","paySuccTime":"1547101219496","sign":"6E7A119E3A1991EC1143C1326A734138","channelOrderNo":"4200000278201901106274098775","backType":"2","param1":"","param2":"","clientIp":"24.108.188.216","currency":"CAD","device":"APP","channelId":"WX_APP","status":"2"}
2019/01/09   10:28:25pm   Notify   54.190.29.18/notify?payOrderId=P00190110142811793987037943&amount=1&mchId=10000029&mchOrderNo=Tuttishop_11490_1547101691&subject=Tutti+Order+11490&paySuccTime=1547101691800&sign=427E5B7EEEF80056CDC654F3A6B43F2C&channelOrderNo=2019011022001388370529642976&backType=2&param1=&param2=&clientIp=24.108.188.216&currency=CAD&device=APP&channelId=ALIPAY_MOBILE&status=2--{"payOrderId":"P00190110142811793987037943","amount":"1","mchId":"10000029","mchOrderNo":"Tuttishop_11490_1547101691","subject":"Tutti Order 11490","paySuccTime":"1547101691800","sign":"427E5B7EEEF80056CDC654F3A6B43F2C","channelOrderNo":"2019011022001388370529642976","backType":"2","param1":"","param2":"","clientIp":"24.108.188.216","currency":"CAD","device":"APP","channelId":"ALIPAY_MOBILE","status":"2"}
2019/01/09   10:29:28pm   Notify   54.190.29.18/notify?payOrderId=P00190110142811793987037943&amount=1&mchId=10000029&mchOrderNo=Tuttishop_11490_1547101691&subject=Tutti+Order+11490&paySuccTime=1547101691800&sign=427E5B7EEEF80056CDC654F3A6B43F2C&channelOrderNo=2019011022001388370529642976&backType=2&param1=&param2=&clientIp=24.108.188.216&currency=CAD&device=APP&channelId=ALIPAY_MOBILE&status=2--{"payOrderId":"P00190110142811793987037943","amount":"1","mchId":"10000029","mchOrderNo":"Tuttishop_11490_1547101691","subject":"Tutti Order 11490","paySuccTime":"1547101691800","sign":"427E5B7EEEF80056CDC654F3A6B43F2C","channelOrderNo":"2019011022001388370529642976","backType":"2","param1":"","param2":"","clientIp":"24.108.188.216","currency":"CAD","device":"APP","channelId":"ALIPAY_MOBILE","status":"2"}
2019/01/09   10:30:56pm   Notify   54.190.29.18/notify?payOrderId=P00190110142018523363024310&amount=1&mchId=10000029&mchOrderNo=Tuttishop_11489_1547101216&subject=Tutti+Order+11489&paySuccTime=1547101219496&sign=6E7A119E3A1991EC1143C1326A734138&channelOrderNo=4200000278201901106274098775&backType=2&param1=&param2=&clientIp=24.108.188.216&currency=CAD&device=APP&channelId=WX_APP&status=2--{"payOrderId":"P00190110142018523363024310","amount":"1","mchId":"10000029","mchOrderNo":"Tuttishop_11489_1547101216","subject":"Tutti Order 11489","paySuccTime":"1547101219496","sign":"6E7A119E3A1991EC1143C1326A734138","channelOrderNo":"4200000278201901106274098775","backType":"2","param1":"","param2":"","clientIp":"24.108.188.216","currency":"CAD","device":"APP","channelId":"WX_APP","status":"2"}
2019/01/09   10:31:29pm   Notify   54.190.29.18/notify?payOrderId=P00190110142811793987037943&amount=1&mchId=10000029&mchOrderNo=Tuttishop_11490_1547101691&subject=Tutti+Order+11490&paySuccTime=1547101691800&sign=427E5B7EEEF80056CDC654F3A6B43F2C&channelOrderNo=2019011022001388370529642976&backType=2&param1=&param2=&clientIp=24.108.188.216&currency=CAD&device=APP&channelId=ALIPAY_MOBILE&status=2--{"payOrderId":"P00190110142811793987037943","amount":"1","mchId":"10000029","mchOrderNo":"Tuttishop_11490_1547101691","subject":"Tutti Order 11490","paySuccTime":"1547101691800","sign":"427E5B7EEEF80056CDC654F3A6B43F2C","channelOrderNo":"2019011022001388370529642976","backType":"2","param1":"","param2":"","clientIp":"24.108.188.216","currency":"CAD","device":"APP","channelId":"ALIPAY_MOBILE","status":"2"}
2019/01/09   10:33:02pm   Notify   54.190.29.18/notify?payOrderId=P00190110143252363178037948&amount=1&mchId=10000029&mchOrderNo=Tuttishop_11491_1547101972&subject=Tutti+Order+11491&paySuccTime=1547101973293&sign=909B666F1FF0AE59FCA18E16CD676506&channelOrderNo=4200000269201901102892613427&backType=2&param1=&param2=&clientIp=24.108.188.216&currency=CAD&device=APP&channelId=WX_APP&status=2--{"payOrderId":"P00190110143252363178037948","amount":"1","mchId":"10000029","mchOrderNo":"Tuttishop_11491_1547101972","subject":"Tutti Order 11491","paySuccTime":"1547101973293","sign":"909B666F1FF0AE59FCA18E16CD676506","channelOrderNo":"4200000269201901102892613427","backType":"2","param1":"","param2":"","clientIp":"24.108.188.216","currency":"CAD","device":"APP","channelId":"WX_APP","status":"2"}
2019/01/09   10:34:05pm   Notify   54.190.29.18/notify?payOrderId=P00190110143252363178037948&amount=1&mchId=10000029&mchOrderNo=Tuttishop_11491_1547101972&subject=Tutti+Order+11491&paySuccTime=1547101973293&sign=909B666F1FF0AE59FCA18E16CD676506&channelOrderNo=4200000269201901102892613427&backType=2&param1=&param2=&clientIp=24.108.188.216&currency=CAD&device=APP&channelId=WX_APP&status=2--{"payOrderId":"P00190110143252363178037948","amount":"1","mchId":"10000029","mchOrderNo":"Tuttishop_11491_1547101972","subject":"Tutti Order 11491","paySuccTime":"1547101973293","sign":"909B666F1FF0AE59FCA18E16CD676506","channelOrderNo":"4200000269201901102892613427","backType":"2","param1":"","param2":"","clientIp":"24.108.188.216","currency":"CAD","device":"APP","channelId":"WX_APP","status":"2"}
2019/01/09   10:34:31pm   Notify   54.190.29.18/notify?payOrderId=P00190110142811793987037943&amount=1&mchId=10000029&mchOrderNo=Tuttishop_11490_1547101691&subject=Tutti+Order+11490&paySuccTime=1547101691800&sign=427E5B7EEEF80056CDC654F3A6B43F2C&channelOrderNo=2019011022001388370529642976&backType=2&param1=&param2=&clientIp=24.108.188.216&currency=CAD&device=APP&channelId=ALIPAY_MOBILE&status=2--{"payOrderId":"P00190110142811793987037943","amount":"1","mchId":"10000029","mchOrderNo":"Tuttishop_11490_1547101691","subject":"Tutti Order 11490","paySuccTime":"1547101691800","sign":"427E5B7EEEF80056CDC654F3A6B43F2C","channelOrderNo":"2019011022001388370529642976","backType":"2","param1":"","param2":"","clientIp":"24.108.188.216","currency":"CAD","device":"APP","channelId":"ALIPAY_MOBILE","status":"2"}
2019/01/09   10:35:57pm   Notify   54.190.29.18/notify?payOrderId=P00190110142018523363024310&amount=1&mchId=10000029&mchOrderNo=Tuttishop_11489_1547101216&subject=Tutti+Order+11489&paySuccTime=1547101219496&sign=6E7A119E3A1991EC1143C1326A734138&channelOrderNo=4200000278201901106274098775&backType=2&param1=&param2=&clientIp=24.108.188.216&currency=CAD&device=APP&channelId=WX_APP&status=2--{"payOrderId":"P00190110142018523363024310","amount":"1","mchId":"10000029","mchOrderNo":"Tuttishop_11489_1547101216","subject":"Tutti Order 11489","paySuccTime":"1547101219496","sign":"6E7A119E3A1991EC1143C1326A734138","channelOrderNo":"4200000278201901106274098775","backType":"2","param1":"","param2":"","clientIp":"24.108.188.216","currency":"CAD","device":"APP","channelId":"WX_APP","status":"2"}
2019/01/09   10:36:07pm   Notify   54.190.29.18/notify?payOrderId=P00190110143252363178037948&amount=1&mchId=10000029&mchOrderNo=Tuttishop_11491_1547101972&subject=Tutti+Order+11491&paySuccTime=1547101973293&sign=909B666F1FF0AE59FCA18E16CD676506&channelOrderNo=4200000269201901102892613427&backType=2&param1=&param2=&clientIp=24.108.188.216&currency=CAD&device=APP&channelId=WX_APP&status=2--{"payOrderId":"P00190110143252363178037948","amount":"1","mchId":"10000029","mchOrderNo":"Tuttishop_11491_1547101972","subject":"Tutti Order 11491","paySuccTime":"1547101973293","sign":"909B666F1FF0AE59FCA18E16CD676506","channelOrderNo":"4200000269201901102892613427","backType":"2","param1":"","param2":"","clientIp":"24.108.188.216","currency":"CAD","device":"APP","channelId":"WX_APP","status":"2"}
2019/01/09   10:38:32pm   Notify   54.190.29.18/notify?payOrderId=P00190110142811793987037943&amount=1&mchId=10000029&mchOrderNo=Tuttishop_11490_1547101691&subject=Tutti+Order+11490&paySuccTime=1547101691800&sign=427E5B7EEEF80056CDC654F3A6B43F2C&channelOrderNo=2019011022001388370529642976&backType=2&param1=&param2=&clientIp=24.108.188.216&currency=CAD&device=APP&channelId=ALIPAY_MOBILE&status=2--{"payOrderId":"P00190110142811793987037943","amount":"1","mchId":"10000029","mchOrderNo":"Tuttishop_11490_1547101691","subject":"Tutti Order 11490","paySuccTime":"1547101691800","sign":"427E5B7EEEF80056CDC654F3A6B43F2C","channelOrderNo":"2019011022001388370529642976","backType":"2","param1":"","param2":"","clientIp":"24.108.188.216","currency":"CAD","device":"APP","channelId":"ALIPAY_MOBILE","status":"2"}
2019/01/09   10:39:08pm   Notify   54.190.29.18/notify?payOrderId=P00190110143252363178037948&amount=1&mchId=10000029&mchOrderNo=Tuttishop_11491_1547101972&subject=Tutti+Order+11491&paySuccTime=1547101973293&sign=909B666F1FF0AE59FCA18E16CD676506&channelOrderNo=4200000269201901102892613427&backType=2&param1=&param2=&clientIp=24.108.188.216&currency=CAD&device=APP&channelId=WX_APP&status=2--{"payOrderId":"P00190110143252363178037948","amount":"1","mchId":"10000029","mchOrderNo":"Tuttishop_11491_1547101972","subject":"Tutti Order 11491","paySuccTime":"1547101973293","sign":"909B666F1FF0AE59FCA18E16CD676506","channelOrderNo":"4200000269201901102892613427","backType":"2","param1":"","param2":"","clientIp":"24.108.188.216","currency":"CAD","device":"APP","channelId":"WX_APP","status":"2"}
2019/01/09   10:43:10pm   Notify   54.190.29.18/notify?payOrderId=P00190110143252363178037948&amount=1&mchId=10000029&mchOrderNo=Tuttishop_11491_1547101972&subject=Tutti+Order+11491&paySuccTime=1547101973293&sign=909B666F1FF0AE59FCA18E16CD676506&channelOrderNo=4200000269201901102892613427&backType=2&param1=&param2=&clientIp=24.108.188.216&currency=CAD&device=APP&channelId=WX_APP&status=2--{"payOrderId":"P00190110143252363178037948","amount":"1","mchId":"10000029","mchOrderNo":"Tuttishop_11491_1547101972","subject":"Tutti Order 11491","paySuccTime":"1547101973293","sign":"909B666F1FF0AE59FCA18E16CD676506","channelOrderNo":"4200000269201901102892613427","backType":"2","param1":"","param2":"","clientIp":"24.108.188.216","currency":"CAD","device":"APP","channelId":"WX_APP","status":"2"}
2019/01/09   10:43:34pm   Notify   54.190.29.18/notify?payOrderId=P00190110142811793987037943&amount=1&mchId=10000029&mchOrderNo=Tuttishop_11490_1547101691&subject=Tutti+Order+11490&paySuccTime=1547101691800&sign=427E5B7EEEF80056CDC654F3A6B43F2C&channelOrderNo=2019011022001388370529642976&backType=2&param1=&param2=&clientIp=24.108.188.216&currency=CAD&device=APP&channelId=ALIPAY_MOBILE&status=2--{"payOrderId":"P00190110142811793987037943","amount":"1","mchId":"10000029","mchOrderNo":"Tuttishop_11490_1547101691","subject":"Tutti Order 11490","paySuccTime":"1547101691800","sign":"427E5B7EEEF80056CDC654F3A6B43F2C","channelOrderNo":"2019011022001388370529642976","backType":"2","param1":"","param2":"","clientIp":"24.108.188.216","currency":"CAD","device":"APP","channelId":"ALIPAY_MOBILE","status":"2"}
2019/01/09   10:48:11pm   Notify   54.190.29.18/notify?payOrderId=P00190110143252363178037948&amount=1&mchId=10000029&mchOrderNo=Tuttishop_11491_1547101972&subject=Tutti+Order+11491&paySuccTime=1547101973293&sign=909B666F1FF0AE59FCA18E16CD676506&channelOrderNo=4200000269201901102892613427&backType=2&param1=&param2=&clientIp=24.108.188.216&currency=CAD&device=APP&channelId=WX_APP&status=2--{"payOrderId":"P00190110143252363178037948","amount":"1","mchId":"10000029","mchOrderNo":"Tuttishop_11491_1547101972","subject":"Tutti Order 11491","paySuccTime":"1547101973293","sign":"909B666F1FF0AE59FCA18E16CD676506","channelOrderNo":"4200000269201901102892613427","backType":"2","param1":"","param2":"","clientIp":"24.108.188.216","currency":"CAD","device":"APP","channelId":"WX_APP","status":"2"}
2019/01/09   10:52:33pm   Notify   54.190.29.18/notify?payOrderId=P00190110145207573160024314&amount=1&mchId=10000029&mchOrderNo=Tuttishop_11492_1547103127&subject=Tutti+Order+11492&paySuccTime=1547103128561&sign=1A3CBADF507517DF9185FE325826B96B&channelOrderNo=4200000287201901108706863215&backType=2&param1=&param2=&clientIp=24.108.188.216&currency=CAD&device=WEB&channelId=WX_NATIVE&status=2--{"payOrderId":"P00190110145207573160024314","amount":"1","mchId":"10000029","mchOrderNo":"Tuttishop_11492_1547103127","subject":"Tutti Order 11492","paySuccTime":"1547103128561","sign":"1A3CBADF507517DF9185FE325826B96B","channelOrderNo":"4200000287201901108706863215","backType":"2","param1":"","param2":"","clientIp":"24.108.188.216","currency":"CAD","device":"WEB","channelId":"WX_NATIVE","status":"2"}
2019/01/09   10:53:35pm   Notify   54.190.29.18/notify?payOrderId=P00190110145207573160024314&amount=1&mchId=10000029&mchOrderNo=Tuttishop_11492_1547103127&subject=Tutti+Order+11492&paySuccTime=1547103128561&sign=1A3CBADF507517DF9185FE325826B96B&channelOrderNo=4200000287201901108706863215&backType=2&param1=&param2=&clientIp=24.108.188.216&currency=CAD&device=WEB&channelId=WX_NATIVE&status=2--{"payOrderId":"P00190110145207573160024314","amount":"1","mchId":"10000029","mchOrderNo":"Tuttishop_11492_1547103127","subject":"Tutti Order 11492","paySuccTime":"1547103128561","sign":"1A3CBADF507517DF9185FE325826B96B","channelOrderNo":"4200000287201901108706863215","backType":"2","param1":"","param2":"","clientIp":"24.108.188.216","currency":"CAD","device":"WEB","channelId":"WX_NATIVE","status":"2"}
2019/01/09   10:55:09pm   Notify   54.190.29.18/notify?payOrderId=P00190110145456403759024315&amount=1&mchId=10000029&mchOrderNo=Tuttishop_11494_1547103295&subject=Tutti+Order+11494&paySuccTime=1547103297372&sign=0585D663CA16F015AB05D4F7739EE1B6&channelOrderNo=4200000262201901100905995278&backType=2&param1=&param2=&clientIp=24.108.188.216&currency=CAD&device=WEB&channelId=WX_NATIVE&status=2--{"payOrderId":"P00190110145456403759024315","amount":"1","mchId":"10000029","mchOrderNo":"Tuttishop_11494_1547103295","subject":"Tutti Order 11494","paySuccTime":"1547103297372","sign":"0585D663CA16F015AB05D4F7739EE1B6","channelOrderNo":"4200000262201901100905995278","backType":"2","param1":"","param2":"","clientIp":"24.108.188.216","currency":"CAD","device":"WEB","channelId":"WX_NATIVE","status":"2"}
2019/01/09   10:55:37pm   Notify   54.190.29.18/notify?payOrderId=P00190110145207573160024314&amount=1&mchId=10000029&mchOrderNo=Tuttishop_11492_1547103127&subject=Tutti+Order+11492&paySuccTime=1547103128561&sign=1A3CBADF507517DF9185FE325826B96B&channelOrderNo=4200000287201901108706863215&backType=2&param1=&param2=&clientIp=24.108.188.216&currency=CAD&device=WEB&channelId=WX_NATIVE&status=2--{"payOrderId":"P00190110145207573160024314","amount":"1","mchId":"10000029","mchOrderNo":"Tuttishop_11492_1547103127","subject":"Tutti Order 11492","paySuccTime":"1547103128561","sign":"1A3CBADF507517DF9185FE325826B96B","channelOrderNo":"4200000287201901108706863215","backType":"2","param1":"","param2":"","clientIp":"24.108.188.216","currency":"CAD","device":"WEB","channelId":"WX_NATIVE","status":"2"}
2019/01/09   10:56:12pm   Notify   54.190.29.18/notify?payOrderId=P00190110145456403759024315&amount=1&mchId=10000029&mchOrderNo=Tuttishop_11494_1547103295&subject=Tutti+Order+11494&paySuccTime=1547103297372&sign=0585D663CA16F015AB05D4F7739EE1B6&channelOrderNo=4200000262201901100905995278&backType=2&param1=&param2=&clientIp=24.108.188.216&currency=CAD&device=WEB&channelId=WX_NATIVE&status=2--{"payOrderId":"P00190110145456403759024315","amount":"1","mchId":"10000029","mchOrderNo":"Tuttishop_11494_1547103295","subject":"Tutti Order 11494","paySuccTime":"1547103297372","sign":"0585D663CA16F015AB05D4F7739EE1B6","channelOrderNo":"4200000262201901100905995278","backType":"2","param1":"","param2":"","clientIp":"24.108.188.216","currency":"CAD","device":"WEB","channelId":"WX_NATIVE","status":"2"}
2019/01/09   10:57:36pm   Notify   54.190.29.18/notify?payOrderId=P00190110145705553116037958&amount=1&mchId=10000029&mchOrderNo=Tuttishop_11495_1547103425&subject=Tutti+Order+11495&paySuccTime=1547103425560&sign=14D5E69462DDCF98DAAF0FA40ACFDD3A&channelOrderNo=2019011022001388370529678789&backType=2&param1=&param2=&clientIp=24.108.188.216&currency=CAD&device=WEB&channelId=ALIPAY_PC&status=2--{"payOrderId":"P00190110145705553116037958","amount":"1","mchId":"10000029","mchOrderNo":"Tuttishop_11495_1547103425","subject":"Tutti Order 11495","paySuccTime":"1547103425560","sign":"14D5E69462DDCF98DAAF0FA40ACFDD3A","channelOrderNo":"2019011022001388370529678789","backType":"2","param1":"","param2":"","clientIp":"24.108.188.216","currency":"CAD","device":"WEB","channelId":"ALIPAY_PC","status":"2"}
2019/01/09   10:57:42pm   Notify   54.190.29.18/notify?payOrderId=P00190110145705553116037958&amount=1&mchId=10000029&mchOrderNo=Tuttishop_11495_1547103425&subject=Tutti+Order+11495&paySuccTime=1547103456565&sign=35F55790C6B6CD76D98DEEB3DAF53CE0&channelOrderNo=2019011022001388370529678789&backType=1&param1=&param2=&clientIp=24.108.188.216&currency=CAD&device=WEB&channelId=ALIPAY_PC&status=2--{"payOrderId":"P00190110145705553116037958","amount":"1","mchId":"10000029","mchOrderNo":"Tuttishop_11495_1547103425","subject":"Tutti Order 11495","paySuccTime":"1547103456565","sign":"35F55790C6B6CD76D98DEEB3DAF53CE0","channelOrderNo":"2019011022001388370529678789","backType":"1","param1":"","param2":"","clientIp":"24.108.188.216","currency":"CAD","device":"WEB","channelId":"ALIPAY_PC","status":"2"}
2019/01/09   10:58:14pm   Notify   54.190.29.18/notify?payOrderId=P00190110145456403759024315&amount=1&mchId=10000029&mchOrderNo=Tuttishop_11494_1547103295&subject=Tutti+Order+11494&paySuccTime=1547103297372&sign=0585D663CA16F015AB05D4F7739EE1B6&channelOrderNo=4200000262201901100905995278&backType=2&param1=&param2=&clientIp=24.108.188.216&currency=CAD&device=WEB&channelId=WX_NATIVE&status=2--{"payOrderId":"P00190110145456403759024315","amount":"1","mchId":"10000029","mchOrderNo":"Tuttishop_11494_1547103295","subject":"Tutti Order 11494","paySuccTime":"1547103297372","sign":"0585D663CA16F015AB05D4F7739EE1B6","channelOrderNo":"4200000262201901100905995278","backType":"2","param1":"","param2":"","clientIp":"24.108.188.216","currency":"CAD","device":"WEB","channelId":"WX_NATIVE","status":"2"}
2019/01/09   10:58:38pm   Notify   54.190.29.18/notify?payOrderId=P00190110145705553116037958&amount=1&mchId=10000029&mchOrderNo=Tuttishop_11495_1547103425&subject=Tutti+Order+11495&paySuccTime=1547103425560&sign=14D5E69462DDCF98DAAF0FA40ACFDD3A&channelOrderNo=2019011022001388370529678789&backType=2&param1=&param2=&clientIp=24.108.188.216&currency=CAD&device=WEB&channelId=ALIPAY_PC&status=2--{"payOrderId":"P00190110145705553116037958","amount":"1","mchId":"10000029","mchOrderNo":"Tuttishop_11495_1547103425","subject":"Tutti Order 11495","paySuccTime":"1547103425560","sign":"14D5E69462DDCF98DAAF0FA40ACFDD3A","channelOrderNo":"2019011022001388370529678789","backType":"2","param1":"","param2":"","clientIp":"24.108.188.216","currency":"CAD","device":"WEB","channelId":"ALIPAY_PC","status":"2"}
2019/01/09   10:58:38pm   Notify   54.190.29.18/notify?payOrderId=P00190110145207573160024314&amount=1&mchId=10000029&mchOrderNo=Tuttishop_11492_1547103127&subject=Tutti+Order+11492&paySuccTime=1547103128561&sign=1A3CBADF507517DF9185FE325826B96B&channelOrderNo=4200000287201901108706863215&backType=2&param1=&param2=&clientIp=24.108.188.216&currency=CAD&device=WEB&channelId=WX_NATIVE&status=2--{"payOrderId":"P00190110145207573160024314","amount":"1","mchId":"10000029","mchOrderNo":"Tuttishop_11492_1547103127","subject":"Tutti Order 11492","paySuccTime":"1547103128561","sign":"1A3CBADF507517DF9185FE325826B96B","channelOrderNo":"4200000287201901108706863215","backType":"2","param1":"","param2":"","clientIp":"24.108.188.216","currency":"CAD","device":"WEB","channelId":"WX_NATIVE","status":"2"}
2019/01/09   11:00:40pm   Notify   54.190.29.18/notify?payOrderId=P00190110145705553116037958&amount=1&mchId=10000029&mchOrderNo=Tuttishop_11495_1547103425&subject=Tutti+Order+11495&paySuccTime=1547103425560&sign=14D5E69462DDCF98DAAF0FA40ACFDD3A&channelOrderNo=2019011022001388370529678789&backType=2&param1=&param2=&clientIp=24.108.188.216&currency=CAD&device=WEB&channelId=ALIPAY_PC&status=2--{"payOrderId":"P00190110145705553116037958","amount":"1","mchId":"10000029","mchOrderNo":"Tuttishop_11495_1547103425","subject":"Tutti Order 11495","paySuccTime":"1547103425560","sign":"14D5E69462DDCF98DAAF0FA40ACFDD3A","channelOrderNo":"2019011022001388370529678789","backType":"2","param1":"","param2":"","clientIp":"24.108.188.216","currency":"CAD","device":"WEB","channelId":"ALIPAY_PC","status":"2"}
2019/01/09   11:01:15pm   Notify   54.190.29.18/notify?payOrderId=P00190110145456403759024315&amount=1&mchId=10000029&mchOrderNo=Tuttishop_11494_1547103295&subject=Tutti+Order+11494&paySuccTime=1547103297372&sign=0585D663CA16F015AB05D4F7739EE1B6&channelOrderNo=4200000262201901100905995278&backType=2&param1=&param2=&clientIp=24.108.188.216&currency=CAD&device=WEB&channelId=WX_NATIVE&status=2--{"payOrderId":"P00190110145456403759024315","amount":"1","mchId":"10000029","mchOrderNo":"Tuttishop_11494_1547103295","subject":"Tutti Order 11494","paySuccTime":"1547103297372","sign":"0585D663CA16F015AB05D4F7739EE1B6","channelOrderNo":"4200000262201901100905995278","backType":"2","param1":"","param2":"","clientIp":"24.108.188.216","currency":"CAD","device":"WEB","channelId":"WX_NATIVE","status":"2"}
2019/01/09   11:02:40pm   Notify   54.190.29.18/notify?payOrderId=P00190110145207573160024314&amount=1&mchId=10000029&mchOrderNo=Tuttishop_11492_1547103127&subject=Tutti+Order+11492&paySuccTime=1547103128561&sign=1A3CBADF507517DF9185FE325826B96B&channelOrderNo=4200000287201901108706863215&backType=2&param1=&param2=&clientIp=24.108.188.216&currency=CAD&device=WEB&channelId=WX_NATIVE&status=2--{"payOrderId":"P00190110145207573160024314","amount":"1","mchId":"10000029","mchOrderNo":"Tuttishop_11492_1547103127","subject":"Tutti Order 11492","paySuccTime":"1547103128561","sign":"1A3CBADF507517DF9185FE325826B96B","channelOrderNo":"4200000287201901108706863215","backType":"2","param1":"","param2":"","clientIp":"24.108.188.216","currency":"CAD","device":"WEB","channelId":"WX_NATIVE","status":"2"}
2019/01/09   11:03:41pm   Notify   54.190.29.18/notify?payOrderId=P00190110145705553116037958&amount=1&mchId=10000029&mchOrderNo=Tuttishop_11495_1547103425&subject=Tutti+Order+11495&paySuccTime=1547103425560&sign=14D5E69462DDCF98DAAF0FA40ACFDD3A&channelOrderNo=2019011022001388370529678789&backType=2&param1=&param2=&clientIp=24.108.188.216&currency=CAD&device=WEB&channelId=ALIPAY_PC&status=2--{"payOrderId":"P00190110145705553116037958","amount":"1","mchId":"10000029","mchOrderNo":"Tuttishop_11495_1547103425","subject":"Tutti Order 11495","paySuccTime":"1547103425560","sign":"14D5E69462DDCF98DAAF0FA40ACFDD3A","channelOrderNo":"2019011022001388370529678789","backType":"2","param1":"","param2":"","clientIp":"24.108.188.216","currency":"CAD","device":"WEB","channelId":"ALIPAY_PC","status":"2"}
2019/01/09   11:05:17pm   Notify   54.190.29.18/notify?payOrderId=P00190110145456403759024315&amount=1&mchId=10000029&mchOrderNo=Tuttishop_11494_1547103295&subject=Tutti+Order+11494&paySuccTime=1547103297372&sign=0585D663CA16F015AB05D4F7739EE1B6&channelOrderNo=4200000262201901100905995278&backType=2&param1=&param2=&clientIp=24.108.188.216&currency=CAD&device=WEB&channelId=WX_NATIVE&status=2--{"payOrderId":"P00190110145456403759024315","amount":"1","mchId":"10000029","mchOrderNo":"Tuttishop_11494_1547103295","subject":"Tutti Order 11494","paySuccTime":"1547103297372","sign":"0585D663CA16F015AB05D4F7739EE1B6","channelOrderNo":"4200000262201901100905995278","backType":"2","param1":"","param2":"","clientIp":"24.108.188.216","currency":"CAD","device":"WEB","channelId":"WX_NATIVE","status":"2"}
2019/01/09   11:07:41pm   Notify   54.190.29.18/notify?payOrderId=P00190110145207573160024314&amount=1&mchId=10000029&mchOrderNo=Tuttishop_11492_1547103127&subject=Tutti+Order+11492&paySuccTime=1547103128561&sign=1A3CBADF507517DF9185FE325826B96B&channelOrderNo=4200000287201901108706863215&backType=2&param1=&param2=&clientIp=24.108.188.216&currency=CAD&device=WEB&channelId=WX_NATIVE&status=2--{"payOrderId":"P00190110145207573160024314","amount":"1","mchId":"10000029","mchOrderNo":"Tuttishop_11492_1547103127","subject":"Tutti Order 11492","paySuccTime":"1547103128561","sign":"1A3CBADF507517DF9185FE325826B96B","channelOrderNo":"4200000287201901108706863215","backType":"2","param1":"","param2":"","clientIp":"24.108.188.216","currency":"CAD","device":"WEB","channelId":"WX_NATIVE","status":"2"}
2019/01/09   11:07:43pm   Notify   54.190.29.18/notify?payOrderId=P00190110145705553116037958&amount=1&mchId=10000029&mchOrderNo=Tuttishop_11495_1547103425&subject=Tutti+Order+11495&paySuccTime=1547103425560&sign=14D5E69462DDCF98DAAF0FA40ACFDD3A&channelOrderNo=2019011022001388370529678789&backType=2&param1=&param2=&clientIp=24.108.188.216&currency=CAD&device=WEB&channelId=ALIPAY_PC&status=2--{"payOrderId":"P00190110145705553116037958","amount":"1","mchId":"10000029","mchOrderNo":"Tuttishop_11495_1547103425","subject":"Tutti Order 11495","paySuccTime":"1547103425560","sign":"14D5E69462DDCF98DAAF0FA40ACFDD3A","channelOrderNo":"2019011022001388370529678789","backType":"2","param1":"","param2":"","clientIp":"24.108.188.216","currency":"CAD","device":"WEB","channelId":"ALIPAY_PC","status":"2"}
2019/01/09   11:10:18pm   Notify   54.190.29.18/notify?payOrderId=P00190110145456403759024315&amount=1&mchId=10000029&mchOrderNo=Tuttishop_11494_1547103295&subject=Tutti+Order+11494&paySuccTime=1547103297372&sign=0585D663CA16F015AB05D4F7739EE1B6&channelOrderNo=4200000262201901100905995278&backType=2&param1=&param2=&clientIp=24.108.188.216&currency=CAD&device=WEB&channelId=WX_NATIVE&status=2--{"payOrderId":"P00190110145456403759024315","amount":"1","mchId":"10000029","mchOrderNo":"Tuttishop_11494_1547103295","subject":"Tutti Order 11494","paySuccTime":"1547103297372","sign":"0585D663CA16F015AB05D4F7739EE1B6","channelOrderNo":"4200000262201901100905995278","backType":"2","param1":"","param2":"","clientIp":"24.108.188.216","currency":"CAD","device":"WEB","channelId":"WX_NATIVE","status":"2"}
2019/01/09   11:10:31pm   Notify   54.190.29.18/notify?payOrderId=P00190110151023323647024317&amount=1&mchId=10000029&mchOrderNo=Tuttishop_11496_1547104223&subject=Tutti+Order+11496&paySuccTime=1547104223329&sign=BCC9D85B6CD7A6440BC05FB0E7CAECAC&channelOrderNo=2019011022001388370535236622&backType=2&param1=&param2=&clientIp=24.108.188.216&currency=CAD&device=APP&channelId=ALIPAY_MOBILE&status=2--{"payOrderId":"P00190110151023323647024317","amount":"1","mchId":"10000029","mchOrderNo":"Tuttishop_11496_1547104223","subject":"Tutti Order 11496","paySuccTime":"1547104223329","sign":"BCC9D85B6CD7A6440BC05FB0E7CAECAC","channelOrderNo":"2019011022001388370535236622","backType":"2","param1":"","param2":"","clientIp":"24.108.188.216","currency":"CAD","device":"APP","channelId":"ALIPAY_MOBILE","status":"2"}
2019/01/09   11:11:34pm   Notify   54.190.29.18/notify?payOrderId=P00190110151023323647024317&amount=1&mchId=10000029&mchOrderNo=Tuttishop_11496_1547104223&subject=Tutti+Order+11496&paySuccTime=1547104223329&sign=BCC9D85B6CD7A6440BC05FB0E7CAECAC&channelOrderNo=2019011022001388370535236622&backType=2&param1=&param2=&clientIp=24.108.188.216&currency=CAD&device=APP&channelId=ALIPAY_MOBILE&status=2--{"payOrderId":"P00190110151023323647024317","amount":"1","mchId":"10000029","mchOrderNo":"Tuttishop_11496_1547104223","subject":"Tutti Order 11496","paySuccTime":"1547104223329","sign":"BCC9D85B6CD7A6440BC05FB0E7CAECAC","channelOrderNo":"2019011022001388370535236622","backType":"2","param1":"","param2":"","clientIp":"24.108.188.216","currency":"CAD","device":"APP","channelId":"ALIPAY_MOBILE","status":"2"}
2019/01/09   11:12:44pm   Notify   54.190.29.18/notify?payOrderId=P00190110145705553116037958&amount=1&mchId=10000029&mchOrderNo=Tuttishop_11495_1547103425&subject=Tutti+Order+11495&paySuccTime=1547103425560&sign=14D5E69462DDCF98DAAF0FA40ACFDD3A&channelOrderNo=2019011022001388370529678789&backType=2&param1=&param2=&clientIp=24.108.188.216&currency=CAD&device=WEB&channelId=ALIPAY_PC&status=2--{"payOrderId":"P00190110145705553116037958","amount":"1","mchId":"10000029","mchOrderNo":"Tuttishop_11495_1547103425","subject":"Tutti Order 11495","paySuccTime":"1547103425560","sign":"14D5E69462DDCF98DAAF0FA40ACFDD3A","channelOrderNo":"2019011022001388370529678789","backType":"2","param1":"","param2":"","clientIp":"24.108.188.216","currency":"CAD","device":"WEB","channelId":"ALIPAY_PC","status":"2"}
2019/01/09   11:13:35pm   Notify   54.190.29.18/notify?payOrderId=P00190110151023323647024317&amount=1&mchId=10000029&mchOrderNo=Tuttishop_11496_1547104223&subject=Tutti+Order+11496&paySuccTime=1547104223329&sign=BCC9D85B6CD7A6440BC05FB0E7CAECAC&channelOrderNo=2019011022001388370535236622&backType=2&param1=&param2=&clientIp=24.108.188.216&currency=CAD&device=APP&channelId=ALIPAY_MOBILE&status=2--{"payOrderId":"P00190110151023323647024317","amount":"1","mchId":"10000029","mchOrderNo":"Tuttishop_11496_1547104223","subject":"Tutti Order 11496","paySuccTime":"1547104223329","sign":"BCC9D85B6CD7A6440BC05FB0E7CAECAC","channelOrderNo":"2019011022001388370535236622","backType":"2","param1":"","param2":"","clientIp":"24.108.188.216","currency":"CAD","device":"APP","channelId":"ALIPAY_MOBILE","status":"2"}
2019/01/09   11:16:37pm   Notify   54.190.29.18/notify?payOrderId=P00190110151023323647024317&amount=1&mchId=10000029&mchOrderNo=Tuttishop_11496_1547104223&subject=Tutti+Order+11496&paySuccTime=1547104223329&sign=BCC9D85B6CD7A6440BC05FB0E7CAECAC&channelOrderNo=2019011022001388370535236622&backType=2&param1=&param2=&clientIp=24.108.188.216&currency=CAD&device=APP&channelId=ALIPAY_MOBILE&status=2--{"payOrderId":"P00190110151023323647024317","amount":"1","mchId":"10000029","mchOrderNo":"Tuttishop_11496_1547104223","subject":"Tutti Order 11496","paySuccTime":"1547104223329","sign":"BCC9D85B6CD7A6440BC05FB0E7CAECAC","channelOrderNo":"2019011022001388370535236622","backType":"2","param1":"","param2":"","clientIp":"24.108.188.216","currency":"CAD","device":"APP","channelId":"ALIPAY_MOBILE","status":"2"}
2019/01/09   11:19:16pm   Notify   54.190.29.18/notify?payOrderId=P00190110151906893835024318&amount=1&mchId=10000029&mchOrderNo=Tuttishop_11479_1547104746&subject=Tutti+Order+11479&paySuccTime=1547104746978&sign=88553ABC6761FE19BC2F7F27BB8CB3A7&channelOrderNo=4200000284201901102740704201&backType=2&param1=&param2=&clientIp=24.108.188.216&currency=CAD&device=APP&channelId=WX_APP&status=2--{"payOrderId":"P00190110151906893835024318","amount":"1","mchId":"10000029","mchOrderNo":"Tuttishop_11479_1547104746","subject":"Tutti Order 11479","paySuccTime":"1547104746978","sign":"88553ABC6761FE19BC2F7F27BB8CB3A7","channelOrderNo":"4200000284201901102740704201","backType":"2","param1":"","param2":"","clientIp":"24.108.188.216","currency":"CAD","device":"APP","channelId":"WX_APP","status":"2"}
2019/01/09   11:20:19pm   Notify   54.190.29.18/notify?payOrderId=P00190110151906893835024318&amount=1&mchId=10000029&mchOrderNo=Tuttishop_11479_1547104746&subject=Tutti+Order+11479&paySuccTime=1547104746978&sign=88553ABC6761FE19BC2F7F27BB8CB3A7&channelOrderNo=4200000284201901102740704201&backType=2&param1=&param2=&clientIp=24.108.188.216&currency=CAD&device=APP&channelId=WX_APP&status=2--{"payOrderId":"P00190110151906893835024318","amount":"1","mchId":"10000029","mchOrderNo":"Tuttishop_11479_1547104746","subject":"Tutti Order 11479","paySuccTime":"1547104746978","sign":"88553ABC6761FE19BC2F7F27BB8CB3A7","channelOrderNo":"4200000284201901102740704201","backType":"2","param1":"","param2":"","clientIp":"24.108.188.216","currency":"CAD","device":"APP","channelId":"WX_APP","status":"2"}
2019/01/09   11:20:38pm   Notify   54.190.29.18/notify?payOrderId=P00190110151023323647024317&amount=1&mchId=10000029&mchOrderNo=Tuttishop_11496_1547104223&subject=Tutti+Order+11496&paySuccTime=1547104223329&sign=BCC9D85B6CD7A6440BC05FB0E7CAECAC&channelOrderNo=2019011022001388370535236622&backType=2&param1=&param2=&clientIp=24.108.188.216&currency=CAD&device=APP&channelId=ALIPAY_MOBILE&status=2--{"payOrderId":"P00190110151023323647024317","amount":"1","mchId":"10000029","mchOrderNo":"Tuttishop_11496_1547104223","subject":"Tutti Order 11496","paySuccTime":"1547104223329","sign":"BCC9D85B6CD7A6440BC05FB0E7CAECAC","channelOrderNo":"2019011022001388370535236622","backType":"2","param1":"","param2":"","clientIp":"24.108.188.216","currency":"CAD","device":"APP","channelId":"ALIPAY_MOBILE","status":"2"}
2019/01/09   11:22:20pm   Notify   54.190.29.18/notify?payOrderId=P00190110151906893835024318&amount=1&mchId=10000029&mchOrderNo=Tuttishop_11479_1547104746&subject=Tutti+Order+11479&paySuccTime=1547104746978&sign=88553ABC6761FE19BC2F7F27BB8CB3A7&channelOrderNo=4200000284201901102740704201&backType=2&param1=&param2=&clientIp=24.108.188.216&currency=CAD&device=APP&channelId=WX_APP&status=2--{"payOrderId":"P00190110151906893835024318","amount":"1","mchId":"10000029","mchOrderNo":"Tuttishop_11479_1547104746","subject":"Tutti Order 11479","paySuccTime":"1547104746978","sign":"88553ABC6761FE19BC2F7F27BB8CB3A7","channelOrderNo":"4200000284201901102740704201","backType":"2","param1":"","param2":"","clientIp":"24.108.188.216","currency":"CAD","device":"APP","channelId":"WX_APP","status":"2"}
2019/01/09   11:25:22pm   Notify   54.190.29.18/notify?payOrderId=P00190110151906893835024318&amount=1&mchId=10000029&mchOrderNo=Tuttishop_11479_1547104746&subject=Tutti+Order+11479&paySuccTime=1547104746978&sign=88553ABC6761FE19BC2F7F27BB8CB3A7&channelOrderNo=4200000284201901102740704201&backType=2&param1=&param2=&clientIp=24.108.188.216&currency=CAD&device=APP&channelId=WX_APP&status=2--{"payOrderId":"P00190110151906893835024318","amount":"1","mchId":"10000029","mchOrderNo":"Tuttishop_11479_1547104746","subject":"Tutti Order 11479","paySuccTime":"1547104746978","sign":"88553ABC6761FE19BC2F7F27BB8CB3A7","channelOrderNo":"4200000284201901102740704201","backType":"2","param1":"","param2":"","clientIp":"24.108.188.216","currency":"CAD","device":"APP","channelId":"WX_APP","status":"2"}
2019/01/09   11:25:40pm   Notify   54.190.29.18/notify?payOrderId=P00190110151023323647024317&amount=1&mchId=10000029&mchOrderNo=Tuttishop_11496_1547104223&subject=Tutti+Order+11496&paySuccTime=1547104223329&sign=BCC9D85B6CD7A6440BC05FB0E7CAECAC&channelOrderNo=2019011022001388370535236622&backType=2&param1=&param2=&clientIp=24.108.188.216&currency=CAD&device=APP&channelId=ALIPAY_MOBILE&status=2--{"payOrderId":"P00190110151023323647024317","amount":"1","mchId":"10000029","mchOrderNo":"Tuttishop_11496_1547104223","subject":"Tutti Order 11496","paySuccTime":"1547104223329","sign":"BCC9D85B6CD7A6440BC05FB0E7CAECAC","channelOrderNo":"2019011022001388370535236622","backType":"2","param1":"","param2":"","clientIp":"24.108.188.216","currency":"CAD","device":"APP","channelId":"ALIPAY_MOBILE","status":"2"}
2019/01/09   11:29:23pm   Notify   54.190.29.18/notify?payOrderId=P00190110151906893835024318&amount=1&mchId=10000029&mchOrderNo=Tuttishop_11479_1547104746&subject=Tutti+Order+11479&paySuccTime=1547104746978&sign=88553ABC6761FE19BC2F7F27BB8CB3A7&channelOrderNo=4200000284201901102740704201&backType=2&param1=&param2=&clientIp=24.108.188.216&currency=CAD&device=APP&channelId=WX_APP&status=2--{"payOrderId":"P00190110151906893835024318","amount":"1","mchId":"10000029","mchOrderNo":"Tuttishop_11479_1547104746","subject":"Tutti Order 11479","paySuccTime":"1547104746978","sign":"88553ABC6761FE19BC2F7F27BB8CB3A7","channelOrderNo":"4200000284201901102740704201","backType":"2","param1":"","param2":"","clientIp":"24.108.188.216","currency":"CAD","device":"APP","channelId":"WX_APP","status":"2"}
2019/01/09   11:31:41pm   Notify   54.190.29.18/notify?payOrderId=P00190110153127293595024320&amount=1&mchId=10000029&mchOrderNo=Tuttishop_11500_1547105486&subject=Tutti+Order+11500&paySuccTime=1547105488238&sign=A656F1DAF65A84D462A891EAE7EDFDE9&channelOrderNo=4200000284201901104806366533&backType=2&param1=&param2=&clientIp=24.108.188.216&currency=CAD&device=APP&channelId=WX_APP&status=2--{"payOrderId":"P00190110153127293595024320","amount":"1","mchId":"10000029","mchOrderNo":"Tuttishop_11500_1547105486","subject":"Tutti Order 11500","paySuccTime":"1547105488238","sign":"A656F1DAF65A84D462A891EAE7EDFDE9","channelOrderNo":"4200000284201901104806366533","backType":"2","param1":"","param2":"","clientIp":"24.108.188.216","currency":"CAD","device":"APP","channelId":"WX_APP","status":"2"}
2019/01/09   11:32:43pm   Notify   54.190.29.18/notify?payOrderId=P00190110153127293595024320&amount=1&mchId=10000029&mchOrderNo=Tuttishop_11500_1547105486&subject=Tutti+Order+11500&paySuccTime=1547105488238&sign=A656F1DAF65A84D462A891EAE7EDFDE9&channelOrderNo=4200000284201901104806366533&backType=2&param1=&param2=&clientIp=24.108.188.216&currency=CAD&device=APP&channelId=WX_APP&status=2--{"payOrderId":"P00190110153127293595024320","amount":"1","mchId":"10000029","mchOrderNo":"Tuttishop_11500_1547105486","subject":"Tutti Order 11500","paySuccTime":"1547105488238","sign":"A656F1DAF65A84D462A891EAE7EDFDE9","channelOrderNo":"4200000284201901104806366533","backType":"2","param1":"","param2":"","clientIp":"24.108.188.216","currency":"CAD","device":"APP","channelId":"WX_APP","status":"2"}
2019/01/09   11:34:25pm   Notify   54.190.29.18/notify?payOrderId=P00190110151906893835024318&amount=1&mchId=10000029&mchOrderNo=Tuttishop_11479_1547104746&subject=Tutti+Order+11479&paySuccTime=1547104746978&sign=88553ABC6761FE19BC2F7F27BB8CB3A7&channelOrderNo=4200000284201901102740704201&backType=2&param1=&param2=&clientIp=24.108.188.216&currency=CAD&device=APP&channelId=WX_APP&status=2--{"payOrderId":"P00190110151906893835024318","amount":"1","mchId":"10000029","mchOrderNo":"Tuttishop_11479_1547104746","subject":"Tutti Order 11479","paySuccTime":"1547104746978","sign":"88553ABC6761FE19BC2F7F27BB8CB3A7","channelOrderNo":"4200000284201901102740704201","backType":"2","param1":"","param2":"","clientIp":"24.108.188.216","currency":"CAD","device":"APP","channelId":"WX_APP","status":"2"}
2019/01/09   11:34:45pm   Notify   54.190.29.18/notify?payOrderId=P00190110153127293595024320&amount=1&mchId=10000029&mchOrderNo=Tuttishop_11500_1547105486&subject=Tutti+Order+11500&paySuccTime=1547105488238&sign=A656F1DAF65A84D462A891EAE7EDFDE9&channelOrderNo=4200000284201901104806366533&backType=2&param1=&param2=&clientIp=24.108.188.216&currency=CAD&device=APP&channelId=WX_APP&status=2--{"payOrderId":"P00190110153127293595024320","amount":"1","mchId":"10000029","mchOrderNo":"Tuttishop_11500_1547105486","subject":"Tutti Order 11500","paySuccTime":"1547105488238","sign":"A656F1DAF65A84D462A891EAE7EDFDE9","channelOrderNo":"4200000284201901104806366533","backType":"2","param1":"","param2":"","clientIp":"24.108.188.216","currency":"CAD","device":"APP","channelId":"WX_APP","status":"2"}
2019/01/09   11:37:46pm   Notify   54.190.29.18/notify?payOrderId=P00190110153127293595024320&amount=1&mchId=10000029&mchOrderNo=Tuttishop_11500_1547105486&subject=Tutti+Order+11500&paySuccTime=1547105488238&sign=A656F1DAF65A84D462A891EAE7EDFDE9&channelOrderNo=4200000284201901104806366533&backType=2&param1=&param2=&clientIp=24.108.188.216&currency=CAD&device=APP&channelId=WX_APP&status=2--{"payOrderId":"P00190110153127293595024320","amount":"1","mchId":"10000029","mchOrderNo":"Tuttishop_11500_1547105486","subject":"Tutti Order 11500","paySuccTime":"1547105488238","sign":"A656F1DAF65A84D462A891EAE7EDFDE9","channelOrderNo":"4200000284201901104806366533","backType":"2","param1":"","param2":"","clientIp":"24.108.188.216","currency":"CAD","device":"APP","channelId":"WX_APP","status":"2"}
2019/01/09   11:41:48pm   Notify   54.190.29.18/notify?payOrderId=P00190110153127293595024320&amount=1&mchId=10000029&mchOrderNo=Tuttishop_11500_1547105486&subject=Tutti+Order+11500&paySuccTime=1547105488238&sign=A656F1DAF65A84D462A891EAE7EDFDE9&channelOrderNo=4200000284201901104806366533&backType=2&param1=&param2=&clientIp=24.108.188.216&currency=CAD&device=APP&channelId=WX_APP&status=2--{"payOrderId":"P00190110153127293595024320","amount":"1","mchId":"10000029","mchOrderNo":"Tuttishop_11500_1547105486","subject":"Tutti Order 11500","paySuccTime":"1547105488238","sign":"A656F1DAF65A84D462A891EAE7EDFDE9","channelOrderNo":"4200000284201901104806366533","backType":"2","param1":"","param2":"","clientIp":"24.108.188.216","currency":"CAD","device":"APP","channelId":"WX_APP","status":"2"}
2019/01/09   11:44:37pm   Notify   54.190.29.18/notify?payOrderId=P00190110154413233321037966&amount=1&mchId=10000029&mchOrderNo=Tuttishop_11503_1547106252&subject=Tutti+Order+11503&paySuccTime=1547106254193&sign=F85A2CBE7D9B2975F4D9353E30E142F5&channelOrderNo=4200000267201901101610073477&backType=2&param1=&param2=&clientIp=24.108.188.216&currency=CAD&device=WEB&channelId=WX_NATIVE&status=2--{"payOrderId":"P00190110154413233321037966","amount":"1","mchId":"10000029","mchOrderNo":"Tuttishop_11503_1547106252","subject":"Tutti Order 11503","paySuccTime":"1547106254193","sign":"F85A2CBE7D9B2975F4D9353E30E142F5","channelOrderNo":"4200000267201901101610073477","backType":"2","param1":"","param2":"","clientIp":"24.108.188.216","currency":"CAD","device":"WEB","channelId":"WX_NATIVE","status":"2"}
2019/01/09   11:45:39pm   Notify   54.190.29.18/notify?payOrderId=P00190110154413233321037966&amount=1&mchId=10000029&mchOrderNo=Tuttishop_11503_1547106252&subject=Tutti+Order+11503&paySuccTime=1547106254193&sign=F85A2CBE7D9B2975F4D9353E30E142F5&channelOrderNo=4200000267201901101610073477&backType=2&param1=&param2=&clientIp=24.108.188.216&currency=CAD&device=WEB&channelId=WX_NATIVE&status=2--{"payOrderId":"P00190110154413233321037966","amount":"1","mchId":"10000029","mchOrderNo":"Tuttishop_11503_1547106252","subject":"Tutti Order 11503","paySuccTime":"1547106254193","sign":"F85A2CBE7D9B2975F4D9353E30E142F5","channelOrderNo":"4200000267201901101610073477","backType":"2","param1":"","param2":"","clientIp":"24.108.188.216","currency":"CAD","device":"WEB","channelId":"WX_NATIVE","status":"2"}
2019/01/09   11:46:49pm   Notify   54.190.29.18/notify?payOrderId=P00190110153127293595024320&amount=1&mchId=10000029&mchOrderNo=Tuttishop_11500_1547105486&subject=Tutti+Order+11500&paySuccTime=1547105488238&sign=A656F1DAF65A84D462A891EAE7EDFDE9&channelOrderNo=4200000284201901104806366533&backType=2&param1=&param2=&clientIp=24.108.188.216&currency=CAD&device=APP&channelId=WX_APP&status=2--{"payOrderId":"P00190110153127293595024320","amount":"1","mchId":"10000029","mchOrderNo":"Tuttishop_11500_1547105486","subject":"Tutti Order 11500","paySuccTime":"1547105488238","sign":"A656F1DAF65A84D462A891EAE7EDFDE9","channelOrderNo":"4200000284201901104806366533","backType":"2","param1":"","param2":"","clientIp":"24.108.188.216","currency":"CAD","device":"APP","channelId":"WX_APP","status":"2"}
2019/01/09   11:47:41pm   Notify   54.190.29.18/notify?payOrderId=P00190110154413233321037966&amount=1&mchId=10000029&mchOrderNo=Tuttishop_11503_1547106252&subject=Tutti+Order+11503&paySuccTime=1547106254193&sign=F85A2CBE7D9B2975F4D9353E30E142F5&channelOrderNo=4200000267201901101610073477&backType=2&param1=&param2=&clientIp=24.108.188.216&currency=CAD&device=WEB&channelId=WX_NATIVE&status=2--{"payOrderId":"P00190110154413233321037966","amount":"1","mchId":"10000029","mchOrderNo":"Tuttishop_11503_1547106252","subject":"Tutti Order 11503","paySuccTime":"1547106254193","sign":"F85A2CBE7D9B2975F4D9353E30E142F5","channelOrderNo":"4200000267201901101610073477","backType":"2","param1":"","param2":"","clientIp":"24.108.188.216","currency":"CAD","device":"WEB","channelId":"WX_NATIVE","status":"2"}
2019/01/09   11:50:42pm   Notify   54.190.29.18/notify?payOrderId=P00190110154413233321037966&amount=1&mchId=10000029&mchOrderNo=Tuttishop_11503_1547106252&subject=Tutti+Order+11503&paySuccTime=1547106254193&sign=F85A2CBE7D9B2975F4D9353E30E142F5&channelOrderNo=4200000267201901101610073477&backType=2&param1=&param2=&clientIp=24.108.188.216&currency=CAD&device=WEB&channelId=WX_NATIVE&status=2--{"payOrderId":"P00190110154413233321037966","amount":"1","mchId":"10000029","mchOrderNo":"Tuttishop_11503_1547106252","subject":"Tutti Order 11503","paySuccTime":"1547106254193","sign":"F85A2CBE7D9B2975F4D9353E30E142F5","channelOrderNo":"4200000267201901101610073477","backType":"2","param1":"","param2":"","clientIp":"24.108.188.216","currency":"CAD","device":"WEB","channelId":"WX_NATIVE","status":"2"}
2019/01/09   11:54:44pm   Notify   54.190.29.18/notify?payOrderId=P00190110154413233321037966&amount=1&mchId=10000029&mchOrderNo=Tuttishop_11503_1547106252&subject=Tutti+Order+11503&paySuccTime=1547106254193&sign=F85A2CBE7D9B2975F4D9353E30E142F5&channelOrderNo=4200000267201901101610073477&backType=2&param1=&param2=&clientIp=24.108.188.216&currency=CAD&device=WEB&channelId=WX_NATIVE&status=2--{"payOrderId":"P00190110154413233321037966","amount":"1","mchId":"10000029","mchOrderNo":"Tuttishop_11503_1547106252","subject":"Tutti Order 11503","paySuccTime":"1547106254193","sign":"F85A2CBE7D9B2975F4D9353E30E142F5","channelOrderNo":"4200000267201901101610073477","backType":"2","param1":"","param2":"","clientIp":"24.108.188.216","currency":"CAD","device":"WEB","channelId":"WX_NATIVE","status":"2"}
2019/01/09   11:59:45pm   Notify   54.190.29.18/notify?payOrderId=P00190110154413233321037966&amount=1&mchId=10000029&mchOrderNo=Tuttishop_11503_1547106252&subject=Tutti+Order+11503&paySuccTime=1547106254193&sign=F85A2CBE7D9B2975F4D9353E30E142F5&channelOrderNo=4200000267201901101610073477&backType=2&param1=&param2=&clientIp=24.108.188.216&currency=CAD&device=WEB&channelId=WX_NATIVE&status=2--{"payOrderId":"P00190110154413233321037966","amount":"1","mchId":"10000029","mchOrderNo":"Tuttishop_11503_1547106252","subject":"Tutti Order 11503","paySuccTime":"1547106254193","sign":"F85A2CBE7D9B2975F4D9353E30E142F5","channelOrderNo":"4200000267201901101610073477","backType":"2","param1":"","param2":"","clientIp":"24.108.188.216","currency":"CAD","device":"WEB","channelId":"WX_NATIVE","status":"2"}
2019/01/10   12:21:59am   Notify   54.190.29.18/notify?payOrderId=P00190110162142703847037973&amount=1&mchId=10000029&mchOrderNo=Tuttishop_11508_1547108501&subject=Tutti+Order+11508&paySuccTime=1547108503017&sign=41F18F8CAED094B85F53FD6F96F7BEBB&channelOrderNo=4200000265201901102382838293&backType=2&param1=&param2=&clientIp=70.67.234.107&currency=CAD&device=APP&channelId=WX_APP&status=2--{"payOrderId":"P00190110162142703847037973","amount":"1","mchId":"10000029","mchOrderNo":"Tuttishop_11508_1547108501","subject":"Tutti Order 11508","paySuccTime":"1547108503017","sign":"41F18F8CAED094B85F53FD6F96F7BEBB","channelOrderNo":"4200000265201901102382838293","backType":"2","param1":"","param2":"","clientIp":"70.67.234.107","currency":"CAD","device":"APP","channelId":"WX_APP","status":"2"}
2019/01/10   12:23:01am   Notify   54.190.29.18/notify?payOrderId=P00190110162142703847037973&amount=1&mchId=10000029&mchOrderNo=Tuttishop_11508_1547108501&subject=Tutti+Order+11508&paySuccTime=1547108503017&sign=41F18F8CAED094B85F53FD6F96F7BEBB&channelOrderNo=4200000265201901102382838293&backType=2&param1=&param2=&clientIp=70.67.234.107&currency=CAD&device=APP&channelId=WX_APP&status=2--{"payOrderId":"P00190110162142703847037973","amount":"1","mchId":"10000029","mchOrderNo":"Tuttishop_11508_1547108501","subject":"Tutti Order 11508","paySuccTime":"1547108503017","sign":"41F18F8CAED094B85F53FD6F96F7BEBB","channelOrderNo":"4200000265201901102382838293","backType":"2","param1":"","param2":"","clientIp":"70.67.234.107","currency":"CAD","device":"APP","channelId":"WX_APP","status":"2"}
2019/01/10   12:25:02am   Notify   54.190.29.18/notify?payOrderId=P00190110162142703847037973&amount=1&mchId=10000029&mchOrderNo=Tuttishop_11508_1547108501&subject=Tutti+Order+11508&paySuccTime=1547108503017&sign=41F18F8CAED094B85F53FD6F96F7BEBB&channelOrderNo=4200000265201901102382838293&backType=2&param1=&param2=&clientIp=70.67.234.107&currency=CAD&device=APP&channelId=WX_APP&status=2--{"payOrderId":"P00190110162142703847037973","amount":"1","mchId":"10000029","mchOrderNo":"Tuttishop_11508_1547108501","subject":"Tutti Order 11508","paySuccTime":"1547108503017","sign":"41F18F8CAED094B85F53FD6F96F7BEBB","channelOrderNo":"4200000265201901102382838293","backType":"2","param1":"","param2":"","clientIp":"70.67.234.107","currency":"CAD","device":"APP","channelId":"WX_APP","status":"2"}
2019/01/10   12:28:04am   Notify   54.190.29.18/notify?payOrderId=P00190110162142703847037973&amount=1&mchId=10000029&mchOrderNo=Tuttishop_11508_1547108501&subject=Tutti+Order+11508&paySuccTime=1547108503017&sign=41F18F8CAED094B85F53FD6F96F7BEBB&channelOrderNo=4200000265201901102382838293&backType=2&param1=&param2=&clientIp=70.67.234.107&currency=CAD&device=APP&channelId=WX_APP&status=2--{"payOrderId":"P00190110162142703847037973","amount":"1","mchId":"10000029","mchOrderNo":"Tuttishop_11508_1547108501","subject":"Tutti Order 11508","paySuccTime":"1547108503017","sign":"41F18F8CAED094B85F53FD6F96F7BEBB","channelOrderNo":"4200000265201901102382838293","backType":"2","param1":"","param2":"","clientIp":"70.67.234.107","currency":"CAD","device":"APP","channelId":"WX_APP","status":"2"}
2019/01/10   12:30:09am   Notify   54.190.29.18/notify?payOrderId=P00190110162955163951037976&amount=1&mchId=10000029&mchOrderNo=Tuttishop_11510_1547108994&subject=Tutti+Order+11510&paySuccTime=1547108996033&sign=A73FABB8AD889650C1D237A1AD209224&channelOrderNo=4200000270201901101791402770&backType=2&param1=&param2=&clientIp=24.108.188.216&currency=CAD&device=APP&channelId=WX_APP&status=2--{"payOrderId":"P00190110162955163951037976","amount":"1","mchId":"10000029","mchOrderNo":"Tuttishop_11510_1547108994","subject":"Tutti Order 11510","paySuccTime":"1547108996033","sign":"A73FABB8AD889650C1D237A1AD209224","channelOrderNo":"4200000270201901101791402770","backType":"2","param1":"","param2":"","clientIp":"24.108.188.216","currency":"CAD","device":"APP","channelId":"WX_APP","status":"2"}
2019/01/10   12:31:11am   Notify   54.190.29.18/notify?payOrderId=P00190110162955163951037976&amount=1&mchId=10000029&mchOrderNo=Tuttishop_11510_1547108994&subject=Tutti+Order+11510&paySuccTime=1547108996033&sign=A73FABB8AD889650C1D237A1AD209224&channelOrderNo=4200000270201901101791402770&backType=2&param1=&param2=&clientIp=24.108.188.216&currency=CAD&device=APP&channelId=WX_APP&status=2--{"payOrderId":"P00190110162955163951037976","amount":"1","mchId":"10000029","mchOrderNo":"Tuttishop_11510_1547108994","subject":"Tutti Order 11510","paySuccTime":"1547108996033","sign":"A73FABB8AD889650C1D237A1AD209224","channelOrderNo":"4200000270201901101791402770","backType":"2","param1":"","param2":"","clientIp":"24.108.188.216","currency":"CAD","device":"APP","channelId":"WX_APP","status":"2"}
2019/01/10   12:32:05am   Notify   54.190.29.18/notify?payOrderId=P00190110162142703847037973&amount=1&mchId=10000029&mchOrderNo=Tuttishop_11508_1547108501&subject=Tutti+Order+11508&paySuccTime=1547108503017&sign=41F18F8CAED094B85F53FD6F96F7BEBB&channelOrderNo=4200000265201901102382838293&backType=2&param1=&param2=&clientIp=70.67.234.107&currency=CAD&device=APP&channelId=WX_APP&status=2--{"payOrderId":"P00190110162142703847037973","amount":"1","mchId":"10000029","mchOrderNo":"Tuttishop_11508_1547108501","subject":"Tutti Order 11508","paySuccTime":"1547108503017","sign":"41F18F8CAED094B85F53FD6F96F7BEBB","channelOrderNo":"4200000265201901102382838293","backType":"2","param1":"","param2":"","clientIp":"70.67.234.107","currency":"CAD","device":"APP","channelId":"WX_APP","status":"2"}
2019/01/10   12:33:13am   Notify   54.190.29.18/notify?payOrderId=P00190110162955163951037976&amount=1&mchId=10000029&mchOrderNo=Tuttishop_11510_1547108994&subject=Tutti+Order+11510&paySuccTime=1547108996033&sign=A73FABB8AD889650C1D237A1AD209224&channelOrderNo=4200000270201901101791402770&backType=2&param1=&param2=&clientIp=24.108.188.216&currency=CAD&device=APP&channelId=WX_APP&status=2--{"payOrderId":"P00190110162955163951037976","amount":"1","mchId":"10000029","mchOrderNo":"Tuttishop_11510_1547108994","subject":"Tutti Order 11510","paySuccTime":"1547108996033","sign":"A73FABB8AD889650C1D237A1AD209224","channelOrderNo":"4200000270201901101791402770","backType":"2","param1":"","param2":"","clientIp":"24.108.188.216","currency":"CAD","device":"APP","channelId":"WX_APP","status":"2"}
2019/01/10   12:36:14am   Notify   54.190.29.18/notify?payOrderId=P00190110162955163951037976&amount=1&mchId=10000029&mchOrderNo=Tuttishop_11510_1547108994&subject=Tutti+Order+11510&paySuccTime=1547108996033&sign=A73FABB8AD889650C1D237A1AD209224&channelOrderNo=4200000270201901101791402770&backType=2&param1=&param2=&clientIp=24.108.188.216&currency=CAD&device=APP&channelId=WX_APP&status=2--{"payOrderId":"P00190110162955163951037976","amount":"1","mchId":"10000029","mchOrderNo":"Tuttishop_11510_1547108994","subject":"Tutti Order 11510","paySuccTime":"1547108996033","sign":"A73FABB8AD889650C1D237A1AD209224","channelOrderNo":"4200000270201901101791402770","backType":"2","param1":"","param2":"","clientIp":"24.108.188.216","currency":"CAD","device":"APP","channelId":"WX_APP","status":"2"}
2019/01/10   12:37:07am   Notify   54.190.29.18/notify?payOrderId=P00190110162142703847037973&amount=1&mchId=10000029&mchOrderNo=Tuttishop_11508_1547108501&subject=Tutti+Order+11508&paySuccTime=1547108503017&sign=41F18F8CAED094B85F53FD6F96F7BEBB&channelOrderNo=4200000265201901102382838293&backType=2&param1=&param2=&clientIp=70.67.234.107&currency=CAD&device=APP&channelId=WX_APP&status=2--{"payOrderId":"P00190110162142703847037973","amount":"1","mchId":"10000029","mchOrderNo":"Tuttishop_11508_1547108501","subject":"Tutti Order 11508","paySuccTime":"1547108503017","sign":"41F18F8CAED094B85F53FD6F96F7BEBB","channelOrderNo":"4200000265201901102382838293","backType":"2","param1":"","param2":"","clientIp":"70.67.234.107","currency":"CAD","device":"APP","channelId":"WX_APP","status":"2"}
2019/01/10   12:40:16am   Notify   54.190.29.18/notify?payOrderId=P00190110162955163951037976&amount=1&mchId=10000029&mchOrderNo=Tuttishop_11510_1547108994&subject=Tutti+Order+11510&paySuccTime=1547108996033&sign=A73FABB8AD889650C1D237A1AD209224&channelOrderNo=4200000270201901101791402770&backType=2&param1=&param2=&clientIp=24.108.188.216&currency=CAD&device=APP&channelId=WX_APP&status=2--{"payOrderId":"P00190110162955163951037976","amount":"1","mchId":"10000029","mchOrderNo":"Tuttishop_11510_1547108994","subject":"Tutti Order 11510","paySuccTime":"1547108996033","sign":"A73FABB8AD889650C1D237A1AD209224","channelOrderNo":"4200000270201901101791402770","backType":"2","param1":"","param2":"","clientIp":"24.108.188.216","currency":"CAD","device":"APP","channelId":"WX_APP","status":"2"}
2019/01/10   12:45:17am   Notify   54.190.29.18/notify?payOrderId=P00190110162955163951037976&amount=1&mchId=10000029&mchOrderNo=Tuttishop_11510_1547108994&subject=Tutti+Order+11510&paySuccTime=1547108996033&sign=A73FABB8AD889650C1D237A1AD209224&channelOrderNo=4200000270201901101791402770&backType=2&param1=&param2=&clientIp=24.108.188.216&currency=CAD&device=APP&channelId=WX_APP&status=2--{"payOrderId":"P00190110162955163951037976","amount":"1","mchId":"10000029","mchOrderNo":"Tuttishop_11510_1547108994","subject":"Tutti Order 11510","paySuccTime":"1547108996033","sign":"A73FABB8AD889650C1D237A1AD209224","channelOrderNo":"4200000270201901101791402770","backType":"2","param1":"","param2":"","clientIp":"24.108.188.216","currency":"CAD","device":"APP","channelId":"WX_APP","status":"2"}
2019/01/10   01:01:45pm   Notify   54.190.29.18/notify?payOrderId=P00190111050122553285024489&amount=1&mchId=10000029&mchOrderNo=Tuttishop_11513_1547154082&subject=Tutti+Order+11513&paySuccTime=1547154083557&sign=C2AA6B573B11E26C623BAEE0DE6AE0DB&channelOrderNo=4200000267201901116444713118&backType=2&param1=&param2=&clientIp=24.108.188.216&currency=CAD&device=WEB&channelId=WX_NATIVE&status=2--{"payOrderId":"P00190111050122553285024489","amount":"1","mchId":"10000029","mchOrderNo":"Tuttishop_11513_1547154082","subject":"Tutti Order 11513","paySuccTime":"1547154083557","sign":"C2AA6B573B11E26C623BAEE0DE6AE0DB","channelOrderNo":"4200000267201901116444713118","backType":"2","param1":"","param2":"","clientIp":"24.108.188.216","currency":"CAD","device":"WEB","channelId":"WX_NATIVE","status":"2"}
2019/01/10   01:02:48pm   Notify   54.190.29.18/notify?payOrderId=P00190111050122553285024489&amount=1&mchId=10000029&mchOrderNo=Tuttishop_11513_1547154082&subject=Tutti+Order+11513&paySuccTime=1547154083557&sign=C2AA6B573B11E26C623BAEE0DE6AE0DB&channelOrderNo=4200000267201901116444713118&backType=2&param1=&param2=&clientIp=24.108.188.216&currency=CAD&device=WEB&channelId=WX_NATIVE&status=2--{"payOrderId":"P00190111050122553285024489","amount":"1","mchId":"10000029","mchOrderNo":"Tuttishop_11513_1547154082","subject":"Tutti Order 11513","paySuccTime":"1547154083557","sign":"C2AA6B573B11E26C623BAEE0DE6AE0DB","channelOrderNo":"4200000267201901116444713118","backType":"2","param1":"","param2":"","clientIp":"24.108.188.216","currency":"CAD","device":"WEB","channelId":"WX_NATIVE","status":"2"}
2019/01/10   01:04:50pm   Notify   54.190.29.18/notify?payOrderId=P00190111050122553285024489&amount=1&mchId=10000029&mchOrderNo=Tuttishop_11513_1547154082&subject=Tutti+Order+11513&paySuccTime=1547154083557&sign=C2AA6B573B11E26C623BAEE0DE6AE0DB&channelOrderNo=4200000267201901116444713118&backType=2&param1=&param2=&clientIp=24.108.188.216&currency=CAD&device=WEB&channelId=WX_NATIVE&status=2--{"payOrderId":"P00190111050122553285024489","amount":"1","mchId":"10000029","mchOrderNo":"Tuttishop_11513_1547154082","subject":"Tutti Order 11513","paySuccTime":"1547154083557","sign":"C2AA6B573B11E26C623BAEE0DE6AE0DB","channelOrderNo":"4200000267201901116444713118","backType":"2","param1":"","param2":"","clientIp":"24.108.188.216","currency":"CAD","device":"WEB","channelId":"WX_NATIVE","status":"2"}
2019/01/10   01:07:51pm   Notify   54.190.29.18/notify?payOrderId=P00190111050122553285024489&amount=1&mchId=10000029&mchOrderNo=Tuttishop_11513_1547154082&subject=Tutti+Order+11513&paySuccTime=1547154083557&sign=C2AA6B573B11E26C623BAEE0DE6AE0DB&channelOrderNo=4200000267201901116444713118&backType=2&param1=&param2=&clientIp=24.108.188.216&currency=CAD&device=WEB&channelId=WX_NATIVE&status=2--{"payOrderId":"P00190111050122553285024489","amount":"1","mchId":"10000029","mchOrderNo":"Tuttishop_11513_1547154082","subject":"Tutti Order 11513","paySuccTime":"1547154083557","sign":"C2AA6B573B11E26C623BAEE0DE6AE0DB","channelOrderNo":"4200000267201901116444713118","backType":"2","param1":"","param2":"","clientIp":"24.108.188.216","currency":"CAD","device":"WEB","channelId":"WX_NATIVE","status":"2"}
2019/01/10   01:11:53pm   Notify   54.190.29.18/notify?payOrderId=P00190111050122553285024489&amount=1&mchId=10000029&mchOrderNo=Tuttishop_11513_1547154082&subject=Tutti+Order+11513&paySuccTime=1547154083557&sign=C2AA6B573B11E26C623BAEE0DE6AE0DB&channelOrderNo=4200000267201901116444713118&backType=2&param1=&param2=&clientIp=24.108.188.216&currency=CAD&device=WEB&channelId=WX_NATIVE&status=2--{"payOrderId":"P00190111050122553285024489","amount":"1","mchId":"10000029","mchOrderNo":"Tuttishop_11513_1547154082","subject":"Tutti Order 11513","paySuccTime":"1547154083557","sign":"C2AA6B573B11E26C623BAEE0DE6AE0DB","channelOrderNo":"4200000267201901116444713118","backType":"2","param1":"","param2":"","clientIp":"24.108.188.216","currency":"CAD","device":"WEB","channelId":"WX_NATIVE","status":"2"}
2019/01/10   01:16:54pm   Notify   54.190.29.18/notify?payOrderId=P00190111050122553285024489&amount=1&mchId=10000029&mchOrderNo=Tuttishop_11513_1547154082&subject=Tutti+Order+11513&paySuccTime=1547154083557&sign=C2AA6B573B11E26C623BAEE0DE6AE0DB&channelOrderNo=4200000267201901116444713118&backType=2&param1=&param2=&clientIp=24.108.188.216&currency=CAD&device=WEB&channelId=WX_NATIVE&status=2--{"payOrderId":"P00190111050122553285024489","amount":"1","mchId":"10000029","mchOrderNo":"Tuttishop_11513_1547154082","subject":"Tutti Order 11513","paySuccTime":"1547154083557","sign":"C2AA6B573B11E26C623BAEE0DE6AE0DB","channelOrderNo":"4200000267201901116444713118","backType":"2","param1":"","param2":"","clientIp":"24.108.188.216","currency":"CAD","device":"WEB","channelId":"WX_NATIVE","status":"2"}
2019/01/10   05:11:24pm   Notify   54.190.29.18/notify?payOrderId=P00190111091109243628024787&amount=1&mchId=10000029&mchOrderNo=Tuttishop_11515_1547169068&subject=Tutti+Order+11515&paySuccTime=1547169070180&sign=B61970DBA132324DE945F54BD124CE0A&channelOrderNo=4200000277201901110074585939&backType=2&param1=&param2=&clientIp=24.108.188.216&currency=CAD&device=WEB&channelId=WX_NATIVE&status=2--{"payOrderId":"P00190111091109243628024787","amount":"1","mchId":"10000029","mchOrderNo":"Tuttishop_11515_1547169068","subject":"Tutti Order 11515","paySuccTime":"1547169070180","sign":"B61970DBA132324DE945F54BD124CE0A","channelOrderNo":"4200000277201901110074585939","backType":"2","param1":"","param2":"","clientIp":"24.108.188.216","currency":"CAD","device":"WEB","channelId":"WX_NATIVE","status":"2"}
2019/01/10   05:11:51pm   Notify   54.190.29.18/notify?payOrderId=P00190111091130463889024789&amount=1&mchId=10000029&mchOrderNo=Tuttishop_11516_1547169090&subject=Tutti+Order+11516&paySuccTime=1547169091299&sign=F383D178944A3619FCD25172B0506415&channelOrderNo=4200000286201901110857346593&backType=2&param1=&param2=&clientIp=24.108.188.216&currency=CAD&device=APP&channelId=WX_APP&status=2--{"payOrderId":"P00190111091130463889024789","amount":"1","mchId":"10000029","mchOrderNo":"Tuttishop_11516_1547169090","subject":"Tutti Order 11516","paySuccTime":"1547169091299","sign":"F383D178944A3619FCD25172B0506415","channelOrderNo":"4200000286201901110857346593","backType":"2","param1":"","param2":"","clientIp":"24.108.188.216","currency":"CAD","device":"APP","channelId":"WX_APP","status":"2"}
2019/01/10   05:12:26pm   Notify   54.190.29.18/notify?payOrderId=P00190111091109243628024787&amount=1&mchId=10000029&mchOrderNo=Tuttishop_11515_1547169068&subject=Tutti+Order+11515&paySuccTime=1547169070180&sign=B61970DBA132324DE945F54BD124CE0A&channelOrderNo=4200000277201901110074585939&backType=2&param1=&param2=&clientIp=24.108.188.216&currency=CAD&device=WEB&channelId=WX_NATIVE&status=2--{"payOrderId":"P00190111091109243628024787","amount":"1","mchId":"10000029","mchOrderNo":"Tuttishop_11515_1547169068","subject":"Tutti Order 11515","paySuccTime":"1547169070180","sign":"B61970DBA132324DE945F54BD124CE0A","channelOrderNo":"4200000277201901110074585939","backType":"2","param1":"","param2":"","clientIp":"24.108.188.216","currency":"CAD","device":"WEB","channelId":"WX_NATIVE","status":"2"}
2019/01/10   05:12:53pm   Notify   54.190.29.18/notify?payOrderId=P00190111091130463889024789&amount=1&mchId=10000029&mchOrderNo=Tuttishop_11516_1547169090&subject=Tutti+Order+11516&paySuccTime=1547169091299&sign=F383D178944A3619FCD25172B0506415&channelOrderNo=4200000286201901110857346593&backType=2&param1=&param2=&clientIp=24.108.188.216&currency=CAD&device=APP&channelId=WX_APP&status=2--{"payOrderId":"P00190111091130463889024789","amount":"1","mchId":"10000029","mchOrderNo":"Tuttishop_11516_1547169090","subject":"Tutti Order 11516","paySuccTime":"1547169091299","sign":"F383D178944A3619FCD25172B0506415","channelOrderNo":"4200000286201901110857346593","backType":"2","param1":"","param2":"","clientIp":"24.108.188.216","currency":"CAD","device":"APP","channelId":"WX_APP","status":"2"}
2019/01/10   05:14:28pm   Notify   54.190.29.18/notify?payOrderId=P00190111091109243628024787&amount=1&mchId=10000029&mchOrderNo=Tuttishop_11515_1547169068&subject=Tutti+Order+11515&paySuccTime=1547169070180&sign=B61970DBA132324DE945F54BD124CE0A&channelOrderNo=4200000277201901110074585939&backType=2&param1=&param2=&clientIp=24.108.188.216&currency=CAD&device=WEB&channelId=WX_NATIVE&status=2--{"payOrderId":"P00190111091109243628024787","amount":"1","mchId":"10000029","mchOrderNo":"Tuttishop_11515_1547169068","subject":"Tutti Order 11515","paySuccTime":"1547169070180","sign":"B61970DBA132324DE945F54BD124CE0A","channelOrderNo":"4200000277201901110074585939","backType":"2","param1":"","param2":"","clientIp":"24.108.188.216","currency":"CAD","device":"WEB","channelId":"WX_NATIVE","status":"2"}
2019/01/10   05:14:55pm   Notify   54.190.29.18/notify?payOrderId=P00190111091130463889024789&amount=1&mchId=10000029&mchOrderNo=Tuttishop_11516_1547169090&subject=Tutti+Order+11516&paySuccTime=1547169091299&sign=F383D178944A3619FCD25172B0506415&channelOrderNo=4200000286201901110857346593&backType=2&param1=&param2=&clientIp=24.108.188.216&currency=CAD&device=APP&channelId=WX_APP&status=2--{"payOrderId":"P00190111091130463889024789","amount":"1","mchId":"10000029","mchOrderNo":"Tuttishop_11516_1547169090","subject":"Tutti Order 11516","paySuccTime":"1547169091299","sign":"F383D178944A3619FCD25172B0506415","channelOrderNo":"4200000286201901110857346593","backType":"2","param1":"","param2":"","clientIp":"24.108.188.216","currency":"CAD","device":"APP","channelId":"WX_APP","status":"2"}
2019/01/10   05:17:29pm   Notify   54.190.29.18/notify?payOrderId=P00190111091109243628024787&amount=1&mchId=10000029&mchOrderNo=Tuttishop_11515_1547169068&subject=Tutti+Order+11515&paySuccTime=1547169070180&sign=B61970DBA132324DE945F54BD124CE0A&channelOrderNo=4200000277201901110074585939&backType=2&param1=&param2=&clientIp=24.108.188.216&currency=CAD&device=WEB&channelId=WX_NATIVE&status=2--{"payOrderId":"P00190111091109243628024787","amount":"1","mchId":"10000029","mchOrderNo":"Tuttishop_11515_1547169068","subject":"Tutti Order 11515","paySuccTime":"1547169070180","sign":"B61970DBA132324DE945F54BD124CE0A","channelOrderNo":"4200000277201901110074585939","backType":"2","param1":"","param2":"","clientIp":"24.108.188.216","currency":"CAD","device":"WEB","channelId":"WX_NATIVE","status":"2"}
2019/01/10   05:17:56pm   Notify   54.190.29.18/notify?payOrderId=P00190111091130463889024789&amount=1&mchId=10000029&mchOrderNo=Tuttishop_11516_1547169090&subject=Tutti+Order+11516&paySuccTime=1547169091299&sign=F383D178944A3619FCD25172B0506415&channelOrderNo=4200000286201901110857346593&backType=2&param1=&param2=&clientIp=24.108.188.216&currency=CAD&device=APP&channelId=WX_APP&status=2--{"payOrderId":"P00190111091130463889024789","amount":"1","mchId":"10000029","mchOrderNo":"Tuttishop_11516_1547169090","subject":"Tutti Order 11516","paySuccTime":"1547169091299","sign":"F383D178944A3619FCD25172B0506415","channelOrderNo":"4200000286201901110857346593","backType":"2","param1":"","param2":"","clientIp":"24.108.188.216","currency":"CAD","device":"APP","channelId":"WX_APP","status":"2"}
2019/01/10   05:21:31pm   Notify   54.190.29.18/notify?payOrderId=P00190111091109243628024787&amount=1&mchId=10000029&mchOrderNo=Tuttishop_11515_1547169068&subject=Tutti+Order+11515&paySuccTime=1547169070180&sign=B61970DBA132324DE945F54BD124CE0A&channelOrderNo=4200000277201901110074585939&backType=2&param1=&param2=&clientIp=24.108.188.216&currency=CAD&device=WEB&channelId=WX_NATIVE&status=2--{"payOrderId":"P00190111091109243628024787","amount":"1","mchId":"10000029","mchOrderNo":"Tuttishop_11515_1547169068","subject":"Tutti Order 11515","paySuccTime":"1547169070180","sign":"B61970DBA132324DE945F54BD124CE0A","channelOrderNo":"4200000277201901110074585939","backType":"2","param1":"","param2":"","clientIp":"24.108.188.216","currency":"CAD","device":"WEB","channelId":"WX_NATIVE","status":"2"}
2019/01/10   05:21:58pm   Notify   54.190.29.18/notify?payOrderId=P00190111091130463889024789&amount=1&mchId=10000029&mchOrderNo=Tuttishop_11516_1547169090&subject=Tutti+Order+11516&paySuccTime=1547169091299&sign=F383D178944A3619FCD25172B0506415&channelOrderNo=4200000286201901110857346593&backType=2&param1=&param2=&clientIp=24.108.188.216&currency=CAD&device=APP&channelId=WX_APP&status=2--{"payOrderId":"P00190111091130463889024789","amount":"1","mchId":"10000029","mchOrderNo":"Tuttishop_11516_1547169090","subject":"Tutti Order 11516","paySuccTime":"1547169091299","sign":"F383D178944A3619FCD25172B0506415","channelOrderNo":"4200000286201901110857346593","backType":"2","param1":"","param2":"","clientIp":"24.108.188.216","currency":"CAD","device":"APP","channelId":"WX_APP","status":"2"}
2019/01/10   05:26:32pm   Notify   54.190.29.18/notify?payOrderId=P00190111091109243628024787&amount=1&mchId=10000029&mchOrderNo=Tuttishop_11515_1547169068&subject=Tutti+Order+11515&paySuccTime=1547169070180&sign=B61970DBA132324DE945F54BD124CE0A&channelOrderNo=4200000277201901110074585939&backType=2&param1=&param2=&clientIp=24.108.188.216&currency=CAD&device=WEB&channelId=WX_NATIVE&status=2--{"payOrderId":"P00190111091109243628024787","amount":"1","mchId":"10000029","mchOrderNo":"Tuttishop_11515_1547169068","subject":"Tutti Order 11515","paySuccTime":"1547169070180","sign":"B61970DBA132324DE945F54BD124CE0A","channelOrderNo":"4200000277201901110074585939","backType":"2","param1":"","param2":"","clientIp":"24.108.188.216","currency":"CAD","device":"WEB","channelId":"WX_NATIVE","status":"2"}
2019/01/10   05:26:59pm   Notify   54.190.29.18/notify?payOrderId=P00190111091130463889024789&amount=1&mchId=10000029&mchOrderNo=Tuttishop_11516_1547169090&subject=Tutti+Order+11516&paySuccTime=1547169091299&sign=F383D178944A3619FCD25172B0506415&channelOrderNo=4200000286201901110857346593&backType=2&param1=&param2=&clientIp=24.108.188.216&currency=CAD&device=APP&channelId=WX_APP&status=2--{"payOrderId":"P00190111091130463889024789","amount":"1","mchId":"10000029","mchOrderNo":"Tuttishop_11516_1547169090","subject":"Tutti Order 11516","paySuccTime":"1547169091299","sign":"F383D178944A3619FCD25172B0506415","channelOrderNo":"4200000286201901110857346593","backType":"2","param1":"","param2":"","clientIp":"24.108.188.216","currency":"CAD","device":"APP","channelId":"WX_APP","status":"2"}
2019/01/10   06:24:11pm   Notify   54.190.29.18/notify?payOrderId=P00190111102343503361038765&amount=1&mchId=10000029&mchOrderNo=Tuttishop_11517_1547173423&subject=Tutti+Order+11517&paySuccTime=1547173424430&sign=92007B789AB61DFF7C51946C77DC4A32&channelOrderNo=4200000261201901117719647007&backType=2&param1=&param2=&clientIp=24.108.188.216&currency=CAD&device=APP&channelId=WX_APP&status=2--{"payOrderId":"P00190111102343503361038765","amount":"1","mchId":"10000029","mchOrderNo":"Tuttishop_11517_1547173423","subject":"Tutti Order 11517","paySuccTime":"1547173424430","sign":"92007B789AB61DFF7C51946C77DC4A32","channelOrderNo":"4200000261201901117719647007","backType":"2","param1":"","param2":"","clientIp":"24.108.188.216","currency":"CAD","device":"APP","channelId":"WX_APP","status":"2"}
2019/01/10   06:25:14pm   Notify   54.190.29.18/notify?payOrderId=P00190111102343503361038765&amount=1&mchId=10000029&mchOrderNo=Tuttishop_11517_1547173423&subject=Tutti+Order+11517&paySuccTime=1547173424430&sign=92007B789AB61DFF7C51946C77DC4A32&channelOrderNo=4200000261201901117719647007&backType=2&param1=&param2=&clientIp=24.108.188.216&currency=CAD&device=APP&channelId=WX_APP&status=2--{"payOrderId":"P00190111102343503361038765","amount":"1","mchId":"10000029","mchOrderNo":"Tuttishop_11517_1547173423","subject":"Tutti Order 11517","paySuccTime":"1547173424430","sign":"92007B789AB61DFF7C51946C77DC4A32","channelOrderNo":"4200000261201901117719647007","backType":"2","param1":"","param2":"","clientIp":"24.108.188.216","currency":"CAD","device":"APP","channelId":"WX_APP","status":"2"}
2019/01/10   06:27:16pm   Notify   54.190.29.18/notify?payOrderId=P00190111102343503361038765&amount=1&mchId=10000029&mchOrderNo=Tuttishop_11517_1547173423&subject=Tutti+Order+11517&paySuccTime=1547173424430&sign=92007B789AB61DFF7C51946C77DC4A32&channelOrderNo=4200000261201901117719647007&backType=2&param1=&param2=&clientIp=24.108.188.216&currency=CAD&device=APP&channelId=WX_APP&status=2--{"payOrderId":"P00190111102343503361038765","amount":"1","mchId":"10000029","mchOrderNo":"Tuttishop_11517_1547173423","subject":"Tutti Order 11517","paySuccTime":"1547173424430","sign":"92007B789AB61DFF7C51946C77DC4A32","channelOrderNo":"4200000261201901117719647007","backType":"2","param1":"","param2":"","clientIp":"24.108.188.216","currency":"CAD","device":"APP","channelId":"WX_APP","status":"2"}
2019/01/10   06:28:11pm   Notify   54.190.29.18/notify?payOrderId=P00190111102803843142024867&amount=1&mchId=10000029&mchOrderNo=Tuttishop_11518_1547173683&subject=Tutti+Order+11518&paySuccTime=1547173683859&sign=4A21A26FA2BD53BFC2796A9B0A08DA40&channelOrderNo=2019011122001388370533940685&backType=2&param1=&param2=&clientIp=24.108.188.216&currency=CAD&device=APP&channelId=ALIPAY_MOBILE&status=2--{"payOrderId":"P00190111102803843142024867","amount":"1","mchId":"10000029","mchOrderNo":"Tuttishop_11518_1547173683","subject":"Tutti Order 11518","paySuccTime":"1547173683859","sign":"4A21A26FA2BD53BFC2796A9B0A08DA40","channelOrderNo":"2019011122001388370533940685","backType":"2","param1":"","param2":"","clientIp":"24.108.188.216","currency":"CAD","device":"APP","channelId":"ALIPAY_MOBILE","status":"2"}
2019/01/10   06:29:14pm   Notify   54.190.29.18/notify?payOrderId=P00190111102803843142024867&amount=1&mchId=10000029&mchOrderNo=Tuttishop_11518_1547173683&subject=Tutti+Order+11518&paySuccTime=1547173683859&sign=4A21A26FA2BD53BFC2796A9B0A08DA40&channelOrderNo=2019011122001388370533940685&backType=2&param1=&param2=&clientIp=24.108.188.216&currency=CAD&device=APP&channelId=ALIPAY_MOBILE&status=2--{"payOrderId":"P00190111102803843142024867","amount":"1","mchId":"10000029","mchOrderNo":"Tuttishop_11518_1547173683","subject":"Tutti Order 11518","paySuccTime":"1547173683859","sign":"4A21A26FA2BD53BFC2796A9B0A08DA40","channelOrderNo":"2019011122001388370533940685","backType":"2","param1":"","param2":"","clientIp":"24.108.188.216","currency":"CAD","device":"APP","channelId":"ALIPAY_MOBILE","status":"2"}
2019/01/10   06:30:17pm   Notify   54.190.29.18/notify?payOrderId=P00190111102343503361038765&amount=1&mchId=10000029&mchOrderNo=Tuttishop_11517_1547173423&subject=Tutti+Order+11517&paySuccTime=1547173424430&sign=92007B789AB61DFF7C51946C77DC4A32&channelOrderNo=4200000261201901117719647007&backType=2&param1=&param2=&clientIp=24.108.188.216&currency=CAD&device=APP&channelId=WX_APP&status=2--{"payOrderId":"P00190111102343503361038765","amount":"1","mchId":"10000029","mchOrderNo":"Tuttishop_11517_1547173423","subject":"Tutti Order 11517","paySuccTime":"1547173424430","sign":"92007B789AB61DFF7C51946C77DC4A32","channelOrderNo":"4200000261201901117719647007","backType":"2","param1":"","param2":"","clientIp":"24.108.188.216","currency":"CAD","device":"APP","channelId":"WX_APP","status":"2"}
2019/01/10   06:31:15pm   Notify   54.190.29.18/notify?payOrderId=P00190111102803843142024867&amount=1&mchId=10000029&mchOrderNo=Tuttishop_11518_1547173683&subject=Tutti+Order+11518&paySuccTime=1547173683859&sign=4A21A26FA2BD53BFC2796A9B0A08DA40&channelOrderNo=2019011122001388370533940685&backType=2&param1=&param2=&clientIp=24.108.188.216&currency=CAD&device=APP&channelId=ALIPAY_MOBILE&status=2--{"payOrderId":"P00190111102803843142024867","amount":"1","mchId":"10000029","mchOrderNo":"Tuttishop_11518_1547173683","subject":"Tutti Order 11518","paySuccTime":"1547173683859","sign":"4A21A26FA2BD53BFC2796A9B0A08DA40","channelOrderNo":"2019011122001388370533940685","backType":"2","param1":"","param2":"","clientIp":"24.108.188.216","currency":"CAD","device":"APP","channelId":"ALIPAY_MOBILE","status":"2"}
2019/01/10   06:34:17pm   Notify   54.190.29.18/notify?payOrderId=P00190111102803843142024867&amount=1&mchId=10000029&mchOrderNo=Tuttishop_11518_1547173683&subject=Tutti+Order+11518&paySuccTime=1547173683859&sign=4A21A26FA2BD53BFC2796A9B0A08DA40&channelOrderNo=2019011122001388370533940685&backType=2&param1=&param2=&clientIp=24.108.188.216&currency=CAD&device=APP&channelId=ALIPAY_MOBILE&status=2--{"payOrderId":"P00190111102803843142024867","amount":"1","mchId":"10000029","mchOrderNo":"Tuttishop_11518_1547173683","subject":"Tutti Order 11518","paySuccTime":"1547173683859","sign":"4A21A26FA2BD53BFC2796A9B0A08DA40","channelOrderNo":"2019011122001388370533940685","backType":"2","param1":"","param2":"","clientIp":"24.108.188.216","currency":"CAD","device":"APP","channelId":"ALIPAY_MOBILE","status":"2"}
2019/01/10   06:34:19pm   Notify   54.190.29.18/notify?payOrderId=P00190111102343503361038765&amount=1&mchId=10000029&mchOrderNo=Tuttishop_11517_1547173423&subject=Tutti+Order+11517&paySuccTime=1547173424430&sign=92007B789AB61DFF7C51946C77DC4A32&channelOrderNo=4200000261201901117719647007&backType=2&param1=&param2=&clientIp=24.108.188.216&currency=CAD&device=APP&channelId=WX_APP&status=2--{"payOrderId":"P00190111102343503361038765","amount":"1","mchId":"10000029","mchOrderNo":"Tuttishop_11517_1547173423","subject":"Tutti Order 11517","paySuccTime":"1547173424430","sign":"92007B789AB61DFF7C51946C77DC4A32","channelOrderNo":"4200000261201901117719647007","backType":"2","param1":"","param2":"","clientIp":"24.108.188.216","currency":"CAD","device":"APP","channelId":"WX_APP","status":"2"}
2019/01/10   06:36:04pm   Notify   54.190.29.18/notify?payOrderId=P00190111103555853576024883&amount=1&mchId=10000029&mchOrderNo=Tuttishop_11519_1547174155&subject=Tutti+Order+11519&paySuccTime=1547174156797&sign=29C89443B67E8250F69E3CA2A570039F&channelOrderNo=4200000262201901117250207324&backType=2&param1=&param2=&clientIp=24.108.188.216&currency=CAD&device=APP&channelId=WX_APP&status=2--{"payOrderId":"P00190111103555853576024883","amount":"1","mchId":"10000029","mchOrderNo":"Tuttishop_11519_1547174155","subject":"Tutti Order 11519","paySuccTime":"1547174156797","sign":"29C89443B67E8250F69E3CA2A570039F","channelOrderNo":"4200000262201901117250207324","backType":"2","param1":"","param2":"","clientIp":"24.108.188.216","currency":"CAD","device":"APP","channelId":"WX_APP","status":"2"}
2019/01/10   06:37:07pm   Notify   54.190.29.18/notify?payOrderId=P00190111103555853576024883&amount=1&mchId=10000029&mchOrderNo=Tuttishop_11519_1547174155&subject=Tutti+Order+11519&paySuccTime=1547174156797&sign=29C89443B67E8250F69E3CA2A570039F&channelOrderNo=4200000262201901117250207324&backType=2&param1=&param2=&clientIp=24.108.188.216&currency=CAD&device=APP&channelId=WX_APP&status=2--{"payOrderId":"P00190111103555853576024883","amount":"1","mchId":"10000029","mchOrderNo":"Tuttishop_11519_1547174155","subject":"Tutti Order 11519","paySuccTime":"1547174156797","sign":"29C89443B67E8250F69E3CA2A570039F","channelOrderNo":"4200000262201901117250207324","backType":"2","param1":"","param2":"","clientIp":"24.108.188.216","currency":"CAD","device":"APP","channelId":"WX_APP","status":"2"}
2019/01/10   06:38:18pm   Notify   54.190.29.18/notify?payOrderId=P00190111102803843142024867&amount=1&mchId=10000029&mchOrderNo=Tuttishop_11518_1547173683&subject=Tutti+Order+11518&paySuccTime=1547173683859&sign=4A21A26FA2BD53BFC2796A9B0A08DA40&channelOrderNo=2019011122001388370533940685&backType=2&param1=&param2=&clientIp=24.108.188.216&currency=CAD&device=APP&channelId=ALIPAY_MOBILE&status=2--{"payOrderId":"P00190111102803843142024867","amount":"1","mchId":"10000029","mchOrderNo":"Tuttishop_11518_1547173683","subject":"Tutti Order 11518","paySuccTime":"1547173683859","sign":"4A21A26FA2BD53BFC2796A9B0A08DA40","channelOrderNo":"2019011122001388370533940685","backType":"2","param1":"","param2":"","clientIp":"24.108.188.216","currency":"CAD","device":"APP","channelId":"ALIPAY_MOBILE","status":"2"}
2019/01/10   06:39:08pm   Notify   54.190.29.18/notify?payOrderId=P00190111103555853576024883&amount=1&mchId=10000029&mchOrderNo=Tuttishop_11519_1547174155&subject=Tutti+Order+11519&paySuccTime=1547174156797&sign=29C89443B67E8250F69E3CA2A570039F&channelOrderNo=4200000262201901117250207324&backType=2&param1=&param2=&clientIp=24.108.188.216&currency=CAD&device=APP&channelId=WX_APP&status=2--{"payOrderId":"P00190111103555853576024883","amount":"1","mchId":"10000029","mchOrderNo":"Tuttishop_11519_1547174155","subject":"Tutti Order 11519","paySuccTime":"1547174156797","sign":"29C89443B67E8250F69E3CA2A570039F","channelOrderNo":"4200000262201901117250207324","backType":"2","param1":"","param2":"","clientIp":"24.108.188.216","currency":"CAD","device":"APP","channelId":"WX_APP","status":"2"}
2019/01/10   06:39:20pm   Notify   54.190.29.18/notify?payOrderId=P00190111102343503361038765&amount=1&mchId=10000029&mchOrderNo=Tuttishop_11517_1547173423&subject=Tutti+Order+11517&paySuccTime=1547173424430&sign=92007B789AB61DFF7C51946C77DC4A32&channelOrderNo=4200000261201901117719647007&backType=2&param1=&param2=&clientIp=24.108.188.216&currency=CAD&device=APP&channelId=WX_APP&status=2--{"payOrderId":"P00190111102343503361038765","amount":"1","mchId":"10000029","mchOrderNo":"Tuttishop_11517_1547173423","subject":"Tutti Order 11517","paySuccTime":"1547173424430","sign":"92007B789AB61DFF7C51946C77DC4A32","channelOrderNo":"4200000261201901117719647007","backType":"2","param1":"","param2":"","clientIp":"24.108.188.216","currency":"CAD","device":"APP","channelId":"WX_APP","status":"2"}
2019/01/10   06:42:10pm   Notify   54.190.29.18/notify?payOrderId=P00190111103555853576024883&amount=1&mchId=10000029&mchOrderNo=Tuttishop_11519_1547174155&subject=Tutti+Order+11519&paySuccTime=1547174156797&sign=29C89443B67E8250F69E3CA2A570039F&channelOrderNo=4200000262201901117250207324&backType=2&param1=&param2=&clientIp=24.108.188.216&currency=CAD&device=APP&channelId=WX_APP&status=2--{"payOrderId":"P00190111103555853576024883","amount":"1","mchId":"10000029","mchOrderNo":"Tuttishop_11519_1547174155","subject":"Tutti Order 11519","paySuccTime":"1547174156797","sign":"29C89443B67E8250F69E3CA2A570039F","channelOrderNo":"4200000262201901117250207324","backType":"2","param1":"","param2":"","clientIp":"24.108.188.216","currency":"CAD","device":"APP","channelId":"WX_APP","status":"2"}
2019/01/10   06:43:20pm   Notify   54.190.29.18/notify?payOrderId=P00190111102803843142024867&amount=1&mchId=10000029&mchOrderNo=Tuttishop_11518_1547173683&subject=Tutti+Order+11518&paySuccTime=1547173683859&sign=4A21A26FA2BD53BFC2796A9B0A08DA40&channelOrderNo=2019011122001388370533940685&backType=2&param1=&param2=&clientIp=24.108.188.216&currency=CAD&device=APP&channelId=ALIPAY_MOBILE&status=2--{"payOrderId":"P00190111102803843142024867","amount":"1","mchId":"10000029","mchOrderNo":"Tuttishop_11518_1547173683","subject":"Tutti Order 11518","paySuccTime":"1547173683859","sign":"4A21A26FA2BD53BFC2796A9B0A08DA40","channelOrderNo":"2019011122001388370533940685","backType":"2","param1":"","param2":"","clientIp":"24.108.188.216","currency":"CAD","device":"APP","channelId":"ALIPAY_MOBILE","status":"2"}
2019/01/10   06:46:11pm   Notify   54.190.29.18/notify?payOrderId=P00190111103555853576024883&amount=1&mchId=10000029&mchOrderNo=Tuttishop_11519_1547174155&subject=Tutti+Order+11519&paySuccTime=1547174156797&sign=29C89443B67E8250F69E3CA2A570039F&channelOrderNo=4200000262201901117250207324&backType=2&param1=&param2=&clientIp=24.108.188.216&currency=CAD&device=APP&channelId=WX_APP&status=2--{"payOrderId":"P00190111103555853576024883","amount":"1","mchId":"10000029","mchOrderNo":"Tuttishop_11519_1547174155","subject":"Tutti Order 11519","paySuccTime":"1547174156797","sign":"29C89443B67E8250F69E3CA2A570039F","channelOrderNo":"4200000262201901117250207324","backType":"2","param1":"","param2":"","clientIp":"24.108.188.216","currency":"CAD","device":"APP","channelId":"WX_APP","status":"2"}
2019/01/10   06:49:41pm   Notify   54.190.29.18/notify?payOrderId=P00190111104919463480038809&amount=1&mchId=10000029&mchOrderNo=Tuttishop_11520_1547174958&subject=Tutti+Order+11520&paySuccTime=1547174959477&sign=F3135D8A9A605C755E1C90A5A6FC04C6&channelOrderNo=2019011122001388370538438844&backType=2&param1=&param2=&clientIp=24.108.188.216&currency=CAD&device=WEB&channelId=ALIPAY_PC&status=2--{"payOrderId":"P00190111104919463480038809","amount":"1","mchId":"10000029","mchOrderNo":"Tuttishop_11520_1547174958","subject":"Tutti Order 11520","paySuccTime":"1547174959477","sign":"F3135D8A9A605C755E1C90A5A6FC04C6","channelOrderNo":"2019011122001388370538438844","backType":"2","param1":"","param2":"","clientIp":"24.108.188.216","currency":"CAD","device":"WEB","channelId":"ALIPAY_PC","status":"2"}
2019/01/10   06:49:45pm   Notify   54.190.29.18/notify?payOrderId=P00190111104919463480038809&amount=1&mchId=10000029&mchOrderNo=Tuttishop_11520_1547174958&subject=Tutti+Order+11520&paySuccTime=1547174981474&sign=CB6118F8AC0D6B5BC1E6812F0D885283&channelOrderNo=2019011122001388370538438844&backType=1&param1=&param2=&clientIp=24.108.188.216&currency=CAD&device=WEB&channelId=ALIPAY_PC&status=2--{"payOrderId":"P00190111104919463480038809","amount":"1","mchId":"10000029","mchOrderNo":"Tuttishop_11520_1547174958","subject":"Tutti Order 11520","paySuccTime":"1547174981474","sign":"CB6118F8AC0D6B5BC1E6812F0D885283","channelOrderNo":"2019011122001388370538438844","backType":"1","param1":"","param2":"","clientIp":"24.108.188.216","currency":"CAD","device":"WEB","channelId":"ALIPAY_PC","status":"2"}
2019/01/10   06:50:43pm   Notify   54.190.29.18/notify?payOrderId=P00190111104919463480038809&amount=1&mchId=10000029&mchOrderNo=Tuttishop_11520_1547174958&subject=Tutti+Order+11520&paySuccTime=1547174959477&sign=F3135D8A9A605C755E1C90A5A6FC04C6&channelOrderNo=2019011122001388370538438844&backType=2&param1=&param2=&clientIp=24.108.188.216&currency=CAD&device=WEB&channelId=ALIPAY_PC&status=2--{"payOrderId":"P00190111104919463480038809","amount":"1","mchId":"10000029","mchOrderNo":"Tuttishop_11520_1547174958","subject":"Tutti Order 11520","paySuccTime":"1547174959477","sign":"F3135D8A9A605C755E1C90A5A6FC04C6","channelOrderNo":"2019011122001388370538438844","backType":"2","param1":"","param2":"","clientIp":"24.108.188.216","currency":"CAD","device":"WEB","channelId":"ALIPAY_PC","status":"2"}
2019/01/10   06:51:13pm   Notify   54.190.29.18/notify?payOrderId=P00190111103555853576024883&amount=1&mchId=10000029&mchOrderNo=Tuttishop_11519_1547174155&subject=Tutti+Order+11519&paySuccTime=1547174156797&sign=29C89443B67E8250F69E3CA2A570039F&channelOrderNo=4200000262201901117250207324&backType=2&param1=&param2=&clientIp=24.108.188.216&currency=CAD&device=APP&channelId=WX_APP&status=2--{"payOrderId":"P00190111103555853576024883","amount":"1","mchId":"10000029","mchOrderNo":"Tuttishop_11519_1547174155","subject":"Tutti Order 11519","paySuccTime":"1547174156797","sign":"29C89443B67E8250F69E3CA2A570039F","channelOrderNo":"4200000262201901117250207324","backType":"2","param1":"","param2":"","clientIp":"24.108.188.216","currency":"CAD","device":"APP","channelId":"WX_APP","status":"2"}
2019/01/10   06:52:45pm   Notify   54.190.29.18/notify?payOrderId=P00190111104919463480038809&amount=1&mchId=10000029&mchOrderNo=Tuttishop_11520_1547174958&subject=Tutti+Order+11520&paySuccTime=1547174959477&sign=F3135D8A9A605C755E1C90A5A6FC04C6&channelOrderNo=2019011122001388370538438844&backType=2&param1=&param2=&clientIp=24.108.188.216&currency=CAD&device=WEB&channelId=ALIPAY_PC&status=2--{"payOrderId":"P00190111104919463480038809","amount":"1","mchId":"10000029","mchOrderNo":"Tuttishop_11520_1547174958","subject":"Tutti Order 11520","paySuccTime":"1547174959477","sign":"F3135D8A9A605C755E1C90A5A6FC04C6","channelOrderNo":"2019011122001388370538438844","backType":"2","param1":"","param2":"","clientIp":"24.108.188.216","currency":"CAD","device":"WEB","channelId":"ALIPAY_PC","status":"2"}
2019/01/10   06:55:46pm   Notify   54.190.29.18/notify?payOrderId=P00190111104919463480038809&amount=1&mchId=10000029&mchOrderNo=Tuttishop_11520_1547174958&subject=Tutti+Order+11520&paySuccTime=1547174959477&sign=F3135D8A9A605C755E1C90A5A6FC04C6&channelOrderNo=2019011122001388370538438844&backType=2&param1=&param2=&clientIp=24.108.188.216&currency=CAD&device=WEB&channelId=ALIPAY_PC&status=2--{"payOrderId":"P00190111104919463480038809","amount":"1","mchId":"10000029","mchOrderNo":"Tuttishop_11520_1547174958","subject":"Tutti Order 11520","paySuccTime":"1547174959477","sign":"F3135D8A9A605C755E1C90A5A6FC04C6","channelOrderNo":"2019011122001388370538438844","backType":"2","param1":"","param2":"","clientIp":"24.108.188.216","currency":"CAD","device":"WEB","channelId":"ALIPAY_PC","status":"2"}
2019/01/10   06:59:48pm   Notify   54.190.29.18/notify?payOrderId=P00190111104919463480038809&amount=1&mchId=10000029&mchOrderNo=Tuttishop_11520_1547174958&subject=Tutti+Order+11520&paySuccTime=1547174959477&sign=F3135D8A9A605C755E1C90A5A6FC04C6&channelOrderNo=2019011122001388370538438844&backType=2&param1=&param2=&clientIp=24.108.188.216&currency=CAD&device=WEB&channelId=ALIPAY_PC&status=2--{"payOrderId":"P00190111104919463480038809","amount":"1","mchId":"10000029","mchOrderNo":"Tuttishop_11520_1547174958","subject":"Tutti Order 11520","paySuccTime":"1547174959477","sign":"F3135D8A9A605C755E1C90A5A6FC04C6","channelOrderNo":"2019011122001388370538438844","backType":"2","param1":"","param2":"","clientIp":"24.108.188.216","currency":"CAD","device":"WEB","channelId":"ALIPAY_PC","status":"2"}
2019/01/10   07:04:00pm   Notify   54.190.29.18/notify?payOrderId=P00190111110341973324024917&amount=1&mchId=10000029&mchOrderNo=Tuttishop_11522_1547175821&subject=Tutti+Order+11522&paySuccTime=1547175822892&sign=46020292D3B3B25F55EC0C809AC78FF7&channelOrderNo=4200000278201901114514674312&backType=2&param1=&param2=&clientIp=24.108.188.216&currency=CAD&device=WEB&channelId=WX_NATIVE&status=2--{"payOrderId":"P00190111110341973324024917","amount":"1","mchId":"10000029","mchOrderNo":"Tuttishop_11522_1547175821","subject":"Tutti Order 11522","paySuccTime":"1547175822892","sign":"46020292D3B3B25F55EC0C809AC78FF7","channelOrderNo":"4200000278201901114514674312","backType":"2","param1":"","param2":"","clientIp":"24.108.188.216","currency":"CAD","device":"WEB","channelId":"WX_NATIVE","status":"2"}
2019/01/10   07:04:49pm   Notify   54.190.29.18/notify?payOrderId=P00190111104919463480038809&amount=1&mchId=10000029&mchOrderNo=Tuttishop_11520_1547174958&subject=Tutti+Order+11520&paySuccTime=1547174959477&sign=F3135D8A9A605C755E1C90A5A6FC04C6&channelOrderNo=2019011122001388370538438844&backType=2&param1=&param2=&clientIp=24.108.188.216&currency=CAD&device=WEB&channelId=ALIPAY_PC&status=2--{"payOrderId":"P00190111104919463480038809","amount":"1","mchId":"10000029","mchOrderNo":"Tuttishop_11520_1547174958","subject":"Tutti Order 11520","paySuccTime":"1547174959477","sign":"F3135D8A9A605C755E1C90A5A6FC04C6","channelOrderNo":"2019011122001388370538438844","backType":"2","param1":"","param2":"","clientIp":"24.108.188.216","currency":"CAD","device":"WEB","channelId":"ALIPAY_PC","status":"2"}
2019/01/10   07:05:03pm   Notify   54.190.29.18/notify?payOrderId=P00190111110341973324024917&amount=1&mchId=10000029&mchOrderNo=Tuttishop_11522_1547175821&subject=Tutti+Order+11522&paySuccTime=1547175822892&sign=46020292D3B3B25F55EC0C809AC78FF7&channelOrderNo=4200000278201901114514674312&backType=2&param1=&param2=&clientIp=24.108.188.216&currency=CAD&device=WEB&channelId=WX_NATIVE&status=2--{"payOrderId":"P00190111110341973324024917","amount":"1","mchId":"10000029","mchOrderNo":"Tuttishop_11522_1547175821","subject":"Tutti Order 11522","paySuccTime":"1547175822892","sign":"46020292D3B3B25F55EC0C809AC78FF7","channelOrderNo":"4200000278201901114514674312","backType":"2","param1":"","param2":"","clientIp":"24.108.188.216","currency":"CAD","device":"WEB","channelId":"WX_NATIVE","status":"2"}
2019/01/10   07:07:04pm   Notify   54.190.29.18/notify?payOrderId=P00190111110341973324024917&amount=1&mchId=10000029&mchOrderNo=Tuttishop_11522_1547175821&subject=Tutti+Order+11522&paySuccTime=1547175822892&sign=46020292D3B3B25F55EC0C809AC78FF7&channelOrderNo=4200000278201901114514674312&backType=2&param1=&param2=&clientIp=24.108.188.216&currency=CAD&device=WEB&channelId=WX_NATIVE&status=2--{"payOrderId":"P00190111110341973324024917","amount":"1","mchId":"10000029","mchOrderNo":"Tuttishop_11522_1547175821","subject":"Tutti Order 11522","paySuccTime":"1547175822892","sign":"46020292D3B3B25F55EC0C809AC78FF7","channelOrderNo":"4200000278201901114514674312","backType":"2","param1":"","param2":"","clientIp":"24.108.188.216","currency":"CAD","device":"WEB","channelId":"WX_NATIVE","status":"2"}
2019/01/10   07:10:06pm   Notify   54.190.29.18/notify?payOrderId=P00190111110341973324024917&amount=1&mchId=10000029&mchOrderNo=Tuttishop_11522_1547175821&subject=Tutti+Order+11522&paySuccTime=1547175822892&sign=46020292D3B3B25F55EC0C809AC78FF7&channelOrderNo=4200000278201901114514674312&backType=2&param1=&param2=&clientIp=24.108.188.216&currency=CAD&device=WEB&channelId=WX_NATIVE&status=2--{"payOrderId":"P00190111110341973324024917","amount":"1","mchId":"10000029","mchOrderNo":"Tuttishop_11522_1547175821","subject":"Tutti Order 11522","paySuccTime":"1547175822892","sign":"46020292D3B3B25F55EC0C809AC78FF7","channelOrderNo":"4200000278201901114514674312","backType":"2","param1":"","param2":"","clientIp":"24.108.188.216","currency":"CAD","device":"WEB","channelId":"WX_NATIVE","status":"2"}
2019/01/10   07:14:07pm   Notify   54.190.29.18/notify?payOrderId=P00190111110341973324024917&amount=1&mchId=10000029&mchOrderNo=Tuttishop_11522_1547175821&subject=Tutti+Order+11522&paySuccTime=1547175822892&sign=46020292D3B3B25F55EC0C809AC78FF7&channelOrderNo=4200000278201901114514674312&backType=2&param1=&param2=&clientIp=24.108.188.216&currency=CAD&device=WEB&channelId=WX_NATIVE&status=2--{"payOrderId":"P00190111110341973324024917","amount":"1","mchId":"10000029","mchOrderNo":"Tuttishop_11522_1547175821","subject":"Tutti Order 11522","paySuccTime":"1547175822892","sign":"46020292D3B3B25F55EC0C809AC78FF7","channelOrderNo":"4200000278201901114514674312","backType":"2","param1":"","param2":"","clientIp":"24.108.188.216","currency":"CAD","device":"WEB","channelId":"WX_NATIVE","status":"2"}
2019/01/10   07:19:09pm   Notify   54.190.29.18/notify?payOrderId=P00190111110341973324024917&amount=1&mchId=10000029&mchOrderNo=Tuttishop_11522_1547175821&subject=Tutti+Order+11522&paySuccTime=1547175822892&sign=46020292D3B3B25F55EC0C809AC78FF7&channelOrderNo=4200000278201901114514674312&backType=2&param1=&param2=&clientIp=24.108.188.216&currency=CAD&device=WEB&channelId=WX_NATIVE&status=2--{"payOrderId":"P00190111110341973324024917","amount":"1","mchId":"10000029","mchOrderNo":"Tuttishop_11522_1547175821","subject":"Tutti Order 11522","paySuccTime":"1547175822892","sign":"46020292D3B3B25F55EC0C809AC78FF7","channelOrderNo":"4200000278201901114514674312","backType":"2","param1":"","param2":"","clientIp":"24.108.188.216","currency":"CAD","device":"WEB","channelId":"WX_NATIVE","status":"2"}
2019/01/11   02:34:38pm   Notify   54.190.29.18/notify?payOrderId=P00190112063430303679025384&amount=1&mchId=10000029&mchOrderNo=Tuttishop_11524_1547246069&subject=Tutti+Order+11524&paySuccTime=1547246071238&sign=4F7D3E44B5A7FBCE436D537A73BB11D7&channelOrderNo=4200000279201901128857266484&backType=2&param1=&param2=&clientIp=24.108.188.216&currency=CAD&device=APP&channelId=WX_APP&status=2--{"payOrderId":"P00190112063430303679025384","amount":"1","mchId":"10000029","mchOrderNo":"Tuttishop_11524_1547246069","subject":"Tutti Order 11524","paySuccTime":"1547246071238","sign":"4F7D3E44B5A7FBCE436D537A73BB11D7","channelOrderNo":"4200000279201901128857266484","backType":"2","param1":"","param2":"","clientIp":"24.108.188.216","currency":"CAD","device":"APP","channelId":"WX_APP","status":"2"}
2019/01/11   02:35:41pm   Notify   54.190.29.18/notify?payOrderId=P00190112063430303679025384&amount=1&mchId=10000029&mchOrderNo=Tuttishop_11524_1547246069&subject=Tutti+Order+11524&paySuccTime=1547246071238&sign=4F7D3E44B5A7FBCE436D537A73BB11D7&channelOrderNo=4200000279201901128857266484&backType=2&param1=&param2=&clientIp=24.108.188.216&currency=CAD&device=APP&channelId=WX_APP&status=2--{"payOrderId":"P00190112063430303679025384","amount":"1","mchId":"10000029","mchOrderNo":"Tuttishop_11524_1547246069","subject":"Tutti Order 11524","paySuccTime":"1547246071238","sign":"4F7D3E44B5A7FBCE436D537A73BB11D7","channelOrderNo":"4200000279201901128857266484","backType":"2","param1":"","param2":"","clientIp":"24.108.188.216","currency":"CAD","device":"APP","channelId":"WX_APP","status":"2"}
2019/01/11   02:37:43pm   Notify   54.190.29.18/notify?payOrderId=P00190112063430303679025384&amount=1&mchId=10000029&mchOrderNo=Tuttishop_11524_1547246069&subject=Tutti+Order+11524&paySuccTime=1547246071238&sign=4F7D3E44B5A7FBCE436D537A73BB11D7&channelOrderNo=4200000279201901128857266484&backType=2&param1=&param2=&clientIp=24.108.188.216&currency=CAD&device=APP&channelId=WX_APP&status=2--{"payOrderId":"P00190112063430303679025384","amount":"1","mchId":"10000029","mchOrderNo":"Tuttishop_11524_1547246069","subject":"Tutti Order 11524","paySuccTime":"1547246071238","sign":"4F7D3E44B5A7FBCE436D537A73BB11D7","channelOrderNo":"4200000279201901128857266484","backType":"2","param1":"","param2":"","clientIp":"24.108.188.216","currency":"CAD","device":"APP","channelId":"WX_APP","status":"2"}
2019/01/11   02:40:44pm   Notify   54.190.29.18/notify?payOrderId=P00190112063430303679025384&amount=1&mchId=10000029&mchOrderNo=Tuttishop_11524_1547246069&subject=Tutti+Order+11524&paySuccTime=1547246071238&sign=4F7D3E44B5A7FBCE436D537A73BB11D7&channelOrderNo=4200000279201901128857266484&backType=2&param1=&param2=&clientIp=24.108.188.216&currency=CAD&device=APP&channelId=WX_APP&status=2--{"payOrderId":"P00190112063430303679025384","amount":"1","mchId":"10000029","mchOrderNo":"Tuttishop_11524_1547246069","subject":"Tutti Order 11524","paySuccTime":"1547246071238","sign":"4F7D3E44B5A7FBCE436D537A73BB11D7","channelOrderNo":"4200000279201901128857266484","backType":"2","param1":"","param2":"","clientIp":"24.108.188.216","currency":"CAD","device":"APP","channelId":"WX_APP","status":"2"}
2019/01/11   02:44:46pm   Notify   54.190.29.18/notify?payOrderId=P00190112063430303679025384&amount=1&mchId=10000029&mchOrderNo=Tuttishop_11524_1547246069&subject=Tutti+Order+11524&paySuccTime=1547246071238&sign=4F7D3E44B5A7FBCE436D537A73BB11D7&channelOrderNo=4200000279201901128857266484&backType=2&param1=&param2=&clientIp=24.108.188.216&currency=CAD&device=APP&channelId=WX_APP&status=2--{"payOrderId":"P00190112063430303679025384","amount":"1","mchId":"10000029","mchOrderNo":"Tuttishop_11524_1547246069","subject":"Tutti Order 11524","paySuccTime":"1547246071238","sign":"4F7D3E44B5A7FBCE436D537A73BB11D7","channelOrderNo":"4200000279201901128857266484","backType":"2","param1":"","param2":"","clientIp":"24.108.188.216","currency":"CAD","device":"APP","channelId":"WX_APP","status":"2"}
2019/01/11   02:49:47pm   Notify   54.190.29.18/notify?payOrderId=P00190112063430303679025384&amount=1&mchId=10000029&mchOrderNo=Tuttishop_11524_1547246069&subject=Tutti+Order+11524&paySuccTime=1547246071238&sign=4F7D3E44B5A7FBCE436D537A73BB11D7&channelOrderNo=4200000279201901128857266484&backType=2&param1=&param2=&clientIp=24.108.188.216&currency=CAD&device=APP&channelId=WX_APP&status=2--{"payOrderId":"P00190112063430303679025384","amount":"1","mchId":"10000029","mchOrderNo":"Tuttishop_11524_1547246069","subject":"Tutti Order 11524","paySuccTime":"1547246071238","sign":"4F7D3E44B5A7FBCE436D537A73BB11D7","channelOrderNo":"4200000279201901128857266484","backType":"2","param1":"","param2":"","clientIp":"24.108.188.216","currency":"CAD","device":"APP","channelId":"WX_APP","status":"2"}
2019/01/11   02:57:07pm   Notify   54.190.29.18/notify?payOrderId=P00190112065653463533025402&amount=1&mchId=10000029&mchOrderNo=Tuttishop_11526_1547247412&subject=Tutti+Order+11526&paySuccTime=1547247414377&sign=5CDD50834B868A23D0F3B4957926746D&channelOrderNo=4200000262201901125951515001&backType=2&param1=&param2=&clientIp=24.108.188.216&currency=CAD&device=WEB&channelId=WX_NATIVE&status=2--{"payOrderId":"P00190112065653463533025402","amount":"1","mchId":"10000029","mchOrderNo":"Tuttishop_11526_1547247412","subject":"Tutti Order 11526","paySuccTime":"1547247414377","sign":"5CDD50834B868A23D0F3B4957926746D","channelOrderNo":"4200000262201901125951515001","backType":"2","param1":"","param2":"","clientIp":"24.108.188.216","currency":"CAD","device":"WEB","channelId":"WX_NATIVE","status":"2"}
2019/01/11   02:58:10pm   Notify   54.190.29.18/notify?payOrderId=P00190112065653463533025402&amount=1&mchId=10000029&mchOrderNo=Tuttishop_11526_1547247412&subject=Tutti+Order+11526&paySuccTime=1547247414377&sign=5CDD50834B868A23D0F3B4957926746D&channelOrderNo=4200000262201901125951515001&backType=2&param1=&param2=&clientIp=24.108.188.216&currency=CAD&device=WEB&channelId=WX_NATIVE&status=2--{"payOrderId":"P00190112065653463533025402","amount":"1","mchId":"10000029","mchOrderNo":"Tuttishop_11526_1547247412","subject":"Tutti Order 11526","paySuccTime":"1547247414377","sign":"5CDD50834B868A23D0F3B4957926746D","channelOrderNo":"4200000262201901125951515001","backType":"2","param1":"","param2":"","clientIp":"24.108.188.216","currency":"CAD","device":"WEB","channelId":"WX_NATIVE","status":"2"}
2019/01/11   03:00:11pm   Notify   54.190.29.18/notify?payOrderId=P00190112065653463533025402&amount=1&mchId=10000029&mchOrderNo=Tuttishop_11526_1547247412&subject=Tutti+Order+11526&paySuccTime=1547247414377&sign=5CDD50834B868A23D0F3B4957926746D&channelOrderNo=4200000262201901125951515001&backType=2&param1=&param2=&clientIp=24.108.188.216&currency=CAD&device=WEB&channelId=WX_NATIVE&status=2--{"payOrderId":"P00190112065653463533025402","amount":"1","mchId":"10000029","mchOrderNo":"Tuttishop_11526_1547247412","subject":"Tutti Order 11526","paySuccTime":"1547247414377","sign":"5CDD50834B868A23D0F3B4957926746D","channelOrderNo":"4200000262201901125951515001","backType":"2","param1":"","param2":"","clientIp":"24.108.188.216","currency":"CAD","device":"WEB","channelId":"WX_NATIVE","status":"2"}
2019/01/11   03:03:13pm   Notify   54.190.29.18/notify?payOrderId=P00190112065653463533025402&amount=1&mchId=10000029&mchOrderNo=Tuttishop_11526_1547247412&subject=Tutti+Order+11526&paySuccTime=1547247414377&sign=5CDD50834B868A23D0F3B4957926746D&channelOrderNo=4200000262201901125951515001&backType=2&param1=&param2=&clientIp=24.108.188.216&currency=CAD&device=WEB&channelId=WX_NATIVE&status=2--{"payOrderId":"P00190112065653463533025402","amount":"1","mchId":"10000029","mchOrderNo":"Tuttishop_11526_1547247412","subject":"Tutti Order 11526","paySuccTime":"1547247414377","sign":"5CDD50834B868A23D0F3B4957926746D","channelOrderNo":"4200000262201901125951515001","backType":"2","param1":"","param2":"","clientIp":"24.108.188.216","currency":"CAD","device":"WEB","channelId":"WX_NATIVE","status":"2"}
2019/01/11   03:07:14pm   Notify   54.190.29.18/notify?payOrderId=P00190112065653463533025402&amount=1&mchId=10000029&mchOrderNo=Tuttishop_11526_1547247412&subject=Tutti+Order+11526&paySuccTime=1547247414377&sign=5CDD50834B868A23D0F3B4957926746D&channelOrderNo=4200000262201901125951515001&backType=2&param1=&param2=&clientIp=24.108.188.216&currency=CAD&device=WEB&channelId=WX_NATIVE&status=2--{"payOrderId":"P00190112065653463533025402","amount":"1","mchId":"10000029","mchOrderNo":"Tuttishop_11526_1547247412","subject":"Tutti Order 11526","paySuccTime":"1547247414377","sign":"5CDD50834B868A23D0F3B4957926746D","channelOrderNo":"4200000262201901125951515001","backType":"2","param1":"","param2":"","clientIp":"24.108.188.216","currency":"CAD","device":"WEB","channelId":"WX_NATIVE","status":"2"}
2019/01/11   03:12:16pm   Notify   54.190.29.18/notify?payOrderId=P00190112065653463533025402&amount=1&mchId=10000029&mchOrderNo=Tuttishop_11526_1547247412&subject=Tutti+Order+11526&paySuccTime=1547247414377&sign=5CDD50834B868A23D0F3B4957926746D&channelOrderNo=4200000262201901125951515001&backType=2&param1=&param2=&clientIp=24.108.188.216&currency=CAD&device=WEB&channelId=WX_NATIVE&status=2--{"payOrderId":"P00190112065653463533025402","amount":"1","mchId":"10000029","mchOrderNo":"Tuttishop_11526_1547247412","subject":"Tutti Order 11526","paySuccTime":"1547247414377","sign":"5CDD50834B868A23D0F3B4957926746D","channelOrderNo":"4200000262201901125951515001","backType":"2","param1":"","param2":"","clientIp":"24.108.188.216","currency":"CAD","device":"WEB","channelId":"WX_NATIVE","status":"2"}
2019/01/11   03:34:44pm   Notify   54.190.29.18/notify?payOrderId=P00190112073426503243025466&amount=1&mchId=10000029&mchOrderNo=Tuttishop_11534_1547249666&subject=Tutti+Order+11534&paySuccTime=1547249666511&sign=8E8AC13BB3AEAAE26A81F86BA7475465&channelOrderNo=2019011222001388370541860270&backType=2&param1=&param2=&clientIp=24.108.188.216&currency=CAD&device=WEB&channelId=ALIPAY_PC&status=2--{"payOrderId":"P00190112073426503243025466","amount":"1","mchId":"10000029","mchOrderNo":"Tuttishop_11534_1547249666","subject":"Tutti Order 11534","paySuccTime":"1547249666511","sign":"8E8AC13BB3AEAAE26A81F86BA7475465","channelOrderNo":"2019011222001388370541860270","backType":"2","param1":"","param2":"","clientIp":"24.108.188.216","currency":"CAD","device":"WEB","channelId":"ALIPAY_PC","status":"2"}
2019/01/11   03:34:53pm   Notify   54.190.29.18/notify?payOrderId=P00190112073426503243025466&amount=1&mchId=10000029&mchOrderNo=Tuttishop_11534_1547249666&subject=Tutti+Order+11534&paySuccTime=1547249684385&sign=B5C1AE6D1013B01A6F47C887869946FB&channelOrderNo=2019011222001388370541860270&backType=1&param1=&param2=&clientIp=24.108.188.216&currency=CAD&device=WEB&channelId=ALIPAY_PC&status=2--{"payOrderId":"P00190112073426503243025466","amount":"1","mchId":"10000029","mchOrderNo":"Tuttishop_11534_1547249666","subject":"Tutti Order 11534","paySuccTime":"1547249684385","sign":"B5C1AE6D1013B01A6F47C887869946FB","channelOrderNo":"2019011222001388370541860270","backType":"1","param1":"","param2":"","clientIp":"24.108.188.216","currency":"CAD","device":"WEB","channelId":"ALIPAY_PC","status":"2"}
2019/01/11   03:35:48pm   Notify   54.190.29.18/notify?payOrderId=P00190112073426503243025466&amount=1&mchId=10000029&mchOrderNo=Tuttishop_11534_1547249666&subject=Tutti+Order+11534&paySuccTime=1547249666511&sign=8E8AC13BB3AEAAE26A81F86BA7475465&channelOrderNo=2019011222001388370541860270&backType=2&param1=&param2=&clientIp=24.108.188.216&currency=CAD&device=WEB&channelId=ALIPAY_PC&status=2--{"payOrderId":"P00190112073426503243025466","amount":"1","mchId":"10000029","mchOrderNo":"Tuttishop_11534_1547249666","subject":"Tutti Order 11534","paySuccTime":"1547249666511","sign":"8E8AC13BB3AEAAE26A81F86BA7475465","channelOrderNo":"2019011222001388370541860270","backType":"2","param1":"","param2":"","clientIp":"24.108.188.216","currency":"CAD","device":"WEB","channelId":"ALIPAY_PC","status":"2"}
2019/01/11   03:37:49pm   Notify   54.190.29.18/notify?payOrderId=P00190112073426503243025466&amount=1&mchId=10000029&mchOrderNo=Tuttishop_11534_1547249666&subject=Tutti+Order+11534&paySuccTime=1547249666511&sign=8E8AC13BB3AEAAE26A81F86BA7475465&channelOrderNo=2019011222001388370541860270&backType=2&param1=&param2=&clientIp=24.108.188.216&currency=CAD&device=WEB&channelId=ALIPAY_PC&status=2--{"payOrderId":"P00190112073426503243025466","amount":"1","mchId":"10000029","mchOrderNo":"Tuttishop_11534_1547249666","subject":"Tutti Order 11534","paySuccTime":"1547249666511","sign":"8E8AC13BB3AEAAE26A81F86BA7475465","channelOrderNo":"2019011222001388370541860270","backType":"2","param1":"","param2":"","clientIp":"24.108.188.216","currency":"CAD","device":"WEB","channelId":"ALIPAY_PC","status":"2"}
2019/01/11   03:40:51pm   Notify   54.190.29.18/notify?payOrderId=P00190112073426503243025466&amount=1&mchId=10000029&mchOrderNo=Tuttishop_11534_1547249666&subject=Tutti+Order+11534&paySuccTime=1547249666511&sign=8E8AC13BB3AEAAE26A81F86BA7475465&channelOrderNo=2019011222001388370541860270&backType=2&param1=&param2=&clientIp=24.108.188.216&currency=CAD&device=WEB&channelId=ALIPAY_PC&status=2--{"payOrderId":"P00190112073426503243025466","amount":"1","mchId":"10000029","mchOrderNo":"Tuttishop_11534_1547249666","subject":"Tutti Order 11534","paySuccTime":"1547249666511","sign":"8E8AC13BB3AEAAE26A81F86BA7475465","channelOrderNo":"2019011222001388370541860270","backType":"2","param1":"","param2":"","clientIp":"24.108.188.216","currency":"CAD","device":"WEB","channelId":"ALIPAY_PC","status":"2"}
2019/01/11   03:44:52pm   Notify   54.190.29.18/notify?payOrderId=P00190112073426503243025466&amount=1&mchId=10000029&mchOrderNo=Tuttishop_11534_1547249666&subject=Tutti+Order+11534&paySuccTime=1547249666511&sign=8E8AC13BB3AEAAE26A81F86BA7475465&channelOrderNo=2019011222001388370541860270&backType=2&param1=&param2=&clientIp=24.108.188.216&currency=CAD&device=WEB&channelId=ALIPAY_PC&status=2--{"payOrderId":"P00190112073426503243025466","amount":"1","mchId":"10000029","mchOrderNo":"Tuttishop_11534_1547249666","subject":"Tutti Order 11534","paySuccTime":"1547249666511","sign":"8E8AC13BB3AEAAE26A81F86BA7475465","channelOrderNo":"2019011222001388370541860270","backType":"2","param1":"","param2":"","clientIp":"24.108.188.216","currency":"CAD","device":"WEB","channelId":"ALIPAY_PC","status":"2"}
2019/01/11   03:49:54pm   Notify   54.190.29.18/notify?payOrderId=P00190112073426503243025466&amount=1&mchId=10000029&mchOrderNo=Tuttishop_11534_1547249666&subject=Tutti+Order+11534&paySuccTime=1547249666511&sign=8E8AC13BB3AEAAE26A81F86BA7475465&channelOrderNo=2019011222001388370541860270&backType=2&param1=&param2=&clientIp=24.108.188.216&currency=CAD&device=WEB&channelId=ALIPAY_PC&status=2--{"payOrderId":"P00190112073426503243025466","amount":"1","mchId":"10000029","mchOrderNo":"Tuttishop_11534_1547249666","subject":"Tutti Order 11534","paySuccTime":"1547249666511","sign":"8E8AC13BB3AEAAE26A81F86BA7475465","channelOrderNo":"2019011222001388370541860270","backType":"2","param1":"","param2":"","clientIp":"24.108.188.216","currency":"CAD","device":"WEB","channelId":"ALIPAY_PC","status":"2"}
2019/01/11   03:53:05pm   Notify   54.190.29.18/notify?payOrderId=P00190112075257193921039725&amount=1&mchId=10000029&mchOrderNo=Tuttishop_11535_1547250776&subject=Tutti+Order+11535&paySuccTime=1547250778113&sign=7953A52B74A2513F99BCE211A24A034C&channelOrderNo=4200000279201901126355158002&backType=2&param1=&param2=&clientIp=24.108.188.216&currency=CAD&device=APP&channelId=WX_APP&status=2--{"payOrderId":"P00190112075257193921039725","amount":"1","mchId":"10000029","mchOrderNo":"Tuttishop_11535_1547250776","subject":"Tutti Order 11535","paySuccTime":"1547250778113","sign":"7953A52B74A2513F99BCE211A24A034C","channelOrderNo":"4200000279201901126355158002","backType":"2","param1":"","param2":"","clientIp":"24.108.188.216","currency":"CAD","device":"APP","channelId":"WX_APP","status":"2"}
2019/01/11   03:54:07pm   Notify   54.190.29.18/notify?payOrderId=P00190112075257193921039725&amount=1&mchId=10000029&mchOrderNo=Tuttishop_11535_1547250776&subject=Tutti+Order+11535&paySuccTime=1547250778113&sign=7953A52B74A2513F99BCE211A24A034C&channelOrderNo=4200000279201901126355158002&backType=2&param1=&param2=&clientIp=24.108.188.216&currency=CAD&device=APP&channelId=WX_APP&status=2--{"payOrderId":"P00190112075257193921039725","amount":"1","mchId":"10000029","mchOrderNo":"Tuttishop_11535_1547250776","subject":"Tutti Order 11535","paySuccTime":"1547250778113","sign":"7953A52B74A2513F99BCE211A24A034C","channelOrderNo":"4200000279201901126355158002","backType":"2","param1":"","param2":"","clientIp":"24.108.188.216","currency":"CAD","device":"APP","channelId":"WX_APP","status":"2"}
2019/01/11   03:56:08pm   Notify   54.190.29.18/notify?payOrderId=P00190112075257193921039725&amount=1&mchId=10000029&mchOrderNo=Tuttishop_11535_1547250776&subject=Tutti+Order+11535&paySuccTime=1547250778113&sign=7953A52B74A2513F99BCE211A24A034C&channelOrderNo=4200000279201901126355158002&backType=2&param1=&param2=&clientIp=24.108.188.216&currency=CAD&device=APP&channelId=WX_APP&status=2--{"payOrderId":"P00190112075257193921039725","amount":"1","mchId":"10000029","mchOrderNo":"Tuttishop_11535_1547250776","subject":"Tutti Order 11535","paySuccTime":"1547250778113","sign":"7953A52B74A2513F99BCE211A24A034C","channelOrderNo":"4200000279201901126355158002","backType":"2","param1":"","param2":"","clientIp":"24.108.188.216","currency":"CAD","device":"APP","channelId":"WX_APP","status":"2"}
2019/01/11   03:59:10pm   Notify   54.190.29.18/notify?payOrderId=P00190112075257193921039725&amount=1&mchId=10000029&mchOrderNo=Tuttishop_11535_1547250776&subject=Tutti+Order+11535&paySuccTime=1547250778113&sign=7953A52B74A2513F99BCE211A24A034C&channelOrderNo=4200000279201901126355158002&backType=2&param1=&param2=&clientIp=24.108.188.216&currency=CAD&device=APP&channelId=WX_APP&status=2--{"payOrderId":"P00190112075257193921039725","amount":"1","mchId":"10000029","mchOrderNo":"Tuttishop_11535_1547250776","subject":"Tutti Order 11535","paySuccTime":"1547250778113","sign":"7953A52B74A2513F99BCE211A24A034C","channelOrderNo":"4200000279201901126355158002","backType":"2","param1":"","param2":"","clientIp":"24.108.188.216","currency":"CAD","device":"APP","channelId":"WX_APP","status":"2"}
2019/01/11   04:03:11pm   Notify   54.190.29.18/notify?payOrderId=P00190112075257193921039725&amount=1&mchId=10000029&mchOrderNo=Tuttishop_11535_1547250776&subject=Tutti+Order+11535&paySuccTime=1547250778113&sign=7953A52B74A2513F99BCE211A24A034C&channelOrderNo=4200000279201901126355158002&backType=2&param1=&param2=&clientIp=24.108.188.216&currency=CAD&device=APP&channelId=WX_APP&status=2--{"payOrderId":"P00190112075257193921039725","amount":"1","mchId":"10000029","mchOrderNo":"Tuttishop_11535_1547250776","subject":"Tutti Order 11535","paySuccTime":"1547250778113","sign":"7953A52B74A2513F99BCE211A24A034C","channelOrderNo":"4200000279201901126355158002","backType":"2","param1":"","param2":"","clientIp":"24.108.188.216","currency":"CAD","device":"APP","channelId":"WX_APP","status":"2"}
2019/01/11   04:08:13pm   Notify   54.190.29.18/notify?payOrderId=P00190112075257193921039725&amount=1&mchId=10000029&mchOrderNo=Tuttishop_11535_1547250776&subject=Tutti+Order+11535&paySuccTime=1547250778113&sign=7953A52B74A2513F99BCE211A24A034C&channelOrderNo=4200000279201901126355158002&backType=2&param1=&param2=&clientIp=24.108.188.216&currency=CAD&device=APP&channelId=WX_APP&status=2--{"payOrderId":"P00190112075257193921039725","amount":"1","mchId":"10000029","mchOrderNo":"Tuttishop_11535_1547250776","subject":"Tutti Order 11535","paySuccTime":"1547250778113","sign":"7953A52B74A2513F99BCE211A24A034C","channelOrderNo":"4200000279201901126355158002","backType":"2","param1":"","param2":"","clientIp":"24.108.188.216","currency":"CAD","device":"APP","channelId":"WX_APP","status":"2"}
2019/01/14   12:33:04am   Notify   54.190.29.18/notify?payOrderId=P00190114163222313795043178&amount=1&mchId=10000029&mchOrderNo=Tuttishop_11540_1547454741&subject=Tutti+Order+11540&paySuccTime=1547454742041&sign=7769736F01EE0C8180495CA280BF0BC0&channelOrderNo=2019011422001365280500856852&backType=2&param1=&param2=&clientIp=24.108.188.216&currency=CAD&device=WEB&channelId=ALIPAY_PC&status=2--{"payOrderId":"P00190114163222313795043178","amount":"1","mchId":"10000029","mchOrderNo":"Tuttishop_11540_1547454741","subject":"Tutti Order 11540","paySuccTime":"1547454742041","sign":"7769736F01EE0C8180495CA280BF0BC0","channelOrderNo":"2019011422001365280500856852","backType":"2","param1":"","param2":"","clientIp":"24.108.188.216","currency":"CAD","device":"WEB","channelId":"ALIPAY_PC","status":"2"}
2019/01/14   12:33:08am   Notify   54.190.29.18/notify?payOrderId=P00190114163222313795043178&amount=1&mchId=10000029&mchOrderNo=Tuttishop_11540_1547454741&subject=Tutti+Order+11540&paySuccTime=1547454784143&sign=C67FC40ADBDC10E05453D2D2E259681B&channelOrderNo=2019011422001365280500856852&backType=1&param1=&param2=&clientIp=24.108.188.216&currency=CAD&device=WEB&channelId=ALIPAY_PC&status=2--{"payOrderId":"P00190114163222313795043178","amount":"1","mchId":"10000029","mchOrderNo":"Tuttishop_11540_1547454741","subject":"Tutti Order 11540","paySuccTime":"1547454784143","sign":"C67FC40ADBDC10E05453D2D2E259681B","channelOrderNo":"2019011422001365280500856852","backType":"1","param1":"","param2":"","clientIp":"24.108.188.216","currency":"CAD","device":"WEB","channelId":"ALIPAY_PC","status":"2"}
2019/01/14   12:34:06am   Notify   54.190.29.18/notify?payOrderId=P00190114163222313795043178&amount=1&mchId=10000029&mchOrderNo=Tuttishop_11540_1547454741&subject=Tutti+Order+11540&paySuccTime=1547454742041&sign=7769736F01EE0C8180495CA280BF0BC0&channelOrderNo=2019011422001365280500856852&backType=2&param1=&param2=&clientIp=24.108.188.216&currency=CAD&device=WEB&channelId=ALIPAY_PC&status=2--{"payOrderId":"P00190114163222313795043178","amount":"1","mchId":"10000029","mchOrderNo":"Tuttishop_11540_1547454741","subject":"Tutti Order 11540","paySuccTime":"1547454742041","sign":"7769736F01EE0C8180495CA280BF0BC0","channelOrderNo":"2019011422001365280500856852","backType":"2","param1":"","param2":"","clientIp":"24.108.188.216","currency":"CAD","device":"WEB","channelId":"ALIPAY_PC","status":"2"}
2019/01/14   12:36:08am   Notify   54.190.29.18/notify?payOrderId=P00190114163222313795043178&amount=1&mchId=10000029&mchOrderNo=Tuttishop_11540_1547454741&subject=Tutti+Order+11540&paySuccTime=1547454742041&sign=7769736F01EE0C8180495CA280BF0BC0&channelOrderNo=2019011422001365280500856852&backType=2&param1=&param2=&clientIp=24.108.188.216&currency=CAD&device=WEB&channelId=ALIPAY_PC&status=2--{"payOrderId":"P00190114163222313795043178","amount":"1","mchId":"10000029","mchOrderNo":"Tuttishop_11540_1547454741","subject":"Tutti Order 11540","paySuccTime":"1547454742041","sign":"7769736F01EE0C8180495CA280BF0BC0","channelOrderNo":"2019011422001365280500856852","backType":"2","param1":"","param2":"","clientIp":"24.108.188.216","currency":"CAD","device":"WEB","channelId":"ALIPAY_PC","status":"2"}
2019/01/14   12:37:21am   Notify   54.190.29.18/notify?payOrderId=P00190114163703683895043179&amount=1&mchId=10000029&mchOrderNo=Tuttishop_11541_1547455023&subject=Tutti+Order+11541&paySuccTime=1547455024737&sign=DDF576AFF102EFE83FE436FCD217BA03&channelOrderNo=4200000263201901144621971449&backType=2&param1=&param2=&clientIp=24.108.188.216&currency=CAD&device=WEB&channelId=WX_NATIVE&status=2--{"payOrderId":"P00190114163703683895043179","amount":"1","mchId":"10000029","mchOrderNo":"Tuttishop_11541_1547455023","subject":"Tutti Order 11541","paySuccTime":"1547455024737","sign":"DDF576AFF102EFE83FE436FCD217BA03","channelOrderNo":"4200000263201901144621971449","backType":"2","param1":"","param2":"","clientIp":"24.108.188.216","currency":"CAD","device":"WEB","channelId":"WX_NATIVE","status":"2"}
2019/01/14   12:38:23am   Notify   54.190.29.18/notify?payOrderId=P00190114163703683895043179&amount=1&mchId=10000029&mchOrderNo=Tuttishop_11541_1547455023&subject=Tutti+Order+11541&paySuccTime=1547455024737&sign=DDF576AFF102EFE83FE436FCD217BA03&channelOrderNo=4200000263201901144621971449&backType=2&param1=&param2=&clientIp=24.108.188.216&currency=CAD&device=WEB&channelId=WX_NATIVE&status=2--{"payOrderId":"P00190114163703683895043179","amount":"1","mchId":"10000029","mchOrderNo":"Tuttishop_11541_1547455023","subject":"Tutti Order 11541","paySuccTime":"1547455024737","sign":"DDF576AFF102EFE83FE436FCD217BA03","channelOrderNo":"4200000263201901144621971449","backType":"2","param1":"","param2":"","clientIp":"24.108.188.216","currency":"CAD","device":"WEB","channelId":"WX_NATIVE","status":"2"}
2019/01/14   12:39:09am   Notify   54.190.29.18/notify?payOrderId=P00190114163222313795043178&amount=1&mchId=10000029&mchOrderNo=Tuttishop_11540_1547454741&subject=Tutti+Order+11540&paySuccTime=1547454742041&sign=7769736F01EE0C8180495CA280BF0BC0&channelOrderNo=2019011422001365280500856852&backType=2&param1=&param2=&clientIp=24.108.188.216&currency=CAD&device=WEB&channelId=ALIPAY_PC&status=2--{"payOrderId":"P00190114163222313795043178","amount":"1","mchId":"10000029","mchOrderNo":"Tuttishop_11540_1547454741","subject":"Tutti Order 11540","paySuccTime":"1547454742041","sign":"7769736F01EE0C8180495CA280BF0BC0","channelOrderNo":"2019011422001365280500856852","backType":"2","param1":"","param2":"","clientIp":"24.108.188.216","currency":"CAD","device":"WEB","channelId":"ALIPAY_PC","status":"2"}
2019/01/14   12:39:21am   Notify   54.190.29.18/notify?payOrderId=P00190114163814623761043180&amount=1&mchId=10000029&mchOrderNo=Tuttishop_11542_1547455094&subject=Tutti+Order+11542&paySuccTime=1547455094629&sign=B8511A266121522E693289CC4CCCBBEC&channelOrderNo=2019011422001365280502715180&backType=2&param1=&param2=&clientIp=24.108.188.216&currency=CAD&device=WEB&channelId=ALIPAY_PC&status=2--{"payOrderId":"P00190114163814623761043180","amount":"1","mchId":"10000029","mchOrderNo":"Tuttishop_11542_1547455094","subject":"Tutti Order 11542","paySuccTime":"1547455094629","sign":"B8511A266121522E693289CC4CCCBBEC","channelOrderNo":"2019011422001365280502715180","backType":"2","param1":"","param2":"","clientIp":"24.108.188.216","currency":"CAD","device":"WEB","channelId":"ALIPAY_PC","status":"2"}
2019/01/14   12:39:29am   Notify   54.190.29.18/notify?payOrderId=P00190114163814623761043180&amount=1&mchId=10000029&mchOrderNo=Tuttishop_11542_1547455094&subject=Tutti+Order+11542&paySuccTime=1547455161551&sign=A1070D22C901D7978940822D7525C5A3&channelOrderNo=2019011422001365280502715180&backType=1&param1=&param2=&clientIp=24.108.188.216&currency=CAD&device=WEB&channelId=ALIPAY_PC&status=2--{"payOrderId":"P00190114163814623761043180","amount":"1","mchId":"10000029","mchOrderNo":"Tuttishop_11542_1547455094","subject":"Tutti Order 11542","paySuccTime":"1547455161551","sign":"A1070D22C901D7978940822D7525C5A3","channelOrderNo":"2019011422001365280502715180","backType":"1","param1":"","param2":"","clientIp":"24.108.188.216","currency":"CAD","device":"WEB","channelId":"ALIPAY_PC","status":"2"}
2019/01/14   12:40:23am   Notify   54.190.29.18/notify?payOrderId=P00190114163814623761043180&amount=1&mchId=10000029&mchOrderNo=Tuttishop_11542_1547455094&subject=Tutti+Order+11542&paySuccTime=1547455094629&sign=B8511A266121522E693289CC4CCCBBEC&channelOrderNo=2019011422001365280502715180&backType=2&param1=&param2=&clientIp=24.108.188.216&currency=CAD&device=WEB&channelId=ALIPAY_PC&status=2--{"payOrderId":"P00190114163814623761043180","amount":"1","mchId":"10000029","mchOrderNo":"Tuttishop_11542_1547455094","subject":"Tutti Order 11542","paySuccTime":"1547455094629","sign":"B8511A266121522E693289CC4CCCBBEC","channelOrderNo":"2019011422001365280502715180","backType":"2","param1":"","param2":"","clientIp":"24.108.188.216","currency":"CAD","device":"WEB","channelId":"ALIPAY_PC","status":"2"}
2019/01/14   12:40:24am   Notify   54.190.29.18/notify?payOrderId=P00190114163703683895043179&amount=1&mchId=10000029&mchOrderNo=Tuttishop_11541_1547455023&subject=Tutti+Order+11541&paySuccTime=1547455024737&sign=DDF576AFF102EFE83FE436FCD217BA03&channelOrderNo=4200000263201901144621971449&backType=2&param1=&param2=&clientIp=24.108.188.216&currency=CAD&device=WEB&channelId=WX_NATIVE&status=2--{"payOrderId":"P00190114163703683895043179","amount":"1","mchId":"10000029","mchOrderNo":"Tuttishop_11541_1547455023","subject":"Tutti Order 11541","paySuccTime":"1547455024737","sign":"DDF576AFF102EFE83FE436FCD217BA03","channelOrderNo":"4200000263201901144621971449","backType":"2","param1":"","param2":"","clientIp":"24.108.188.216","currency":"CAD","device":"WEB","channelId":"WX_NATIVE","status":"2"}
2019/01/14   12:42:25am   Notify   54.190.29.18/notify?payOrderId=P00190114163814623761043180&amount=1&mchId=10000029&mchOrderNo=Tuttishop_11542_1547455094&subject=Tutti+Order+11542&paySuccTime=1547455094629&sign=B8511A266121522E693289CC4CCCBBEC&channelOrderNo=2019011422001365280502715180&backType=2&param1=&param2=&clientIp=24.108.188.216&currency=CAD&device=WEB&channelId=ALIPAY_PC&status=2--{"payOrderId":"P00190114163814623761043180","amount":"1","mchId":"10000029","mchOrderNo":"Tuttishop_11542_1547455094","subject":"Tutti Order 11542","paySuccTime":"1547455094629","sign":"B8511A266121522E693289CC4CCCBBEC","channelOrderNo":"2019011422001365280502715180","backType":"2","param1":"","param2":"","clientIp":"24.108.188.216","currency":"CAD","device":"WEB","channelId":"ALIPAY_PC","status":"2"}
2019/01/14   12:43:11am   Notify   54.190.29.18/notify?payOrderId=P00190114163222313795043178&amount=1&mchId=10000029&mchOrderNo=Tuttishop_11540_1547454741&subject=Tutti+Order+11540&paySuccTime=1547454742041&sign=7769736F01EE0C8180495CA280BF0BC0&channelOrderNo=2019011422001365280500856852&backType=2&param1=&param2=&clientIp=24.108.188.216&currency=CAD&device=WEB&channelId=ALIPAY_PC&status=2--{"payOrderId":"P00190114163222313795043178","amount":"1","mchId":"10000029","mchOrderNo":"Tuttishop_11540_1547454741","subject":"Tutti Order 11540","paySuccTime":"1547454742041","sign":"7769736F01EE0C8180495CA280BF0BC0","channelOrderNo":"2019011422001365280500856852","backType":"2","param1":"","param2":"","clientIp":"24.108.188.216","currency":"CAD","device":"WEB","channelId":"ALIPAY_PC","status":"2"}
2019/01/14   12:43:26am   Notify   54.190.29.18/notify?payOrderId=P00190114163703683895043179&amount=1&mchId=10000029&mchOrderNo=Tuttishop_11541_1547455023&subject=Tutti+Order+11541&paySuccTime=1547455024737&sign=DDF576AFF102EFE83FE436FCD217BA03&channelOrderNo=4200000263201901144621971449&backType=2&param1=&param2=&clientIp=24.108.188.216&currency=CAD&device=WEB&channelId=WX_NATIVE&status=2--{"payOrderId":"P00190114163703683895043179","amount":"1","mchId":"10000029","mchOrderNo":"Tuttishop_11541_1547455023","subject":"Tutti Order 11541","paySuccTime":"1547455024737","sign":"DDF576AFF102EFE83FE436FCD217BA03","channelOrderNo":"4200000263201901144621971449","backType":"2","param1":"","param2":"","clientIp":"24.108.188.216","currency":"CAD","device":"WEB","channelId":"WX_NATIVE","status":"2"}
2019/01/14   12:45:26am   Notify   54.190.29.18/notify?payOrderId=P00190114163814623761043180&amount=1&mchId=10000029&mchOrderNo=Tuttishop_11542_1547455094&subject=Tutti+Order+11542&paySuccTime=1547455094629&sign=B8511A266121522E693289CC4CCCBBEC&channelOrderNo=2019011422001365280502715180&backType=2&param1=&param2=&clientIp=24.108.188.216&currency=CAD&device=WEB&channelId=ALIPAY_PC&status=2--{"payOrderId":"P00190114163814623761043180","amount":"1","mchId":"10000029","mchOrderNo":"Tuttishop_11542_1547455094","subject":"Tutti Order 11542","paySuccTime":"1547455094629","sign":"B8511A266121522E693289CC4CCCBBEC","channelOrderNo":"2019011422001365280502715180","backType":"2","param1":"","param2":"","clientIp":"24.108.188.216","currency":"CAD","device":"WEB","channelId":"ALIPAY_PC","status":"2"}
2019/01/14   12:47:27am   Notify   54.190.29.18/notify?payOrderId=P00190114163703683895043179&amount=1&mchId=10000029&mchOrderNo=Tuttishop_11541_1547455023&subject=Tutti+Order+11541&paySuccTime=1547455024737&sign=DDF576AFF102EFE83FE436FCD217BA03&channelOrderNo=4200000263201901144621971449&backType=2&param1=&param2=&clientIp=24.108.188.216&currency=CAD&device=WEB&channelId=WX_NATIVE&status=2--{"payOrderId":"P00190114163703683895043179","amount":"1","mchId":"10000029","mchOrderNo":"Tuttishop_11541_1547455023","subject":"Tutti Order 11541","paySuccTime":"1547455024737","sign":"DDF576AFF102EFE83FE436FCD217BA03","channelOrderNo":"4200000263201901144621971449","backType":"2","param1":"","param2":"","clientIp":"24.108.188.216","currency":"CAD","device":"WEB","channelId":"WX_NATIVE","status":"2"}
2019/01/14   12:48:12am   Notify   54.190.29.18/notify?payOrderId=P00190114163222313795043178&amount=1&mchId=10000029&mchOrderNo=Tuttishop_11540_1547454741&subject=Tutti+Order+11540&paySuccTime=1547454742041&sign=7769736F01EE0C8180495CA280BF0BC0&channelOrderNo=2019011422001365280500856852&backType=2&param1=&param2=&clientIp=24.108.188.216&currency=CAD&device=WEB&channelId=ALIPAY_PC&status=2--{"payOrderId":"P00190114163222313795043178","amount":"1","mchId":"10000029","mchOrderNo":"Tuttishop_11540_1547454741","subject":"Tutti Order 11540","paySuccTime":"1547454742041","sign":"7769736F01EE0C8180495CA280BF0BC0","channelOrderNo":"2019011422001365280500856852","backType":"2","param1":"","param2":"","clientIp":"24.108.188.216","currency":"CAD","device":"WEB","channelId":"ALIPAY_PC","status":"2"}
2019/01/14   12:49:28am   Notify   54.190.29.18/notify?payOrderId=P00190114163814623761043180&amount=1&mchId=10000029&mchOrderNo=Tuttishop_11542_1547455094&subject=Tutti+Order+11542&paySuccTime=1547455094629&sign=B8511A266121522E693289CC4CCCBBEC&channelOrderNo=2019011422001365280502715180&backType=2&param1=&param2=&clientIp=24.108.188.216&currency=CAD&device=WEB&channelId=ALIPAY_PC&status=2--{"payOrderId":"P00190114163814623761043180","amount":"1","mchId":"10000029","mchOrderNo":"Tuttishop_11542_1547455094","subject":"Tutti Order 11542","paySuccTime":"1547455094629","sign":"B8511A266121522E693289CC4CCCBBEC","channelOrderNo":"2019011422001365280502715180","backType":"2","param1":"","param2":"","clientIp":"24.108.188.216","currency":"CAD","device":"WEB","channelId":"ALIPAY_PC","status":"2"}
2019/01/14   12:52:29am   Notify   54.190.29.18/notify?payOrderId=P00190114163703683895043179&amount=1&mchId=10000029&mchOrderNo=Tuttishop_11541_1547455023&subject=Tutti+Order+11541&paySuccTime=1547455024737&sign=DDF576AFF102EFE83FE436FCD217BA03&channelOrderNo=4200000263201901144621971449&backType=2&param1=&param2=&clientIp=24.108.188.216&currency=CAD&device=WEB&channelId=WX_NATIVE&status=2--{"payOrderId":"P00190114163703683895043179","amount":"1","mchId":"10000029","mchOrderNo":"Tuttishop_11541_1547455023","subject":"Tutti Order 11541","paySuccTime":"1547455024737","sign":"DDF576AFF102EFE83FE436FCD217BA03","channelOrderNo":"4200000263201901144621971449","backType":"2","param1":"","param2":"","clientIp":"24.108.188.216","currency":"CAD","device":"WEB","channelId":"WX_NATIVE","status":"2"}
2019/01/14   12:54:29am   Notify   54.190.29.18/notify?payOrderId=P00190114163814623761043180&amount=1&mchId=10000029&mchOrderNo=Tuttishop_11542_1547455094&subject=Tutti+Order+11542&paySuccTime=1547455094629&sign=B8511A266121522E693289CC4CCCBBEC&channelOrderNo=2019011422001365280502715180&backType=2&param1=&param2=&clientIp=24.108.188.216&currency=CAD&device=WEB&channelId=ALIPAY_PC&status=2--{"payOrderId":"P00190114163814623761043180","amount":"1","mchId":"10000029","mchOrderNo":"Tuttishop_11542_1547455094","subject":"Tutti Order 11542","paySuccTime":"1547455094629","sign":"B8511A266121522E693289CC4CCCBBEC","channelOrderNo":"2019011422001365280502715180","backType":"2","param1":"","param2":"","clientIp":"24.108.188.216","currency":"CAD","device":"WEB","channelId":"ALIPAY_PC","status":"2"}
2019/01/14   12:55:28am   Notify   54.190.29.18/notify?payOrderId=P00190114165521283560027776&amount=1&mchId=10000029&mchOrderNo=Tuttishop_11538_1547456119&subject=Tutti+Order+11538&paySuccTime=1547456121299&sign=B51BE2AC7379993CB0C9A2ACD6A69AB0&channelOrderNo=2019011422001388370557202684&backType=2&param1=&param2=&clientIp=24.108.188.216&currency=CAD&device=APP&channelId=ALIPAY_MOBILE&status=2--{"payOrderId":"P00190114165521283560027776","amount":"1","mchId":"10000029","mchOrderNo":"Tuttishop_11538_1547456119","subject":"Tutti Order 11538","paySuccTime":"1547456121299","sign":"B51BE2AC7379993CB0C9A2ACD6A69AB0","channelOrderNo":"2019011422001388370557202684","backType":"2","param1":"","param2":"","clientIp":"24.108.188.216","currency":"CAD","device":"APP","channelId":"ALIPAY_MOBILE","status":"2"}
2019/01/14   12:56:30am   Notify   54.190.29.18/notify?payOrderId=P00190114165521283560027776&amount=1&mchId=10000029&mchOrderNo=Tuttishop_11538_1547456119&subject=Tutti+Order+11538&paySuccTime=1547456121299&sign=B51BE2AC7379993CB0C9A2ACD6A69AB0&channelOrderNo=2019011422001388370557202684&backType=2&param1=&param2=&clientIp=24.108.188.216&currency=CAD&device=APP&channelId=ALIPAY_MOBILE&status=2--{"payOrderId":"P00190114165521283560027776","amount":"1","mchId":"10000029","mchOrderNo":"Tuttishop_11538_1547456119","subject":"Tutti Order 11538","paySuccTime":"1547456121299","sign":"B51BE2AC7379993CB0C9A2ACD6A69AB0","channelOrderNo":"2019011422001388370557202684","backType":"2","param1":"","param2":"","clientIp":"24.108.188.216","currency":"CAD","device":"APP","channelId":"ALIPAY_MOBILE","status":"2"}
2019/01/14   12:58:24am   Notify   54.190.29.18/notify?payOrderId=P00190114165809583039043181&amount=1&mchId=10000029&mchOrderNo=Tuttishop_11545_1547456289&subject=Tutti+Order+11545&paySuccTime=1547456289597&sign=627E493AF496A96716E87D1888C39DE5&channelOrderNo=2019011422001388370555212428&backType=2&param1=&param2=&clientIp=24.108.188.216&currency=CAD&device=WEB&channelId=ALIPAY_PC&status=2--{"payOrderId":"P00190114165809583039043181","amount":"1","mchId":"10000029","mchOrderNo":"Tuttishop_11545_1547456289","subject":"Tutti Order 11545","paySuccTime":"1547456289597","sign":"627E493AF496A96716E87D1888C39DE5","channelOrderNo":"2019011422001388370555212428","backType":"2","param1":"","param2":"","clientIp":"24.108.188.216","currency":"CAD","device":"WEB","channelId":"ALIPAY_PC","status":"2"}
2019/01/14   12:58:27am   Notify   54.190.29.18/notify?payOrderId=P00190114165809583039043181&amount=1&mchId=10000029&mchOrderNo=Tuttishop_11545_1547456289&subject=Tutti+Order+11545&paySuccTime=1547456304261&sign=285A96A6C79DA781D8C0963EA7DA4BAC&channelOrderNo=2019011422001388370555212428&backType=1&param1=&param2=&clientIp=24.108.188.216&currency=CAD&device=WEB&channelId=ALIPAY_PC&status=2--{"payOrderId":"P00190114165809583039043181","amount":"1","mchId":"10000029","mchOrderNo":"Tuttishop_11545_1547456289","subject":"Tutti Order 11545","paySuccTime":"1547456304261","sign":"285A96A6C79DA781D8C0963EA7DA4BAC","channelOrderNo":"2019011422001388370555212428","backType":"1","param1":"","param2":"","clientIp":"24.108.188.216","currency":"CAD","device":"WEB","channelId":"ALIPAY_PC","status":"2"}
2019/01/14   12:58:32am   Notify   54.190.29.18/notify?payOrderId=P00190114165521283560027776&amount=1&mchId=10000029&mchOrderNo=Tuttishop_11538_1547456119&subject=Tutti+Order+11538&paySuccTime=1547456121299&sign=B51BE2AC7379993CB0C9A2ACD6A69AB0&channelOrderNo=2019011422001388370557202684&backType=2&param1=&param2=&clientIp=24.108.188.216&currency=CAD&device=APP&channelId=ALIPAY_MOBILE&status=2--{"payOrderId":"P00190114165521283560027776","amount":"1","mchId":"10000029","mchOrderNo":"Tuttishop_11538_1547456119","subject":"Tutti Order 11538","paySuccTime":"1547456121299","sign":"B51BE2AC7379993CB0C9A2ACD6A69AB0","channelOrderNo":"2019011422001388370557202684","backType":"2","param1":"","param2":"","clientIp":"24.108.188.216","currency":"CAD","device":"APP","channelId":"ALIPAY_MOBILE","status":"2"}
2019/01/14   12:59:27am   Notify   54.190.29.18/notify?payOrderId=P00190114165809583039043181&amount=1&mchId=10000029&mchOrderNo=Tuttishop_11545_1547456289&subject=Tutti+Order+11545&paySuccTime=1547456289597&sign=627E493AF496A96716E87D1888C39DE5&channelOrderNo=2019011422001388370555212428&backType=2&param1=&param2=&clientIp=24.108.188.216&currency=CAD&device=WEB&channelId=ALIPAY_PC&status=2--{"payOrderId":"P00190114165809583039043181","amount":"1","mchId":"10000029","mchOrderNo":"Tuttishop_11545_1547456289","subject":"Tutti Order 11545","paySuccTime":"1547456289597","sign":"627E493AF496A96716E87D1888C39DE5","channelOrderNo":"2019011422001388370555212428","backType":"2","param1":"","param2":"","clientIp":"24.108.188.216","currency":"CAD","device":"WEB","channelId":"ALIPAY_PC","status":"2"}
2019/01/14   01:01:28am   Notify   54.190.29.18/notify?payOrderId=P00190114165809583039043181&amount=1&mchId=10000029&mchOrderNo=Tuttishop_11545_1547456289&subject=Tutti+Order+11545&paySuccTime=1547456289597&sign=627E493AF496A96716E87D1888C39DE5&channelOrderNo=2019011422001388370555212428&backType=2&param1=&param2=&clientIp=24.108.188.216&currency=CAD&device=WEB&channelId=ALIPAY_PC&status=2--{"payOrderId":"P00190114165809583039043181","amount":"1","mchId":"10000029","mchOrderNo":"Tuttishop_11545_1547456289","subject":"Tutti Order 11545","paySuccTime":"1547456289597","sign":"627E493AF496A96716E87D1888C39DE5","channelOrderNo":"2019011422001388370555212428","backType":"2","param1":"","param2":"","clientIp":"24.108.188.216","currency":"CAD","device":"WEB","channelId":"ALIPAY_PC","status":"2"}
2019/01/14   01:01:33am   Notify   54.190.29.18/notify?payOrderId=P00190114165521283560027776&amount=1&mchId=10000029&mchOrderNo=Tuttishop_11538_1547456119&subject=Tutti+Order+11538&paySuccTime=1547456121299&sign=B51BE2AC7379993CB0C9A2ACD6A69AB0&channelOrderNo=2019011422001388370557202684&backType=2&param1=&param2=&clientIp=24.108.188.216&currency=CAD&device=APP&channelId=ALIPAY_MOBILE&status=2--{"payOrderId":"P00190114165521283560027776","amount":"1","mchId":"10000029","mchOrderNo":"Tuttishop_11538_1547456119","subject":"Tutti Order 11538","paySuccTime":"1547456121299","sign":"B51BE2AC7379993CB0C9A2ACD6A69AB0","channelOrderNo":"2019011422001388370557202684","backType":"2","param1":"","param2":"","clientIp":"24.108.188.216","currency":"CAD","device":"APP","channelId":"ALIPAY_MOBILE","status":"2"}
2019/01/14   01:04:30am   Notify   54.190.29.18/notify?payOrderId=P00190114165809583039043181&amount=1&mchId=10000029&mchOrderNo=Tuttishop_11545_1547456289&subject=Tutti+Order+11545&paySuccTime=1547456289597&sign=627E493AF496A96716E87D1888C39DE5&channelOrderNo=2019011422001388370555212428&backType=2&param1=&param2=&clientIp=24.108.188.216&currency=CAD&device=WEB&channelId=ALIPAY_PC&status=2--{"payOrderId":"P00190114165809583039043181","amount":"1","mchId":"10000029","mchOrderNo":"Tuttishop_11545_1547456289","subject":"Tutti Order 11545","paySuccTime":"1547456289597","sign":"627E493AF496A96716E87D1888C39DE5","channelOrderNo":"2019011422001388370555212428","backType":"2","param1":"","param2":"","clientIp":"24.108.188.216","currency":"CAD","device":"WEB","channelId":"ALIPAY_PC","status":"2"}
2019/01/14   01:05:35am   Notify   54.190.29.18/notify?payOrderId=P00190114165521283560027776&amount=1&mchId=10000029&mchOrderNo=Tuttishop_11538_1547456119&subject=Tutti+Order+11538&paySuccTime=1547456121299&sign=B51BE2AC7379993CB0C9A2ACD6A69AB0&channelOrderNo=2019011422001388370557202684&backType=2&param1=&param2=&clientIp=24.108.188.216&currency=CAD&device=APP&channelId=ALIPAY_MOBILE&status=2--{"payOrderId":"P00190114165521283560027776","amount":"1","mchId":"10000029","mchOrderNo":"Tuttishop_11538_1547456119","subject":"Tutti Order 11538","paySuccTime":"1547456121299","sign":"B51BE2AC7379993CB0C9A2ACD6A69AB0","channelOrderNo":"2019011422001388370557202684","backType":"2","param1":"","param2":"","clientIp":"24.108.188.216","currency":"CAD","device":"APP","channelId":"ALIPAY_MOBILE","status":"2"}
2019/01/14   01:08:31am   Notify   54.190.29.18/notify?payOrderId=P00190114165809583039043181&amount=1&mchId=10000029&mchOrderNo=Tuttishop_11545_1547456289&subject=Tutti+Order+11545&paySuccTime=1547456289597&sign=627E493AF496A96716E87D1888C39DE5&channelOrderNo=2019011422001388370555212428&backType=2&param1=&param2=&clientIp=24.108.188.216&currency=CAD&device=WEB&channelId=ALIPAY_PC&status=2--{"payOrderId":"P00190114165809583039043181","amount":"1","mchId":"10000029","mchOrderNo":"Tuttishop_11545_1547456289","subject":"Tutti Order 11545","paySuccTime":"1547456289597","sign":"627E493AF496A96716E87D1888C39DE5","channelOrderNo":"2019011422001388370555212428","backType":"2","param1":"","param2":"","clientIp":"24.108.188.216","currency":"CAD","device":"WEB","channelId":"ALIPAY_PC","status":"2"}
2019/01/14   01:10:36am   Notify   54.190.29.18/notify?payOrderId=P00190114165521283560027776&amount=1&mchId=10000029&mchOrderNo=Tuttishop_11538_1547456119&subject=Tutti+Order+11538&paySuccTime=1547456121299&sign=B51BE2AC7379993CB0C9A2ACD6A69AB0&channelOrderNo=2019011422001388370557202684&backType=2&param1=&param2=&clientIp=24.108.188.216&currency=CAD&device=APP&channelId=ALIPAY_MOBILE&status=2--{"payOrderId":"P00190114165521283560027776","amount":"1","mchId":"10000029","mchOrderNo":"Tuttishop_11538_1547456119","subject":"Tutti Order 11538","paySuccTime":"1547456121299","sign":"B51BE2AC7379993CB0C9A2ACD6A69AB0","channelOrderNo":"2019011422001388370557202684","backType":"2","param1":"","param2":"","clientIp":"24.108.188.216","currency":"CAD","device":"APP","channelId":"ALIPAY_MOBILE","status":"2"}
2019/01/14   01:13:33am   Notify   54.190.29.18/notify?payOrderId=P00190114165809583039043181&amount=1&mchId=10000029&mchOrderNo=Tuttishop_11545_1547456289&subject=Tutti+Order+11545&paySuccTime=1547456289597&sign=627E493AF496A96716E87D1888C39DE5&channelOrderNo=2019011422001388370555212428&backType=2&param1=&param2=&clientIp=24.108.188.216&currency=CAD&device=WEB&channelId=ALIPAY_PC&status=2--{"payOrderId":"P00190114165809583039043181","amount":"1","mchId":"10000029","mchOrderNo":"Tuttishop_11545_1547456289","subject":"Tutti Order 11545","paySuccTime":"1547456289597","sign":"627E493AF496A96716E87D1888C39DE5","channelOrderNo":"2019011422001388370555212428","backType":"2","param1":"","param2":"","clientIp":"24.108.188.216","currency":"CAD","device":"WEB","channelId":"ALIPAY_PC","status":"2"}
2019/01/14   01:22:37am   Notify   54.190.29.18/notify?payOrderId=P00190114172222623796027778&amount=1&mchId=10000029&mchOrderNo=Tuttishop_11548_1547457742&subject=Tutti+Order+11548&paySuccTime=1547457743606&sign=F1C739406DC6E3F279B37821586C6AD4&channelOrderNo=4200000284201901149850374155&backType=2&param1=&param2=&clientIp=24.108.188.216&currency=CAD&device=WEB&channelId=WX_NATIVE&status=2--{"payOrderId":"P00190114172222623796027778","amount":"1","mchId":"10000029","mchOrderNo":"Tuttishop_11548_1547457742","subject":"Tutti Order 11548","paySuccTime":"1547457743606","sign":"F1C739406DC6E3F279B37821586C6AD4","channelOrderNo":"4200000284201901149850374155","backType":"2","param1":"","param2":"","clientIp":"24.108.188.216","currency":"CAD","device":"WEB","channelId":"WX_NATIVE","status":"2"}
2019/01/14   01:23:39am   Notify   54.190.29.18/notify?payOrderId=P00190114172222623796027778&amount=1&mchId=10000029&mchOrderNo=Tuttishop_11548_1547457742&subject=Tutti+Order+11548&paySuccTime=1547457743606&sign=F1C739406DC6E3F279B37821586C6AD4&channelOrderNo=4200000284201901149850374155&backType=2&param1=&param2=&clientIp=24.108.188.216&currency=CAD&device=WEB&channelId=WX_NATIVE&status=2--{"payOrderId":"P00190114172222623796027778","amount":"1","mchId":"10000029","mchOrderNo":"Tuttishop_11548_1547457742","subject":"Tutti Order 11548","paySuccTime":"1547457743606","sign":"F1C739406DC6E3F279B37821586C6AD4","channelOrderNo":"4200000284201901149850374155","backType":"2","param1":"","param2":"","clientIp":"24.108.188.216","currency":"CAD","device":"WEB","channelId":"WX_NATIVE","status":"2"}
2019/01/14   01:25:41am   Notify   54.190.29.18/notify?payOrderId=P00190114172222623796027778&amount=1&mchId=10000029&mchOrderNo=Tuttishop_11548_1547457742&subject=Tutti+Order+11548&paySuccTime=1547457743606&sign=F1C739406DC6E3F279B37821586C6AD4&channelOrderNo=4200000284201901149850374155&backType=2&param1=&param2=&clientIp=24.108.188.216&currency=CAD&device=WEB&channelId=WX_NATIVE&status=2--{"payOrderId":"P00190114172222623796027778","amount":"1","mchId":"10000029","mchOrderNo":"Tuttishop_11548_1547457742","subject":"Tutti Order 11548","paySuccTime":"1547457743606","sign":"F1C739406DC6E3F279B37821586C6AD4","channelOrderNo":"4200000284201901149850374155","backType":"2","param1":"","param2":"","clientIp":"24.108.188.216","currency":"CAD","device":"WEB","channelId":"WX_NATIVE","status":"2"}
2019/01/14   01:28:42am   Notify   54.190.29.18/notify?payOrderId=P00190114172222623796027778&amount=1&mchId=10000029&mchOrderNo=Tuttishop_11548_1547457742&subject=Tutti+Order+11548&paySuccTime=1547457743606&sign=F1C739406DC6E3F279B37821586C6AD4&channelOrderNo=4200000284201901149850374155&backType=2&param1=&param2=&clientIp=24.108.188.216&currency=CAD&device=WEB&channelId=WX_NATIVE&status=2--{"payOrderId":"P00190114172222623796027778","amount":"1","mchId":"10000029","mchOrderNo":"Tuttishop_11548_1547457742","subject":"Tutti Order 11548","paySuccTime":"1547457743606","sign":"F1C739406DC6E3F279B37821586C6AD4","channelOrderNo":"4200000284201901149850374155","backType":"2","param1":"","param2":"","clientIp":"24.108.188.216","currency":"CAD","device":"WEB","channelId":"WX_NATIVE","status":"2"}
2019/01/14   01:32:44am   Notify   54.190.29.18/notify?payOrderId=P00190114172222623796027778&amount=1&mchId=10000029&mchOrderNo=Tuttishop_11548_1547457742&subject=Tutti+Order+11548&paySuccTime=1547457743606&sign=F1C739406DC6E3F279B37821586C6AD4&channelOrderNo=4200000284201901149850374155&backType=2&param1=&param2=&clientIp=24.108.188.216&currency=CAD&device=WEB&channelId=WX_NATIVE&status=2--{"payOrderId":"P00190114172222623796027778","amount":"1","mchId":"10000029","mchOrderNo":"Tuttishop_11548_1547457742","subject":"Tutti Order 11548","paySuccTime":"1547457743606","sign":"F1C739406DC6E3F279B37821586C6AD4","channelOrderNo":"4200000284201901149850374155","backType":"2","param1":"","param2":"","clientIp":"24.108.188.216","currency":"CAD","device":"WEB","channelId":"WX_NATIVE","status":"2"}
2019/01/14   01:37:45am   Notify   54.190.29.18/notify?payOrderId=P00190114172222623796027778&amount=1&mchId=10000029&mchOrderNo=Tuttishop_11548_1547457742&subject=Tutti+Order+11548&paySuccTime=1547457743606&sign=F1C739406DC6E3F279B37821586C6AD4&channelOrderNo=4200000284201901149850374155&backType=2&param1=&param2=&clientIp=24.108.188.216&currency=CAD&device=WEB&channelId=WX_NATIVE&status=2--{"payOrderId":"P00190114172222623796027778","amount":"1","mchId":"10000029","mchOrderNo":"Tuttishop_11548_1547457742","subject":"Tutti Order 11548","paySuccTime":"1547457743606","sign":"F1C739406DC6E3F279B37821586C6AD4","channelOrderNo":"4200000284201901149850374155","backType":"2","param1":"","param2":"","clientIp":"24.108.188.216","currency":"CAD","device":"WEB","channelId":"WX_NATIVE","status":"2"}
2019/04/09   01:00:05am   Request   54.190.29.18/wap.php?g=Wap&c=Pay&a=WeixinAndAli--{"mchId":"10000029","mchOrderNo":"vicislandshop_11454_1554796805","channelId":"ALIPAY_WAP","currency":"CAD","amount":5192,"clientIp":"24.68.224.175","device":"WEB","notifyUrl":"https:\/\/www.tutti.app\/notify","subject":"11454","body":"vicislandshop_11454","sign":"A5EAD6E16077451D490C36BBDA87D9AE"}
